Archive member included to satisfy reference by file (symbol)

C:\Program Files (x86)\Cypress\PSoC Creator\4.4\PSoC Creator\psoc\content\CyComponentLibrary\CyComponentLibrary.cylib\CapSense_TMG_v2_0\Library\Gestures_GCC_M4.a(Gesture.o)
                              .\CortexM4\ARM_GCC_541\Debug\CapSense_TMG.o (Gesture_DecodeFlickGestures)
C:\Program Files (x86)\Cypress\PSoC Creator\4.4\PSoC Creator\psoc\content\CyComponentLibrary\CyComponentLibrary.cylib\CapSense_v3_0\Library\CapSense_Library_GCC_M4.a(CapSense_SmartSense_LL.o)
                              .\CortexM4\ARM_GCC_541\Debug\CapSense_Sensing.o (SmartSense_TunePrescalers)
C:\Program Files (x86)\Cypress\PSoC Creator\4.4\PSoC Creator\psoc\content\CyComponentLibrary\CyComponentLibrary.cylib\CapSense_v3_0\Library\CapSense_Library_GCC_M4.a(CapSense_SmartSense_SL.o)
                              .\CortexM4\ARM_GCC_541\Debug\CapSense_Processing.o (SmartSense_UpdateThresholds)
c:/program files (x86)/cypress/psoc creator/4.4/psoc creator/import/gnu/arm/5.4.1/bin/../lib/gcc/arm-none-eabi/5.4.1/../../../../arm-none-eabi/lib/armv7e-m/softfp\libm.a(lib_a-s_floor.o)
                              .\CortexM4\ARM_GCC_541\Debug\cy_sysclk.o (floor)
c:/program files (x86)/cypress/psoc creator/4.4/psoc creator/import/gnu/arm/5.4.1/bin/../lib/gcc/arm-none-eabi/5.4.1/../../../../arm-none-eabi/lib/armv7e-m/softfp\libm.a(lib_a-sf_ceil.o)
                              .\CortexM4\ARM_GCC_541\Debug\cy_sysclk.o (ceilf)
c:/program files (x86)/cypress/psoc creator/4.4/psoc creator/import/gnu/arm/5.4.1/bin/../lib/gcc/arm-none-eabi/5.4.1/../../../../arm-none-eabi/lib/armv7e-m/softfp\libm.a(lib_a-w_log.o)
                              .\CortexM4\ARM_GCC_541\Debug\cy_sysclk.o (log)
c:/program files (x86)/cypress/psoc creator/4.4/psoc creator/import/gnu/arm/5.4.1/bin/../lib/gcc/arm-none-eabi/5.4.1/../../../../arm-none-eabi/lib/armv7e-m/softfp\libm.a(lib_a-e_log.o)
                              c:/program files (x86)/cypress/psoc creator/4.4/psoc creator/import/gnu/arm/5.4.1/bin/../lib/gcc/arm-none-eabi/5.4.1/../../../../arm-none-eabi/lib/armv7e-m/softfp\libm.a(lib_a-w_log.o) (__ieee754_log)
c:/program files (x86)/cypress/psoc creator/4.4/psoc creator/import/gnu/arm/5.4.1/bin/../lib/gcc/arm-none-eabi/5.4.1/../../../../arm-none-eabi/lib/armv7e-m/softfp\libm.a(lib_a-s_lib_ver.o)
                              c:/program files (x86)/cypress/psoc creator/4.4/psoc creator/import/gnu/arm/5.4.1/bin/../lib/gcc/arm-none-eabi/5.4.1/../../../../arm-none-eabi/lib/armv7e-m/softfp\libm.a(lib_a-w_log.o) (__fdlib_version)
c:/program files (x86)/cypress/psoc creator/4.4/psoc creator/import/gnu/arm/5.4.1/bin/../lib/gcc/arm-none-eabi/5.4.1/../../../../arm-none-eabi/lib/armv7e-m/softfp\libm.a(lib_a-s_matherr.o)
                              c:/program files (x86)/cypress/psoc creator/4.4/psoc creator/import/gnu/arm/5.4.1/bin/../lib/gcc/arm-none-eabi/5.4.1/../../../../arm-none-eabi/lib/armv7e-m/softfp\libm.a(lib_a-w_log.o) (matherr)
c:/program files (x86)/cypress/psoc creator/4.4/psoc creator/import/gnu/arm/5.4.1/bin/../lib/gcc/arm-none-eabi/5.4.1/../../../../arm-none-eabi/lib/armv7e-m/softfp\libm.a(lib_a-s_nan.o)
                              c:/program files (x86)/cypress/psoc creator/4.4/psoc creator/import/gnu/arm/5.4.1/bin/../lib/gcc/arm-none-eabi/5.4.1/../../../../arm-none-eabi/lib/armv7e-m/softfp\libm.a(lib_a-w_log.o) (nan)
Generated_Source\PSoC6\pdl\middleware\emWin\libs\GCC\libemWin_osnts_gcc.a(F08_1.o)
                              .\CortexM4\ARM_GCC_541\Debug\DISPLAY.o (GUI_Font8_1)
Generated_Source\PSoC6\pdl\middleware\emWin\libs\GCC\libemWin_osnts_gcc.a(F08_ASCII.o)
                              Generated_Source\PSoC6\pdl\middleware\emWin\libs\GCC\libemWin_osnts_gcc.a(F08_1.o) (GUI_Font8ASCII_Prop)
Generated_Source\PSoC6\pdl\middleware\emWin\libs\GCC\libemWin_osnts_gcc.a(F16_1.o)
                              .\CortexM4\ARM_GCC_541\Debug\DISPLAY.o (GUI_Font16_1)
Generated_Source\PSoC6\pdl\middleware\emWin\libs\GCC\libemWin_osnts_gcc.a(F16_ASCII.o)
                              Generated_Source\PSoC6\pdl\middleware\emWin\libs\GCC\libemWin_osnts_gcc.a(F16_1.o) (GUI_Font16ASCIIProp1)
Generated_Source\PSoC6\pdl\middleware\emWin\libs\GCC\libemWin_osnts_gcc.a(F16B_1.o)
                              .\CortexM4\ARM_GCC_541\Debug\DISPLAY.o (GUI_Font16B_1)
Generated_Source\PSoC6\pdl\middleware\emWin\libs\GCC\libemWin_osnts_gcc.a(F16B_ASCII.o)
                              Generated_Source\PSoC6\pdl\middleware\emWin\libs\GCC\libemWin_osnts_gcc.a(F16B_1.o) (GUI_Font16B_ASCII_Prop1)
Generated_Source\PSoC6\pdl\middleware\emWin\libs\GCC\libemWin_osnts_gcc.a(F32B_1.o)
                              .\CortexM4\ARM_GCC_541\Debug\DISPLAY.o (GUI_Font32B_1)
Generated_Source\PSoC6\pdl\middleware\emWin\libs\GCC\libemWin_osnts_gcc.a(F32B_ASCII.o)
                              Generated_Source\PSoC6\pdl\middleware\emWin\libs\GCC\libemWin_osnts_gcc.a(F32B_1.o) (GUI_Font32B_ASCII_Prop1)
[...]
Memory Configuration

Name             Origin             Length             Attributes
ram              0x08024000         0x00023800         xrw
flash            0x10080000         0x00080000         xr
em_eeprom        0x14000000         0x00008000         xr
sflash_user_data 0x16000800         0x00000800         xr
sflash_nar       0x16001a00         0x00000200         xr
sflash_public_key 0x16005a00         0x00000c00         xr
sflash_toc_2     0x16007c00         0x00000200         xr
sflash_rtoc_2    0x16007e00         0x00000200         xr
xip              0x18000000         0x08000000         xr
efuse            0x90700000         0x00100000         r
*default*        0x00000000         0xffffffff

Linker script and memory map

LOAD c:/program files (x86)/cypress/psoc creator/4.4/psoc creator/import/gnu/arm/5.4.1/bin/../lib/gcc/arm-none-eabi/5.4.1/armv7e-m/softfp/crti.o
LOAD c:/program files (x86)/cypress/psoc creator/4.4/psoc creator/import/gnu/arm/5.4.1/bin/../lib/gcc/arm-none-eabi/5.4.1/armv7e-m/softfp/crtbegin.o
LOAD c:/program files (x86)/cypress/psoc creator/4.4/psoc creator/import/gnu/arm/5.4.1/bin/../lib/gcc/arm-none-eabi/5.4.1/../../../../arm-none-eabi/lib/armv7e-m/softfp/crt0.o
START GROUP
LOAD Generated_Source\PSoC6\pdl\middleware\emWin\libs\GCC\libemWin_osnts_gcc.a
LOAD .\CortexM4\ARM_GCC_541\Debug\startup_psoc6_01_cm4.o
LOAD .\CortexM4\ARM_GCC_541\Debug\main_cm4.o
LOAD .\CortexM4\ARM_GCC_541\Debug\system_psoc6_cm4.o
LOAD .\CortexM4\ARM_GCC_541\Debug\DISPLAY.o
LOAD .\CortexM4\ARM_GCC_541\Debug\CAPSENS.o
LOAD .\CortexM4\ARM_GCC_541\Debug\pervasive_eink_hardware_driver.o
LOAD .\CortexM4\ARM_GCC_541\Debug\cy_eink_library.o
LOAD .\CortexM4\ARM_GCC_541\Debug\cy_eink_psoc_interface.o
LOAD .\CortexM4\ARM_GCC_541\Debug\Cypress Logo Full Color_PNG_1bpp.o
LOAD .\CortexM4\ARM_GCC_541\Debug\LCDConf.o
LOAD .\CortexM4\ARM_GCC_541\Debug\GUI_X_RTOS.o
LOAD .\CortexM4\ARM_GCC_541\Debug\GUIConf.o
LOAD .\CortexM4\ARM_GCC_541\Debug\cyfitter_sysint_cfg.o
LOAD .\CortexM4\ARM_GCC_541\Debug\cymetadata.o
LOAD .\CortexM4\ARM_GCC_541\Debug\CY_EINK_SPIM.o
LOAD .\CortexM4\ARM_GCC_541\Debug\CY_EINK_Timer.o
LOAD .\CortexM4\ARM_GCC_541\Debug\cy_efuse.o
LOAD .\CortexM4\ARM_GCC_541\Debug\cy_flash.o
LOAD .\CortexM4\ARM_GCC_541\Debug\cy_gpio.o
LOAD .\CortexM4\ARM_GCC_541\Debug\cy_ipc_drv.o
LOAD .\CortexM4\ARM_GCC_541\Debug\cy_ipc_sema.o
LOAD .\CortexM4\ARM_GCC_541\Debug\cy_ipc_pipe.o
LOAD .\CortexM4\ARM_GCC_541\Debug\cy_lvd.o
LOAD .\CortexM4\ARM_GCC_541\Debug\cy_profile.o
LOAD .\CortexM4\ARM_GCC_541\Debug\cy_prot.o
LOAD .\CortexM4\ARM_GCC_541\Debug\cy_scb_common.o
LOAD .\CortexM4\ARM_GCC_541\Debug\cy_scb_i2c.o
LOAD .\CortexM4\ARM_GCC_541\Debug\cy_scb_ezi2c.o
LOAD .\CortexM4\ARM_GCC_541\Debug\cy_scb_spi.o
LOAD .\CortexM4\ARM_GCC_541\Debug\cy_scb_uart.o
LOAD .\CortexM4\ARM_GCC_541\Debug\cy_sysanalog.o
LOAD .\CortexM4\ARM_GCC_541\Debug\cy_sysclk.o
LOAD .\CortexM4\ARM_GCC_541\Debug\cy_sysint.o
LOAD .\CortexM4\ARM_GCC_541\Debug\cy_syslib.o
LOAD .\CortexM4\ARM_GCC_541\Debug\cy_syslib_gcc.o
LOAD .\CortexM4\ARM_GCC_541\Debug\cy_syspm.o
LOAD .\CortexM4\ARM_GCC_541\Debug\cy_systick.o
LOAD .\CortexM4\ARM_GCC_541\Debug\cy_tcpwm_counter.o
LOAD .\CortexM4\ARM_GCC_541\Debug\cy_tcpwm_pwm.o
LOAD .\CortexM4\ARM_GCC_541\Debug\cy_tcpwm_quaddec.o
LOAD .\CortexM4\ARM_GCC_541\Debug\cy_trigmux.o
LOAD .\CortexM4\ARM_GCC_541\Debug\cy_wdt.o
LOAD .\CortexM4\ARM_GCC_541\Debug\cy_device.o
LOAD .\CortexM4\ARM_GCC_541\Debug\cy_ble_clk.o
LOAD .\CortexM4\ARM_GCC_541\Debug\croutine.o
LOAD .\CortexM4\ARM_GCC_541\Debug\event_groups.o
LOAD .\CortexM4\ARM_GCC_541\Debug\list.o
LOAD .\CortexM4\ARM_GCC_541\Debug\queue.o
LOAD .\CortexM4\ARM_GCC_541\Debug\tasks.o
LOAD .\CortexM4\ARM_GCC_541\Debug\timers.o
LOAD .\CortexM4\ARM_GCC_541\Debug\stream_buffer.o
LOAD .\CortexM4\ARM_GCC_541\Debug\port.o
LOAD .\CortexM4\ARM_GCC_541\Debug\heap_1.o
LOAD .\CortexM4\ARM_GCC_541\Debug\CapSense_Control.o
LOAD .\CortexM4\ARM_GCC_541\Debug\CapSense_Processing.o
LOAD .\CortexM4\ARM_GCC_541\Debug\CapSense_Structure.o
LOAD .\CortexM4\ARM_GCC_541\Debug\CapSense_Tuner.o
LOAD .\CortexM4\ARM_GCC_541\Debug\CapSense_Filter.o
LOAD .\CortexM4\ARM_GCC_541\Debug\CapSense_Sensing.o
LOAD .\CortexM4\ARM_GCC_541\Debug\CapSense_INT.o
LOAD .\CortexM4\ARM_GCC_541\Debug\CapSense_SensingCSD_LL.o
LOAD .\CortexM4\ARM_GCC_541\Debug\CapSense_SensingCSX_LL.o
LOAD .\CortexM4\ARM_GCC_541\Debug\CapSense_Centroid_LL.o
LOAD .\CortexM4\ARM_GCC_541\Debug\CapSense_Gesture.o
LOAD .\CortexM4\ARM_GCC_541\Debug\CapSense_TMG.o
LOAD .\CortexM4\ARM_GCC_541\Debug\UART_1.o
LOAD C:\Program Files (x86)\Cypress\PSoC Creator\4.4\PSoC Creator\psoc\content\CyComponentLibrary\CyComponentLibrary.cylib\CapSense_TMG_v2_0\Library\Ballistic_GCC_M4.a
LOAD C:\Program Files (x86)\Cypress\PSoC Creator\4.4\PSoC Creator\psoc\content\CyComponentLibrary\CyComponentLibrary.cylib\CapSense_TMG_v2_0\Library\Gestures_GCC_M4.a
LOAD C:\Program Files (x86)\Cypress\PSoC Creator\4.4\PSoC Creator\psoc\content\CyComponentLibrary\CyComponentLibrary.cylib\CapSense_v3_0\Library\CapSense_Library_GCC_M4.a
LOAD c:/program files (x86)/cypress/psoc creator/4.4/psoc creator/import/gnu/arm/5.4.1/bin/../lib/gcc/arm-none-eabi/5.4.1/../../../../arm-none-eabi/lib/armv7e-m/softfp\libm.a
LOAD .\CMSIS\Lib\GCC\libarm_cortexM4l_math.a
END GROUP
START GROUP
LOAD c:/program files (x86)/cypress/psoc creator/4.4/psoc creator/import/gnu/arm/5.4.1/bin/../lib/gcc/arm-none-eabi/5.4.1/armv7e-m/softfp\libgcc.a
LOAD c:/program files (x86)/cypress/psoc creator/4.4/psoc creator/import/gnu/arm/5.4.1/bin/../lib/gcc/arm-none-eabi/5.4.1/../../../../arm-none-eabi/lib/armv7e-m/softfp\libg_nano.a
LOAD c:/program files (x86)/cypress/psoc creator/4.4/psoc creator/import/gnu/arm/5.4.1/bin/../lib/gcc/arm-none-eabi/5.4.1/../../../../arm-none-eabi/lib/armv7e-m/softfp\libc_nano.a
END GROUP
START GROUP
LOAD c:/program files (x86)/cypress/psoc creator/4.4/psoc creator/import/gnu/arm/5.4.1/bin/../lib/gcc/arm-none-eabi/5.4.1/armv7e-m/softfp\libgcc.a
LOAD c:/program files (x86)/cypress/psoc creator/4.4/psoc creator/import/gnu/arm/5.4.1/bin/../lib/gcc/arm-none-eabi/5.4.1/../../../../arm-none-eabi/lib/armv7e-m/softfp\libc_nano.a
END GROUP
LOAD c:/program files (x86)/cypress/psoc creator/4.4/psoc creator/import/gnu/arm/5.4.1/bin/../lib/gcc/arm-none-eabi/5.4.1/armv7e-m/softfp/crtend.o
LOAD c:/program files (x86)/cypress/psoc creator/4.4/psoc creator/import/gnu/arm/5.4.1/bin/../lib/gcc/arm-none-eabi/5.4.1/armv7e-m/softfp/crtn.o
START GROUP
LOAD c:/program files (x86)/cypress/psoc creator/4.4/psoc creator/import/gnu/arm/5.4.1/bin/../lib/gcc/arm-none-eabi/5.4.1/armv7e-m/softfp\libgcc.a
LOAD c:/program files (x86)/cypress/psoc creator/4.4/psoc creator/import/gnu/arm/5.4.1/bin/../lib/gcc/arm-none-eabi/5.4.1/../../../../arm-none-eabi/lib/armv7e-m/softfp\libc.a
LOAD c:/program files (x86)/cypress/psoc creator/4.4/psoc creator/import/gnu/arm/5.4.1/bin/../lib/gcc/arm-none-eabi/5.4.1/../../../../arm-none-eabi/lib/armv7e-m/softfp\libnosys.a
END GROUP
START GROUP
LOAD c:/program files (x86)/cypress/psoc creator/4.4/psoc creator/import/gnu/arm/5.4.1/bin/../lib/gcc/arm-none-eabi/5.4.1/armv7e-m/softfp\libgcc.a
LOAD c:/program files (x86)/cypress/psoc creator/4.4/psoc creator/import/gnu/arm/5.4.1/bin/../lib/gcc/arm-none-eabi/5.4.1/../../../../arm-none-eabi/lib/armv7e-m/softfp\libc.a
LOAD c:/program files (x86)/cypress/psoc creator/4.4/psoc creator/import/gnu/arm/5.4.1/bin/../lib/gcc/arm-none-eabi/5.4.1/../../../../arm-none-eabi/lib/armv7e-m/softfp\libm.a
LOAD c:/program files (x86)/cypress/psoc creator/4.4/psoc creator/import/gnu/arm/5.4.1/bin/../lib/gcc/arm-none-eabi/5.4.1/../../../../arm-none-eabi/lib/armv7e-m/softfp\libnosys.a
END GROUP

.text           0x10080000    0x1726c
                0x10080000                . = ALIGN (0x4)
                0x10080000                __Vectors = .
 *(.vectors)
 .vectors       0x10080000      0x28c .\CortexM4\ARM_GCC_541\Debug\startup_psoc6_01_cm4.o
                0x1008028c                . = ALIGN (0x4)
                0x1008028c                __Vectors_End = .
                0x0000028c                __Vectors_Size = (__Vectors_End - __Vectors)
                0x1008028c                __end__ = .
                0x1008028c                . = ALIGN (0x4)
 *(.text*)
 .text          0x1008028c       0x5c c:/program files (x86)/cypress/psoc creator/4.4/psoc creator/import/gnu/arm/5.4.1/bin/../lib/gcc/arm-none-eabi/5.4.1/armv7e-m/softfp/crtbegin.o
 .text          0x100802e8       0x84 .\CortexM4\ARM_GCC_541\Debug\startup_psoc6_01_cm4.o
                0x100802e8                Cy_OnResetUser
                0x100802ea                Reset_Handler
                0x1008034c                cpuss_interrupts_ipc_6_IRQHandler
                0x1008034c                DebugMon_Handler
                0x1008034c                tcpwm_1_interrupts_11_IRQHandler
                0x1008034c                cpuss_interrupts_ipc_0_IRQHandler
                0x1008034c                tcpwm_1_interrupts_15_IRQHandler
                0x1008034c                ioss_interrupts_gpio_13_IRQHandler
                0x1008034c                tcpwm_1_interrupts_13_IRQHandler
                0x1008034c                cpuss_interrupts_dw1_8_IRQHandler
                0x1008034c                tcpwm_0_interrupts_0_IRQHandler
                0x1008034c                cpuss_interrupt_fm_IRQHandler
                0x1008034c                cpuss_interrupts_ipc_7_IRQHandler
                0x1008034c                tcpwm_1_interrupts_14_IRQHandler
                0x1008034c                cpuss_interrupts_dw0_5_IRQHandler
                0x1008034c                tcpwm_1_interrupts_9_IRQHandler
                0x1008034c                cpuss_interrupts_cm0_cti_1_IRQHandler
                0x1008034c                tcpwm_1_interrupts_22_IRQHandler
                0x1008034c                cpuss_interrupts_dw0_4_IRQHandler
                0x1008034c                NMI_Handler
                0x1008034c                cpuss_interrupts_dw1_12_IRQHandler
                0x1008034c                tcpwm_1_interrupts_12_IRQHandler
                0x1008034c                smif_interrupt_IRQHandler
                0x1008034c                tcpwm_1_interrupts_2_IRQHandler
                0x1008034c                cpuss_interrupts_ipc_13_IRQHandler
                0x1008034c                udb_interrupts_11_IRQHandler
                0x1008034c                tcpwm_1_interrupts_18_IRQHandler
                0x1008034c                cpuss_interrupts_dw0_11_IRQHandler
                0x1008034c                tcpwm_0_interrupts_2_IRQHandler
                0x1008034c                cpuss_interrupts_dw0_13_IRQHandler
                0x1008034c                udb_interrupts_2_IRQHandler
                0x1008034c                cpuss_interrupts_dw1_7_IRQHandler
                0x1008034c                ioss_interrupts_gpio_1_IRQHandler
                0x1008034c                ioss_interrupts_gpio_7_IRQHandler
                0x1008034c                scb_5_interrupt_IRQHandler
                0x1008034c                udb_interrupts_6_IRQHandler
                0x1008034c                cpuss_interrupts_fault_1_IRQHandler
                0x1008034c                cpuss_interrupts_ipc_4_IRQHandler
                0x1008034c                cpuss_interrupts_ipc_5_IRQHandler
                0x1008034c                cpuss_interrupts_dw1_10_IRQHandler
                0x1008034c                udb_interrupts_0_IRQHandler
                0x1008034c                tcpwm_1_interrupts_6_IRQHandler
                0x1008034c                scb_4_interrupt_IRQHandler
                0x1008034c                pass_interrupt_dacs_IRQHandler
                0x1008034c                ioss_interrupts_gpio_2_IRQHandler
                0x1008034c                cpuss_interrupts_dw1_9_IRQHandler
                0x1008034c                cpuss_interrupts_dw1_13_IRQHandler
                0x1008034c                scb_2_interrupt_IRQHandler
                0x1008034c                cpuss_interrupts_cm0_cti_0_IRQHandler
                0x1008034c                udb_interrupts_5_IRQHandler
                0x1008034c                srss_interrupt_IRQHandler
                0x1008034c                udb_interrupts_12_IRQHandler
                0x1008034c                scb_0_interrupt_IRQHandler
                0x1008034c                csd_interrupt_IRQHandler
                0x1008034c                udb_interrupts_1_IRQHandler
                0x1008034c                profile_interrupt_IRQHandler
                0x1008034c                tcpwm_1_interrupts_1_IRQHandler
                0x1008034c                cpuss_interrupts_ipc_12_IRQHandler
                0x1008034c                tcpwm_1_interrupts_3_IRQHandler
                0x1008034c                tcpwm_0_interrupts_7_IRQHandler
                0x1008034c                cpuss_interrupts_dw1_1_IRQHandler
                0x1008034c                cpuss_interrupts_dw1_0_IRQHandler
                0x1008034c                cpuss_interrupts_dw0_9_IRQHandler
                0x1008034c                lpcomp_interrupt_IRQHandler
                0x1008034c                tcpwm_1_interrupts_23_IRQHandler
                0x1008034c                udb_interrupts_4_IRQHandler
                0x1008034c                tcpwm_1_interrupts_20_IRQHandler
                0x1008034c                ioss_interrupt_gpio_IRQHandler
                0x1008034c                tcpwm_0_interrupts_1_IRQHandler
                0x1008034c                ioss_interrupts_gpio_8_IRQHandler
                0x1008034c                tcpwm_0_interrupts_6_IRQHandler
                0x1008034c                scb_7_interrupt_IRQHandler
                0x1008034c                tcpwm_1_interrupts_7_IRQHandler
                0x1008034c                cpuss_interrupts_ipc_11_IRQHandler
                0x1008034c                udb_interrupts_13_IRQHandler
                0x1008034c                cpuss_interrupts_dw0_15_IRQHandler
                0x1008034c                udb_interrupts_7_IRQHandler
                0x1008034c                cpuss_interrupts_dw1_6_IRQHandler
                0x1008034c                cpuss_interrupt_crypto_IRQHandler
                0x1008034c                scb_1_interrupt_IRQHandler
                0x1008034c                Default_Handler
                0x1008034c                usb_interrupt_hi_IRQHandler
                0x1008034c                tcpwm_1_interrupts_0_IRQHandler
                0x1008034c                udb_interrupts_9_IRQHandler
                0x1008034c                audioss_interrupt_pdm_IRQHandler
                0x1008034c                srss_interrupt_mcwdt_0_IRQHandler
                0x1008034c                scb_3_interrupt_IRQHandler
                0x1008034c                pass_interrupt_ctbs_IRQHandler
                0x1008034c                udb_interrupts_8_IRQHandler
                0x1008034c                ioss_interrupts_gpio_3_IRQHandler
                0x1008034c                scb_6_interrupt_IRQHandler
                0x1008034c                cpuss_interrupts_cm4_cti_0_IRQHandler
                0x1008034c                cpuss_interrupts_dw1_3_IRQHandler
                0x1008034c                pass_interrupt_sar_IRQHandler
                0x1008034c                ioss_interrupts_gpio_0_IRQHandler
                0x1008034c                ioss_interrupts_gpio_14_IRQHandler
                0x1008034c                tcpwm_0_interrupts_4_IRQHandler
                0x1008034c                udb_interrupts_3_IRQHandler
                0x1008034c                tcpwm_0_interrupts_5_IRQHandler
                0x1008034c                cpuss_interrupts_ipc_15_IRQHandler
                0x1008034c                cpuss_interrupts_cm4_cti_1_IRQHandler
                0x1008034c                scb_8_interrupt_IRQHandler
                0x1008034c                srss_interrupt_mcwdt_1_IRQHandler
                0x1008034c                cpuss_interrupts_dw1_2_IRQHandler
                0x1008034c                cpuss_interrupts_dw1_5_IRQHandler
                0x1008034c                cpuss_interrupts_ipc_1_IRQHandler
                0x1008034c                cpuss_interrupts_dw0_0_IRQHandler
                0x1008034c                ioss_interrupts_gpio_12_IRQHandler
                0x1008034c                cpuss_interrupts_ipc_3_IRQHandler
                0x1008034c                tcpwm_1_interrupts_17_IRQHandler
                0x1008034c                srss_interrupt_backup_IRQHandler
                0x1008034c                bless_interrupt_IRQHandler
                0x1008034c                cpuss_interrupts_ipc_10_IRQHandler
                0x1008034c                cpuss_interrupts_ipc_9_IRQHandler
                0x1008034c                cpuss_interrupts_dw0_14_IRQHandler
                0x1008034c                tcpwm_1_interrupts_4_IRQHandler
                0x1008034c                tcpwm_0_interrupts_3_IRQHandler
                0x1008034c                cpuss_interrupts_dw1_15_IRQHandler
                0x1008034c                ioss_interrupts_gpio_10_IRQHandler
                0x1008034c                udb_interrupts_10_IRQHandler
                0x1008034c                cpuss_interrupts_dw0_8_IRQHandler
                0x1008034c                ioss_interrupts_gpio_11_IRQHandler
                0x1008034c                cpuss_interrupts_ipc_14_IRQHandler
                0x1008034c                ioss_interrupts_gpio_5_IRQHandler
                0x1008034c                ioss_interrupts_gpio_4_IRQHandler
                0x1008034c                tcpwm_1_interrupts_8_IRQHandler
                0x1008034c                cpuss_interrupts_dw1_14_IRQHandler
                0x1008034c                usb_interrupt_med_IRQHandler
                0x1008034c                cpuss_interrupts_dw0_2_IRQHandler
                0x1008034c                tcpwm_1_interrupts_10_IRQHandler
                0x1008034c                cpuss_interrupts_fault_0_IRQHandler
                0x1008034c                cpuss_interrupts_dw0_12_IRQHandler
                0x1008034c                ioss_interrupts_gpio_6_IRQHandler
                0x1008034c                tcpwm_1_interrupts_21_IRQHandler
                0x1008034c                tcpwm_1_interrupts_16_IRQHandler
                0x1008034c                cpuss_interrupts_dw1_4_IRQHandler
                0x1008034c                udb_interrupts_15_IRQHandler
                0x1008034c                cpuss_interrupts_dw1_11_IRQHandler
                0x1008034c                cpuss_interrupts_dw0_6_IRQHandler
                0x1008034c                ioss_interrupt_vdd_IRQHandler
                0x1008034c                cpuss_interrupts_dw0_7_IRQHandler
                0x1008034c                audioss_interrupt_i2s_IRQHandler
                0x1008034c                tcpwm_1_interrupts_5_IRQHandler
                0x1008034c                cpuss_interrupts_ipc_2_IRQHandler
                0x1008034c                cpuss_interrupts_dw0_10_IRQHandler
                0x1008034c                tcpwm_1_interrupts_19_IRQHandler
                0x1008034c                cpuss_interrupts_dw0_1_IRQHandler
                0x1008034c                ioss_interrupts_gpio_9_IRQHandler
                0x1008034c                usb_interrupt_lo_IRQHandler
                0x1008034c                cpuss_interrupts_ipc_8_IRQHandler
                0x1008034c                udb_interrupts_14_IRQHandler
                0x1008034c                cpuss_interrupts_dw0_3_IRQHandler
                0x10080350                UsageFault_Handler
                0x10080350                HardFault_Handler
                0x10080350                MemManage_Handler
                0x10080350                BusFault_Handler
 .text.isr_bouton
                0x1008036c       0xa8 .\CortexM4\ARM_GCC_541\Debug\main_cm4.o
                0x1008036c                isr_bouton
 .text.main     0x10080414      0x124 .\CortexM4\ARM_GCC_541\Debug\main_cm4.o
                0x10080414                main
 .text.Cy_SysIpcPipeIsrCm4
                0x10080538        0xc .\CortexM4\ARM_GCC_541\Debug\system_psoc6_cm4.o
                0x10080538                Cy_SysIpcPipeIsrCm4
 .text.Cy_SystemInit
                0x10080544        0x4 .\CortexM4\ARM_GCC_541\Debug\system_psoc6_cm4.o
                0x10080544                Cy_SystemInit
 .text.SystemCoreClockUpdate
                0x10080548      0x190 .\CortexM4\ARM_GCC_541\Debug\system_psoc6_cm4.o
                0x10080548                SystemCoreClockUpdate
 .text.SystemInit
                0x100806d8       0x48 .\CortexM4\ARM_GCC_541\Debug\system_psoc6_cm4.o
                0x100806d8                SystemInit
 .text.Cy_SystemInitFpuEnable
                0x10080720       0x28 .\CortexM4\ARM_GCC_541\Debug\system_psoc6_cm4.o
                0x10080720                Cy_SystemInitFpuEnable
 .text.UpdateDisplay
                0x10080748       0x2c .\CortexM4\ARM_GCC_541\Debug\DISPLAY.o
                0x10080748                UpdateDisplay
 .text.maximum_1
                0x10080774       0x20 .\CortexM4\ARM_GCC_541\Debug\DISPLAY.o
                0x10080774                maximum_1
 .text.minimum_1
                0x10080794       0x20 .\CortexM4\ARM_GCC_541\Debug\DISPLAY.o
                0x10080794                minimum_1
 .text.drawGraph
                0x100807b4      0x130 .\CortexM4\ARM_GCC_541\Debug\DISPLAY.o
                0x100807b4                drawGraph
 .text.updateParameters
                0x100808e4       0x70 .\CortexM4\ARM_GCC_541\Debug\DISPLAY.o
                0x100808e4                updateParameters
 .text.DrawMenu
                0x10080954       0x8c .\CortexM4\ARM_GCC_541\Debug\DISPLAY.o
                0x10080954                DrawMenu
 .text.DrawOption1
                0x100809e0       0x68 .\CortexM4\ARM_GCC_541\Debug\DISPLAY.o
                0x100809e0                DrawOption1
 .text.DrawOption2
                0x10080a48       0x94 .\CortexM4\ARM_GCC_541\Debug\DISPLAY.o
                0x10080a48                DrawOption2
 .text.DrawOption3_superieur
                0x10080adc       0x90 .\CortexM4\ARM_GCC_541\Debug\DISPLAY.o
                0x10080adc                DrawOption3_superieur
 .text.DrawOption3_inferieur
                0x10080b6c       0x90 .\CortexM4\ARM_GCC_541\Debug\DISPLAY.o
                0x10080b6c                DrawOption3_inferieur
 .text.DrawOption3_ETAT
                0x10080bfc       0x68 .\CortexM4\ARM_GCC_541\Debug\DISPLAY.o
                0x10080bfc                DrawOption3_ETAT
 .text.display_task
                0x10080c64      0x3c8 .\CortexM4\ARM_GCC_541\Debug\DISPLAY.o
                0x10080c64                display_task
 .text.capSense_task
                0x1008102c      0x1c4 .\CortexM4\ARM_GCC_541\Debug\CAPSENS.o
                0x1008102c                capSense_task
 .text.Pv_EINK_SendData
                0x100811f0       0x38 .\CortexM4\ARM_GCC_541\Debug\pervasive_eink_hardware_driver.o
                0x100811f0                Pv_EINK_SendData
 .text.Pv_EINK_SendByte
                0x10081228       0x18 .\CortexM4\ARM_GCC_541\Debug\pervasive_eink_hardware_driver.o
                0x10081228                Pv_EINK_SendByte
 .text.Pv_EINK_ReadByte
                0x10081240       0x30 .\CortexM4\ARM_GCC_541\Debug\pervasive_eink_hardware_driver.o
                0x10081240                Pv_EINK_ReadByte
 .text.Pv_EINK_Init
                0x10081270       0x34 .\CortexM4\ARM_GCC_541\Debug\pervasive_eink_hardware_driver.o
                0x10081270                Pv_EINK_Init
 .text.Pv_EINK_InitDriver
                0x100812a4      0x118 .\CortexM4\ARM_GCC_541\Debug\pervasive_eink_hardware_driver.o
                0x100812a4                Pv_EINK_InitDriver
 .text.Pv_EINK_SetTempFactor
                0x100813bc       0x58 .\CortexM4\ARM_GCC_541\Debug\pervasive_eink_hardware_driver.o
                0x100813bc                Pv_EINK_SetTempFactor
 .text.Pv_EINK_FullStageHandler
                0x10081414      0x424 .\CortexM4\ARM_GCC_541\Debug\pervasive_eink_hardware_driver.o
                0x10081414                Pv_EINK_FullStageHandler
 .text.Pv_EINK_PartialStageHandler
                0x10081838      0x228 .\CortexM4\ARM_GCC_541\Debug\pervasive_eink_hardware_driver.o
                0x10081838                Pv_EINK_PartialStageHandler
 .text.Pv_EINK_NothingFrame
                0x10081a60       0x5c .\CortexM4\ARM_GCC_541\Debug\pervasive_eink_hardware_driver.o
                0x10081a60                Pv_EINK_NothingFrame
 .text.Pv_EINK_DummyLine
                0x10081abc       0x34 .\CortexM4\ARM_GCC_541\Debug\pervasive_eink_hardware_driver.o
                0x10081abc                Pv_EINK_DummyLine
 .text.Pv_EINK_HardwarePowerOn
                0x10081af0       0x44 .\CortexM4\ARM_GCC_541\Debug\pervasive_eink_hardware_driver.o
                0x10081af0                Pv_EINK_HardwarePowerOn
 .text.Pv_EINK_HardwarePowerOff
                0x10081b34       0xa8 .\CortexM4\ARM_GCC_541\Debug\pervasive_eink_hardware_driver.o
                0x10081b34                Pv_EINK_HardwarePowerOff
 .text.Cy_EINK_Start
                0x10081bdc       0x10 .\CortexM4\ARM_GCC_541\Debug\cy_eink_library.o
                0x10081bdc                Cy_EINK_Start
 .text.Cy_EINK_Power
                0x10081bec       0x18 .\CortexM4\ARM_GCC_541\Debug\cy_eink_library.o
                0x10081bec                Cy_EINK_Power
 .text.Cy_EINK_ShowFrame
                0x10081c04       0x54 .\CortexM4\ARM_GCC_541\Debug\cy_eink_library.o
                0x10081c04                Cy_EINK_ShowFrame
 .text.Cy_EINK_TimerInit
                0x10081c58       0x14 .\CortexM4\ARM_GCC_541\Debug\cy_eink_psoc_interface.o
                0x10081c58                Cy_EINK_TimerInit
 .text.Cy_EINK_GetTimeTick
                0x10081c6c        0xc .\CortexM4\ARM_GCC_541\Debug\cy_eink_psoc_interface.o
                0x10081c6c                Cy_EINK_GetTimeTick
 .text.Cy_EINK_TimerStop
                0x10081c78        0xc .\CortexM4\ARM_GCC_541\Debug\cy_eink_psoc_interface.o
                0x10081c78                Cy_EINK_TimerStop
 .text.Cy_EINK_InitSPI
                0x10081c84       0x30 .\CortexM4\ARM_GCC_541\Debug\cy_eink_psoc_interface.o
                0x10081c84                Cy_EINK_InitSPI
 .text.Cy_EINK_AttachSPI
                0x10081cb4       0x1c .\CortexM4\ARM_GCC_541\Debug\cy_eink_psoc_interface.o
                0x10081cb4                Cy_EINK_AttachSPI
 .text.Cy_EINK_DetachSPI
                0x10081cd0       0x14 .\CortexM4\ARM_GCC_541\Debug\cy_eink_psoc_interface.o
                0x10081cd0                Cy_EINK_DetachSPI
 .text.Cy_EINK_WriteSPI
                0x10081ce4       0x60 .\CortexM4\ARM_GCC_541\Debug\cy_eink_psoc_interface.o
                0x10081ce4                Cy_EINK_WriteSPI
 .text.Cy_EINK_ReadSPI
                0x10081d44       0x68 .\CortexM4\ARM_GCC_541\Debug\cy_eink_psoc_interface.o
                0x10081d44                Cy_EINK_ReadSPI
 .text.Cy_EINK_WriteSPIBuffer
                0x10081dac       0x84 .\CortexM4\ARM_GCC_541\Debug\cy_eink_psoc_interface.o
                0x10081dac                Cy_EINK_WriteSPIBuffer
 .text.Cy_EINK_IsBusy
                0x10081e30       0x18 .\CortexM4\ARM_GCC_541\Debug\cy_eink_psoc_interface.o
                0x10081e30                Cy_EINK_IsBusy
 .text.LCD_X_Config
                0x10081e48       0x70 .\CortexM4\ARM_GCC_541\Debug\LCDConf.o
                0x10081e48                LCD_X_Config
 .text.LCD_X_DisplayDriver
                0x10081eb8       0x10 .\CortexM4\ARM_GCC_541\Debug\LCDConf.o
                0x10081eb8                LCD_X_DisplayDriver
 .text.LCD_GetDisplayBuffer
                0x10081ec8        0x8 .\CortexM4\ARM_GCC_541\Debug\LCDConf.o
                0x10081ec8                LCD_GetDisplayBuffer
 .text.GUI_X_InitOS
                0x10081ed0       0x14 .\CortexM4\ARM_GCC_541\Debug\GUI_X_RTOS.o
                0x10081ed0                GUI_X_InitOS
 .text.GUI_X_Unlock
                0x10081ee4       0x18 .\CortexM4\ARM_GCC_541\Debug\GUI_X_RTOS.o
                0x10081ee4                GUI_X_Unlock
 .text.GUI_X_Lock
                0x10081efc       0x14 .\CortexM4\ARM_GCC_541\Debug\GUI_X_RTOS.o
                0x10081efc                GUI_X_Lock
 .text.GUI_X_GetTaskId
                0x10081f10        0x8 .\CortexM4\ARM_GCC_541\Debug\GUI_X_RTOS.o
                0x10081f10                GUI_X_GetTaskId
 .text.GUI_X_Init
                0x10081f18        0x4 .\CortexM4\ARM_GCC_541\Debug\GUI_X_RTOS.o
                0x10081f18                GUI_X_Init
 .text.GUI_X_Config
                0x10081f1c       0x1c .\CortexM4\ARM_GCC_541\Debug\GUIConf.o
                0x10081f1c                GUI_X_Config
 .text.CY_EINK_Timer_Start
                0x10081f38       0x30 .\CortexM4\ARM_GCC_541\Debug\CY_EINK_Timer.o
                0x10081f38                CY_EINK_Timer_Start
 .text.Cy_Flash_ProcessOpcode
                0x10081f68       0xac .\CortexM4\ARM_GCC_541\Debug\cy_flash.o
 .text.Cy_Flash_OperationStatus
                0x10082014       0x5c .\CortexM4\ARM_GCC_541\Debug\cy_flash.o
 .text.Cy_Flash_InitExt
                0x10082070       0x80 .\CortexM4\ARM_GCC_541\Debug\cy_flash.o
                0x10082070                Cy_Flash_InitExt
 .text.Cy_Flash_Init
                0x100820f0       0x10 .\CortexM4\ARM_GCC_541\Debug\cy_flash.o
                0x100820f0                Cy_Flash_Init
 .text.Cy_GPIO_Pin_FastInit
                0x10082100       0xf8 .\CortexM4\ARM_GCC_541\Debug\cy_gpio.o
                0x10082100                Cy_GPIO_Pin_FastInit
 .text.Cy_IPC_Drv_LockRelease
                0x100821f8       0x3c .\CortexM4\ARM_GCC_541\Debug\cy_ipc_drv.o
                0x100821f8                Cy_IPC_Drv_LockRelease
 .text.Cy_IPC_Drv_SendMsgWord
                0x10082234       0x3c .\CortexM4\ARM_GCC_541\Debug\cy_ipc_drv.o
                0x10082234                Cy_IPC_Drv_SendMsgWord
 .text.Cy_IPC_Drv_ReadMsgWord
                0x10082270       0x38 .\CortexM4\ARM_GCC_541\Debug\cy_ipc_drv.o
                0x10082270                Cy_IPC_Drv_ReadMsgWord
 .text.Cy_IPC_Sema_InitExt
                0x100822a8       0xac .\CortexM4\ARM_GCC_541\Debug\cy_ipc_sema.o
                0x100822a8                Cy_IPC_Sema_InitExt
 .text.Cy_IPC_Sema_Init
                0x10082354       0x64 .\CortexM4\ARM_GCC_541\Debug\cy_ipc_sema.o
                0x10082354                Cy_IPC_Sema_Init
 .text.Cy_IPC_Sema_Clear
                0x100823b8       0x88 .\CortexM4\ARM_GCC_541\Debug\cy_ipc_sema.o
                0x100823b8                Cy_IPC_Sema_Clear
 .text.Cy_IPC_Sema_Status
                0x10082440       0x40 .\CortexM4\ARM_GCC_541\Debug\cy_ipc_sema.o
                0x10082440                Cy_IPC_Sema_Status
 .text.Cy_IPC_Pipe_Config
                0x10082480       0x10 .\CortexM4\ARM_GCC_541\Debug\cy_ipc_pipe.o
                0x10082480                Cy_IPC_Pipe_Config
 .text.Cy_IPC_Pipe_EndpointInit
                0x10082490       0xd0 .\CortexM4\ARM_GCC_541\Debug\cy_ipc_pipe.o
                0x10082490                Cy_IPC_Pipe_EndpointInit
 .text.Cy_IPC_Pipe_Init
                0x10082560       0xb4 .\CortexM4\ARM_GCC_541\Debug\cy_ipc_pipe.o
                0x10082560                Cy_IPC_Pipe_Init
 .text.Cy_IPC_Pipe_SendMessage
                0x10082614       0xa4 .\CortexM4\ARM_GCC_541\Debug\cy_ipc_pipe.o
                0x10082614                Cy_IPC_Pipe_SendMessage
 .text.Cy_IPC_Pipe_RegisterCallback
                0x100826b8       0x50 .\CortexM4\ARM_GCC_541\Debug\cy_ipc_pipe.o
                0x100826b8                Cy_IPC_Pipe_RegisterCallback
 .text.Cy_IPC_Pipe_ExecCallback
                0x10082708       0xbc .\CortexM4\ARM_GCC_541\Debug\cy_ipc_pipe.o
                0x10082708                Cy_IPC_Pipe_ExecCallback
 .text.Cy_IPC_Pipe_ExecuteCallback
                0x100827c4       0x2c .\CortexM4\ARM_GCC_541\Debug\cy_ipc_pipe.o
                0x100827c4                Cy_IPC_Pipe_ExecuteCallback
 .text.Cy_SCB_ReadArrayNoCheck
                0x100827f0       0x38 .\CortexM4\ARM_GCC_541\Debug\cy_scb_common.o
                0x100827f0                Cy_SCB_ReadArrayNoCheck
 .text.Cy_SCB_ReadArray
                0x10082828       0x1c .\CortexM4\ARM_GCC_541\Debug\cy_scb_common.o
                0x10082828                Cy_SCB_ReadArray
 .text.Cy_SCB_Write
                0x10082844       0x28 .\CortexM4\ARM_GCC_541\Debug\cy_scb_common.o
                0x10082844                Cy_SCB_Write
 .text.Cy_SCB_WriteArrayNoCheck
                0x1008286c       0x38 .\CortexM4\ARM_GCC_541\Debug\cy_scb_common.o
                0x1008286c                Cy_SCB_WriteArrayNoCheck
 .text.Cy_SCB_WriteArray
                0x100828a4       0x2c .\CortexM4\ARM_GCC_541\Debug\cy_scb_common.o
                0x100828a4                Cy_SCB_WriteArray
 .text.Cy_SCB_WriteArrayBlocking
                0x100828d0       0x30 .\CortexM4\ARM_GCC_541\Debug\cy_scb_common.o
                0x100828d0                Cy_SCB_WriteArrayBlocking
 .text.Cy_SCB_WriteString
                0x10082900       0x30 .\CortexM4\ARM_GCC_541\Debug\cy_scb_common.o
                0x10082900                Cy_SCB_WriteString
 .text.Cy_SCB_SPI_Init
                0x10082930      0x268 .\CortexM4\ARM_GCC_541\Debug\cy_scb_spi.o
                0x10082930                Cy_SCB_SPI_Init
 .text.Cy_SCB_SPI_Disable
                0x10082b98       0x24 .\CortexM4\ARM_GCC_541\Debug\cy_scb_spi.o
                0x10082b98                Cy_SCB_SPI_Disable
 .text.HandleDataTransmit
                0x10082bbc       0xdc .\CortexM4\ARM_GCC_541\Debug\cy_scb_uart.o
 .text.HandleDataReceive
                0x10082c98       0xf8 .\CortexM4\ARM_GCC_541\Debug\cy_scb_uart.o
 .text.Cy_SCB_UART_Init
                0x10082d90      0x364 .\CortexM4\ARM_GCC_541\Debug\cy_scb_uart.o
                0x10082d90                Cy_SCB_UART_Init
 .text.Cy_SCB_UART_GetNumInRingBuffer
                0x100830f4       0x18 .\CortexM4\ARM_GCC_541\Debug\cy_scb_uart.o
                0x100830f4                Cy_SCB_UART_GetNumInRingBuffer
 .text.HandleRingBuffer
                0x1008310c       0xcc .\CortexM4\ARM_GCC_541\Debug\cy_scb_uart.o
 .text.Cy_SCB_UART_Interrupt
                0x100831d8       0xe8 .\CortexM4\ARM_GCC_541\Debug\cy_scb_uart.o
                0x100831d8                Cy_SCB_UART_Interrupt
 .text.Cy_SysInt_SetVector
                0x100832c0       0x48 .\CortexM4\ARM_GCC_541\Debug\cy_sysint.o
                0x100832c0                Cy_SysInt_SetVector
 .text.Cy_SysInt_Init
                0x10083308       0x74 .\CortexM4\ARM_GCC_541\Debug\cy_sysint.o
                0x10083308                Cy_SysInt_Init
 .text.Cy_SysLib_Delay
                0x1008337c       0x30 .\CortexM4\ARM_GCC_541\Debug\cy_syslib.o
                0x1008337c                Cy_SysLib_Delay
 .text.Cy_SysLib_DelayUs
                0x100833ac       0x14 .\CortexM4\ARM_GCC_541\Debug\cy_syslib.o
                0x100833ac                Cy_SysLib_DelayUs
 .text.Cy_SysLib_Halt
                0x100833c0        0x4 .\CortexM4\ARM_GCC_541\Debug\cy_syslib.o
                0x100833c0                Cy_SysLib_Halt
 .text.Cy_SysLib_AssertFailed
                0x100833c4       0x1c .\CortexM4\ARM_GCC_541\Debug\cy_syslib.o
                0x100833c4                Cy_SysLib_AssertFailed
 .text.Cy_SysLib_ProcessingFault
                0x100833e0        0x4 .\CortexM4\ARM_GCC_541\Debug\cy_syslib.o
                0x100833e0                Cy_SysLib_ProcessingFault
 .text.Cy_SysLib_FaultHandler
                0x100833e4       0xa4 .\CortexM4\ARM_GCC_541\Debug\cy_syslib.o
                0x100833e4                Cy_SysLib_FaultHandler
 .text          0x10083488       0x20 .\CortexM4\ARM_GCC_541\Debug\cy_syslib_gcc.o
                0x10083488                Cy_SysLib_DelayCycles
                0x1008349a                Cy_SysLib_EnterCriticalSection
                0x100834a2                Cy_SysLib_ExitCriticalSection
 .text.Cy_TCPWM_Counter_Init
                0x100834a8      0x110 .\CortexM4\ARM_GCC_541\Debug\cy_tcpwm_counter.o
                0x100834a8                Cy_TCPWM_Counter_Init
 .text.Cy_PDL_Init
                0x100835b8        0xc .\CortexM4\ARM_GCC_541\Debug\cy_device.o
                0x100835b8                Cy_PDL_Init
 .text.vListInitialise
                0x100835c4       0x18 .\CortexM4\ARM_GCC_541\Debug\list.o
                0x100835c4                vListInitialise
 .text.vListInitialiseItem
                0x100835dc        0x8 .\CortexM4\ARM_GCC_541\Debug\list.o
                0x100835dc                vListInitialiseItem
 .text.vListInsertEnd
                0x100835e4       0x18 .\CortexM4\ARM_GCC_541\Debug\list.o
                0x100835e4                vListInsertEnd
 .text.vListInsert
                0x100835fc       0x34 .\CortexM4\ARM_GCC_541\Debug\list.o
                0x100835fc                vListInsert
 .text.uxListRemove
                0x10083630       0x28 .\CortexM4\ARM_GCC_541\Debug\list.o
                0x10083630                uxListRemove
 .text.prvGetDisinheritPriorityAfterTimeout
                0x10083658       0x14 .\CortexM4\ARM_GCC_541\Debug\queue.o
 .text.prvIsQueueFull
                0x1008366c       0x20 .\CortexM4\ARM_GCC_541\Debug\queue.o
 .text.prvIsQueueEmpty
                0x1008368c       0x1c .\CortexM4\ARM_GCC_541\Debug\queue.o
 .text.prvCopyDataToQueue
                0x100836a8       0x78 .\CortexM4\ARM_GCC_541\Debug\queue.o
 .text.prvCopyDataFromQueue
                0x10083720       0x24 .\CortexM4\ARM_GCC_541\Debug\queue.o
 .text.prvUnlockQueue
                0x10083744       0x68 .\CortexM4\ARM_GCC_541\Debug\queue.o
 .text.xQueueGenericReset
                0x100837ac       0x80 .\CortexM4\ARM_GCC_541\Debug\queue.o
                0x100837ac                xQueueGenericReset
 .text.prvInitialiseNewQueue
                0x1008382c       0x1c .\CortexM4\ARM_GCC_541\Debug\queue.o
 .text.xQueueGenericCreate
                0x10083848       0x4c .\CortexM4\ARM_GCC_541\Debug\queue.o
                0x10083848                xQueueGenericCreate
 .text.xQueueGenericSend
                0x10083894      0x190 .\CortexM4\ARM_GCC_541\Debug\queue.o
                0x10083894                xQueueGenericSend
 .text.prvInitialiseMutex
                0x10083a24       0x18 .\CortexM4\ARM_GCC_541\Debug\queue.o
 .text.xQueueCreateMutex
                0x10083a3c       0x18 .\CortexM4\ARM_GCC_541\Debug\queue.o
                0x10083a3c                xQueueCreateMutex
 .text.xQueueGenericSendFromISR
                0x10083a54       0xe4 .\CortexM4\ARM_GCC_541\Debug\queue.o
                0x10083a54                xQueueGenericSendFromISR
 .text.xQueueReceive
                0x10083b38      0x158 .\CortexM4\ARM_GCC_541\Debug\queue.o
                0x10083b38                xQueueReceive
 .text.xQueueSemaphoreTake
                0x10083c90      0x190 .\CortexM4\ARM_GCC_541\Debug\queue.o
                0x10083c90                xQueueSemaphoreTake
 .text.vQueueAddToRegistry
                0x10083e20       0x28 .\CortexM4\ARM_GCC_541\Debug\queue.o
                0x10083e20                vQueueAddToRegistry
 .text.vQueueWaitForMessageRestricted
                0x10083e48       0x4c .\CortexM4\ARM_GCC_541\Debug\queue.o
                0x10083e48                vQueueWaitForMessageRestricted
 .text.prvResetNextTaskUnblockTime
                0x10083e94       0x2c .\CortexM4\ARM_GCC_541\Debug\tasks.o
 .text.prvDeleteTCB
                0x10083ec0       0x14 .\CortexM4\ARM_GCC_541\Debug\tasks.o
 .text.prvInitialiseNewTask
                0x10083ed4       0xac .\CortexM4\ARM_GCC_541\Debug\tasks.o
 .text.prvInitialiseTaskLists
                0x10083f80       0x58 .\CortexM4\ARM_GCC_541\Debug\tasks.o
 .text.prvAddNewTaskToReadyList
                0x10083fd8       0xac .\CortexM4\ARM_GCC_541\Debug\tasks.o
 .text.prvCheckTasksWaitingTermination
                0x10084084       0x44 .\CortexM4\ARM_GCC_541\Debug\tasks.o
 .text.prvIdleTask
                0x100840c8       0x28 .\CortexM4\ARM_GCC_541\Debug\tasks.o
 .text.prvAddCurrentTaskToDelayedList
                0x100840f0       0x68 .\CortexM4\ARM_GCC_541\Debug\tasks.o
 .text.xTaskCreate
                0x10084158       0x64 .\CortexM4\ARM_GCC_541\Debug\tasks.o
                0x10084158                xTaskCreate
 .text.vTaskStartScheduler
                0x100841bc       0x7c .\CortexM4\ARM_GCC_541\Debug\tasks.o
                0x100841bc                vTaskStartScheduler
 .text.vTaskSuspendAll
                0x10084238       0x14 .\CortexM4\ARM_GCC_541\Debug\tasks.o
                0x10084238                vTaskSuspendAll
 .text.xTaskGetTickCount
                0x1008424c        0xc .\CortexM4\ARM_GCC_541\Debug\tasks.o
                0x1008424c                xTaskGetTickCount
 .text.xTaskIncrementTick
                0x10084258       0xfc .\CortexM4\ARM_GCC_541\Debug\tasks.o
                0x10084258                xTaskIncrementTick
 .text.xTaskResumeAll
                0x10084354       0xf0 .\CortexM4\ARM_GCC_541\Debug\tasks.o
                0x10084354                xTaskResumeAll
 .text.vTaskDelay
                0x10084444       0x50 .\CortexM4\ARM_GCC_541\Debug\tasks.o
                0x10084444                vTaskDelay
 .text.vTaskSwitchContext
                0x10084494       0xc8 .\CortexM4\ARM_GCC_541\Debug\tasks.o
                0x10084494                vTaskSwitchContext
 .text.vTaskPlaceOnEventList
                0x1008455c       0x34 .\CortexM4\ARM_GCC_541\Debug\tasks.o
                0x1008455c                vTaskPlaceOnEventList
 .text.vTaskPlaceOnEventListRestricted
                0x10084590       0x3c .\CortexM4\ARM_GCC_541\Debug\tasks.o
                0x10084590                vTaskPlaceOnEventListRestricted
 .text.xTaskRemoveFromEventList
                0x100845cc       0x88 .\CortexM4\ARM_GCC_541\Debug\tasks.o
                0x100845cc                xTaskRemoveFromEventList
 .text.vTaskInternalSetTimeOutState
                0x10084654       0x14 .\CortexM4\ARM_GCC_541\Debug\tasks.o
                0x10084654                vTaskInternalSetTimeOutState
 .text.xTaskCheckForTimeOut
                0x10084668       0x80 .\CortexM4\ARM_GCC_541\Debug\tasks.o
                0x10084668                xTaskCheckForTimeOut
 .text.vTaskMissedYield
                0x100846e8       0x10 .\CortexM4\ARM_GCC_541\Debug\tasks.o
                0x100846e8                vTaskMissedYield
 .text.xTaskGetCurrentTaskHandle
                0x100846f8        0xc .\CortexM4\ARM_GCC_541\Debug\tasks.o
                0x100846f8                xTaskGetCurrentTaskHandle
 .text.xTaskGetSchedulerState
                0x10084704       0x20 .\CortexM4\ARM_GCC_541\Debug\tasks.o
                0x10084704                xTaskGetSchedulerState
 .text.xTaskPriorityInherit
                0x10084724       0xa8 .\CortexM4\ARM_GCC_541\Debug\tasks.o
                0x10084724                xTaskPriorityInherit
 .text.xTaskPriorityDisinherit
                0x100847cc       0x94 .\CortexM4\ARM_GCC_541\Debug\tasks.o
                0x100847cc                xTaskPriorityDisinherit
 .text.vTaskPriorityDisinheritAfterTimeout
                0x10084860       0xac .\CortexM4\ARM_GCC_541\Debug\tasks.o
                0x10084860                vTaskPriorityDisinheritAfterTimeout
 .text.pvTaskIncrementMutexHeldCount
                0x1008490c       0x20 .\CortexM4\ARM_GCC_541\Debug\tasks.o
                0x1008490c                pvTaskIncrementMutexHeldCount
 .text.prvGetNextExpireTime
                0x1008492c       0x20 .\CortexM4\ARM_GCC_541\Debug\timers.o
 .text.prvInsertTimerInActiveList
                0x1008494c       0x44 .\CortexM4\ARM_GCC_541\Debug\timers.o
 .text.prvCheckForValidListAndQueue
                0x10084990       0x48 .\CortexM4\ARM_GCC_541\Debug\timers.o
 .text.xTimerCreateTimerTask
                0x100849d8       0x50 .\CortexM4\ARM_GCC_541\Debug\timers.o
                0x100849d8                xTimerCreateTimerTask
 .text.xTimerGenericCommand
                0x10084a28       0x6c .\CortexM4\ARM_GCC_541\Debug\timers.o
                0x10084a28                xTimerGenericCommand
 .text.prvSwitchTimerLists
                0x10084a94       0x74 .\CortexM4\ARM_GCC_541\Debug\timers.o
 .text.prvSampleTimeNow
                0x10084b08       0x2c .\CortexM4\ARM_GCC_541\Debug\timers.o
 .text.prvProcessExpiredTimer
                0x10084b34       0x5c .\CortexM4\ARM_GCC_541\Debug\timers.o
 .text.prvProcessTimerOrBlockTask
                0x10084b90       0x70 .\CortexM4\ARM_GCC_541\Debug\timers.o
 .text.prvProcessReceivedCommands
                0x10084c00       0xbc .\CortexM4\ARM_GCC_541\Debug\timers.o
 .text.prvTimerTask
                0x10084cbc       0x18 .\CortexM4\ARM_GCC_541\Debug\timers.o
 .text.prvTaskExitError
                0x10084cd4       0x40 .\CortexM4\ARM_GCC_541\Debug\port.o
 .text.prvPortStartFirstTask
                0x10084d14       0x28 .\CortexM4\ARM_GCC_541\Debug\port.o
 .text.vPortEnableVFP
                0x10084d3c       0x14 .\CortexM4\ARM_GCC_541\Debug\port.o
 .text.pxPortInitialiseStack
                0x10084d50       0x2c .\CortexM4\ARM_GCC_541\Debug\port.o
                0x10084d50                pxPortInitialiseStack
 *fill*         0x10084d7c        0x4 
 .text.SVC_Handler
                0x10084d80       0x24 .\CortexM4\ARM_GCC_541\Debug\port.o
                0x10084d80                SVC_Handler
 .text.vPortEnterCritical
                0x10084da4       0x44 .\CortexM4\ARM_GCC_541\Debug\port.o
                0x10084da4                vPortEnterCritical
 .text.vPortExitCritical
                0x10084de8       0x2c .\CortexM4\ARM_GCC_541\Debug\port.o
                0x10084de8                vPortExitCritical
 *fill*         0x10084e14        0xc 
 .text.PendSV_Handler
                0x10084e20       0x64 .\CortexM4\ARM_GCC_541\Debug\port.o
                0x10084e20                PendSV_Handler
 .text.SysTick_Handler
                0x10084e84       0x2c .\CortexM4\ARM_GCC_541\Debug\port.o
                0x10084e84                SysTick_Handler
 .text.vPortSetupTimerInterrupt
                0x10084eb0       0x38 .\CortexM4\ARM_GCC_541\Debug\port.o
                0x10084eb0                vPortSetupTimerInterrupt
 .text.xPortStartScheduler
                0x10084ee8       0xc4 .\CortexM4\ARM_GCC_541\Debug\port.o
                0x10084ee8                xPortStartScheduler
 .text.vPortValidateInterruptPriority
                0x10084fac       0x58 .\CortexM4\ARM_GCC_541\Debug\port.o
                0x10084fac                vPortValidateInterruptPriority
 .text.vApplicationStackOverflowHook
                0x10085004       0x24 .\CortexM4\ARM_GCC_541\Debug\port.o
                0x10085004                vApplicationStackOverflowHook
 .text.pvPortMalloc
                0x10085028       0x60 .\CortexM4\ARM_GCC_541\Debug\heap_1.o
                0x10085028                pvPortMalloc
 .text.vPortFree
                0x10085088       0x18 .\CortexM4\ARM_GCC_541\Debug\heap_1.o
                0x10085088                vPortFree
 .text.CapSense_Initialize
                0x100850a0       0x24 .\CortexM4\ARM_GCC_541\Debug\CapSense_Control.o
                0x100850a0                CapSense_Initialize
 .text.CapSense_Start
                0x100850c4       0x3c .\CortexM4\ARM_GCC_541\Debug\CapSense_Control.o
                0x100850c4                CapSense_Start
 .text.CapSense_ProcessAllWidgets
                0x10085100       0x74 .\CortexM4\ARM_GCC_541\Debug\CapSense_Control.o
                0x10085100                CapSense_ProcessAllWidgets
 .text.CapSense_DpInitialize
                0x10085174       0x90 .\CortexM4\ARM_GCC_541\Debug\CapSense_Processing.o
                0x10085174                CapSense_DpInitialize
 .text.CapSense_DpUpdateThresholds
                0x10085204       0x34 .\CortexM4\ARM_GCC_541\Debug\CapSense_Processing.o
                0x10085204                CapSense_DpUpdateThresholds
 .text.CapSense_DpUpdateDifferences
                0x10085238       0x18 .\CortexM4\ARM_GCC_541\Debug\CapSense_Processing.o
                0x10085238                CapSense_DpUpdateDifferences
 .text.CapSense_DpProcessCsxWidgetRawCounts
                0x10085250       0x38 .\CortexM4\ARM_GCC_541\Debug\CapSense_Processing.o
                0x10085250                CapSense_DpProcessCsxWidgetRawCounts
 .text.CapSense_DpProcessCsdWidgetRawCounts
                0x10085288       0x54 .\CortexM4\ARM_GCC_541\Debug\CapSense_Processing.o
                0x10085288                CapSense_DpProcessCsdWidgetRawCounts
 .text.CapSense_DpProcessButton
                0x100852dc       0x64 .\CortexM4\ARM_GCC_541\Debug\CapSense_Processing.o
                0x100852dc                CapSense_DpProcessButton
 .text.CapSense_DpProcessCsxWidgetStatus
                0x10085340       0x64 .\CortexM4\ARM_GCC_541\Debug\CapSense_Processing.o
                0x10085340                CapSense_DpProcessCsxWidgetStatus
 .text.CapSense_DpProcessSlider
                0x100853a4      0x12c .\CortexM4\ARM_GCC_541\Debug\CapSense_Processing.o
                0x100853a4                CapSense_DpProcessSlider
 .text.CapSense_DpProcessCsdWidgetStatus
                0x100854d0       0x74 .\CortexM4\ARM_GCC_541\Debug\CapSense_Processing.o
                0x100854d0                CapSense_DpProcessCsdWidgetStatus
 .text.CapSense_DsInitialize
                0x10085544       0x94 .\CortexM4\ARM_GCC_541\Debug\CapSense_Structure.o
                0x10085544                CapSense_DsInitialize
 .text.CapSense_IsWidgetActive
                0x100855d8       0x28 .\CortexM4\ARM_GCC_541\Debug\CapSense_Structure.o
                0x100855d8                CapSense_IsWidgetActive
 .text.CapSense_TuInitialize
                0x10085600       0x14 .\CortexM4\ARM_GCC_541\Debug\CapSense_Tuner.o
                0x10085600                CapSense_TuInitialize
 .text.CapSense_FtInitializeBaselineChannel
                0x10085614       0x20 .\CortexM4\ARM_GCC_541\Debug\CapSense_Filter.o
                0x10085614                CapSense_FtInitializeBaselineChannel
 .text.CapSense_FtInitializeBaseline
                0x10085634       0x20 .\CortexM4\ARM_GCC_541\Debug\CapSense_Filter.o
                0x10085634                CapSense_FtInitializeBaseline
 .text.CapSense_InitializeSensorBaseline
                0x10085654       0x28 .\CortexM4\ARM_GCC_541\Debug\CapSense_Filter.o
                0x10085654                CapSense_InitializeSensorBaseline
 .text.CapSense_InitializeWidgetBaseline
                0x1008567c       0x28 .\CortexM4\ARM_GCC_541\Debug\CapSense_Filter.o
                0x1008567c                CapSense_InitializeWidgetBaseline
 .text.CapSense_InitializeAllBaselines
                0x100856a4       0x18 .\CortexM4\ARM_GCC_541\Debug\CapSense_Filter.o
                0x100856a4                CapSense_InitializeAllBaselines
 .text.CapSense_InitializeWidgetFilter
                0x100856bc       0x4c .\CortexM4\ARM_GCC_541\Debug\CapSense_Filter.o
                0x100856bc                CapSense_InitializeWidgetFilter
 .text.CapSense_InitializeAllFilters
                0x10085708       0x18 .\CortexM4\ARM_GCC_541\Debug\CapSense_Filter.o
                0x10085708                CapSense_InitializeAllFilters
 .text.CapSense_FtInitialize
                0x10085720        0x8 .\CortexM4\ARM_GCC_541\Debug\CapSense_Filter.o
                0x10085720                CapSense_FtInitialize
 .text.CapSense_FtIIR1stOrder
                0x10085728       0x14 .\CortexM4\ARM_GCC_541\Debug\CapSense_Filter.o
                0x10085728                CapSense_FtIIR1stOrder
 .text.CapSense_FtUpdateBaseline
                0x1008573c       0x8c .\CortexM4\ARM_GCC_541\Debug\CapSense_Filter.o
                0x1008573c                CapSense_FtUpdateBaseline
 .text.CapSense_UpdateSensorBaseline
                0x100857c8       0x24 .\CortexM4\ARM_GCC_541\Debug\CapSense_Filter.o
                0x100857c8                CapSense_UpdateSensorBaseline
 .text.CapSense_UpdateWidgetBaseline
                0x100857ec       0x30 .\CortexM4\ARM_GCC_541\Debug\CapSense_Filter.o
                0x100857ec                CapSense_UpdateWidgetBaseline
 .text.CapSense_UpdateAllBaselines
                0x1008581c       0x1c .\CortexM4\ARM_GCC_541\Debug\CapSense_Filter.o
                0x1008581c                CapSense_UpdateAllBaselines
 .text.CapSense_SsCalcLfsrSize
                0x10085838       0xb0 .\CortexM4\ARM_GCC_541\Debug\CapSense_Sensing.o
 .text.CapSense_SsCalcLfsrScale
                0x100858e8       0x38 .\CortexM4\ARM_GCC_541\Debug\CapSense_Sensing.o
 .text.CapSense_SsDisableCSXMode
                0x10085920        0x8 .\CortexM4\ARM_GCC_541\Debug\CapSense_Sensing.o
 .text.CapSense_SsCSDDisableMode
                0x10085928       0x38 .\CortexM4\ARM_GCC_541\Debug\CapSense_Sensing.o
 .text.CapSense_IsBusy
                0x10085960       0x10 .\CortexM4\ARM_GCC_541\Debug\CapSense_Sensing.o
                0x10085960                CapSense_IsBusy
 .text.CapSense_SetBusyFlags
                0x10085970       0x18 .\CortexM4\ARM_GCC_541\Debug\CapSense_Sensing.o
                0x10085970                CapSense_SetBusyFlags
 .text.CapSense_ClrBusyFlags
                0x10085988       0x18 .\CortexM4\ARM_GCC_541\Debug\CapSense_Sensing.o
                0x10085988                CapSense_ClrBusyFlags
 .text.CapSense_SetupWidget
                0x100859a0       0x68 .\CortexM4\ARM_GCC_541\Debug\CapSense_Sensing.o
                0x100859a0                CapSense_SetupWidget
 .text.CapSense_Scan
                0x10085a08       0x3c .\CortexM4\ARM_GCC_541\Debug\CapSense_Sensing.o
                0x10085a08                CapSense_Scan
 .text.CapSense_ScanAllWidgets
                0x10085a44       0x54 .\CortexM4\ARM_GCC_541\Debug\CapSense_Sensing.o
                0x10085a44                CapSense_ScanAllWidgets
 .text.CapSense_SsSwitchSensingMode
                0x10085a98       0x50 .\CortexM4\ARM_GCC_541\Debug\CapSense_Sensing.o
                0x10085a98                CapSense_SsSwitchSensingMode
 .text.CapSense_SsSetIOsInDefaultState
                0x10085ae8       0x28 .\CortexM4\ARM_GCC_541\Debug\CapSense_Sensing.o
                0x10085ae8                CapSense_SsSetIOsInDefaultState
 .text.CapSense_SsPostAllWidgetsScan
                0x10085b10       0x78 .\CortexM4\ARM_GCC_541\Debug\CapSense_Sensing.o
                0x10085b10                CapSense_SsPostAllWidgetsScan
 .text.CapSense_SsIsrInitialize
                0x10085b88       0x58 .\CortexM4\ARM_GCC_541\Debug\CapSense_Sensing.o
                0x10085b88                CapSense_SsIsrInitialize
 .text.CapSense_CalibrateWidget
                0x10085be0       0x3c .\CortexM4\ARM_GCC_541\Debug\CapSense_Sensing.o
                0x10085be0                CapSense_CalibrateWidget
 .text.CapSense_CalibrateAllWidgets
                0x10085c1c       0x1c .\CortexM4\ARM_GCC_541\Debug\CapSense_Sensing.o
                0x10085c1c                CapSense_CalibrateAllWidgets
 .text.CapSense_SsClearCSDSensors
                0x10085c38       0x4c .\CortexM4\ARM_GCC_541\Debug\CapSense_Sensing.o
                0x10085c38                CapSense_SsClearCSDSensors
 .text.CapSense_SsCSDGetColSnsClkDivider
                0x10085c84       0x14 .\CortexM4\ARM_GCC_541\Debug\CapSense_Sensing.o
                0x10085c84                CapSense_SsCSDGetColSnsClkDivider
 .text.CapSense_SsCSDSetColSnsClkDivider
                0x10085c98       0x14 .\CortexM4\ARM_GCC_541\Debug\CapSense_Sensing.o
                0x10085c98                CapSense_SsCSDSetColSnsClkDivider
 .text.CapSense_SsCSDCalcPrsSize
                0x10085cac       0x24 .\CortexM4\ARM_GCC_541\Debug\CapSense_Sensing.o
                0x10085cac                CapSense_SsCSDCalcPrsSize
 .text.CapSense_SsSetWidgetSenseClkSrc
                0x10085cd0       0x54 .\CortexM4\ARM_GCC_541\Debug\CapSense_Sensing.o
 .text.CapSense_SsAutoTune
                0x10085d24      0x1a0 .\CortexM4\ARM_GCC_541\Debug\CapSense_Sensing.o
                0x10085d24                CapSense_SsAutoTune
 .text.CapSense_SsInitializeSourceSenseClk
                0x10085ec4       0x68 .\CortexM4\ARM_GCC_541\Debug\CapSense_Sensing.o
                0x10085ec4                CapSense_SsInitializeSourceSenseClk
 .text.CapSense_SsInitialize
                0x10085f2c       0x14 .\CortexM4\ARM_GCC_541\Debug\CapSense_Sensing.o
                0x10085f2c                CapSense_SsInitialize
 .text.CapSense_BistDischargeExtCapacitors
                0x10085f40       0xc0 .\CortexM4\ARM_GCC_541\Debug\CapSense_Sensing.o
                0x10085f40                CapSense_BistDischargeExtCapacitors
 .text.CapSense_SsCSDPostScan
                0x10086000       0x54 .\CortexM4\ARM_GCC_541\Debug\CapSense_INT.o
 .text.CapSense_SsCSDInitNextScan
                0x10086054       0xa8 .\CortexM4\ARM_GCC_541\Debug\CapSense_INT.o
 .text.CapSense_CSDPostSingleScan
                0x100860fc       0x2c .\CortexM4\ARM_GCC_541\Debug\CapSense_INT.o
                0x100860fc                CapSense_CSDPostSingleScan
 .text.CapSense_CSDPostMultiScan
                0x10086128       0x44 .\CortexM4\ARM_GCC_541\Debug\CapSense_INT.o
                0x10086128                CapSense_CSDPostMultiScan
 .text.CapSense_SsCSDSetModeSnsClockDivider
                0x1008616c       0x10 .\CortexM4\ARM_GCC_541\Debug\CapSense_SensingCSD_LL.o
 .text.CapSense_SsCSDSetFilterDelay
                0x1008617c       0x50 .\CortexM4\ARM_GCC_541\Debug\CapSense_SensingCSD_LL.o
 .text.CapSense_SsCSDConfigIDACs
                0x100861cc       0x1c .\CortexM4\ARM_GCC_541\Debug\CapSense_SensingCSD_LL.o
 .text.CapSense_SsCSDSetSingleIdacMode
                0x100861e8       0x28 .\CortexM4\ARM_GCC_541\Debug\CapSense_SensingCSD_LL.o
 .text.CapSense_SsCSDRestoreIdacMode
                0x10086210       0x2c .\CortexM4\ARM_GCC_541\Debug\CapSense_SensingCSD_LL.o
 .text.CapSense_SsCSDCalibrateCheck
                0x1008623c       0x4c .\CortexM4\ARM_GCC_541\Debug\CapSense_SensingCSD_LL.o
 .text.CapSense_SsCSDCmodPrecharge
                0x10086288       0x6c .\CortexM4\ARM_GCC_541\Debug\CapSense_SensingCSD_LL.o
 .text.CapSense_SsCSDTriggerScan
                0x100862f4       0x94 .\CortexM4\ARM_GCC_541\Debug\CapSense_SensingCSD_LL.o
 .text.CapSense_SsCSDInitialize
                0x10086388      0x144 .\CortexM4\ARM_GCC_541\Debug\CapSense_SensingCSD_LL.o
                0x10086388                CapSense_SsCSDInitialize
 .text.CapSense_SsCSDSetUpIdacs
                0x100864cc       0x50 .\CortexM4\ARM_GCC_541\Debug\CapSense_SensingCSD_LL.o
                0x100864cc                CapSense_SsCSDSetUpIdacs
 .text.CapSense_SsCSDGetNumberOfConversions
                0x1008651c       0x30 .\CortexM4\ARM_GCC_541\Debug\CapSense_SensingCSD_LL.o
                0x1008651c                CapSense_SsCSDGetNumberOfConversions
 .text.CapSense_SsCSDConfigClock
                0x1008654c       0x3c .\CortexM4\ARM_GCC_541\Debug\CapSense_SensingCSD_LL.o
                0x1008654c                CapSense_SsCSDConfigClock
 .text.CapSense_SsCSDCalculateScanDuration
                0x10086588       0x18 .\CortexM4\ARM_GCC_541\Debug\CapSense_SensingCSD_LL.o
                0x10086588                CapSense_SsCSDCalculateScanDuration
 .text.CapSense_SsCSDStartSample
                0x100865a0       0x44 .\CortexM4\ARM_GCC_541\Debug\CapSense_SensingCSD_LL.o
                0x100865a0                CapSense_SsCSDStartSample
 .text.CapSense_CSDScanExt
                0x100865e4       0x14 .\CortexM4\ARM_GCC_541\Debug\CapSense_SensingCSD_LL.o
                0x100865e4                CapSense_CSDScanExt
 .text.CapSense_CSDConnectSns
                0x100865f8       0xa0 .\CortexM4\ARM_GCC_541\Debug\CapSense_SensingCSD_LL.o
                0x100865f8                CapSense_CSDConnectSns
 .text.CapSense_CSDScan
                0x10086698       0x74 .\CortexM4\ARM_GCC_541\Debug\CapSense_SensingCSD_LL.o
                0x10086698                CapSense_CSDScan
 .text.CapSense_SsCSDConnectSensorExt
                0x1008670c       0x24 .\CortexM4\ARM_GCC_541\Debug\CapSense_SensingCSD_LL.o
                0x1008670c                CapSense_SsCSDConnectSensorExt
 .text.CapSense_CSDDisconnectSns
                0x10086730       0xac .\CortexM4\ARM_GCC_541\Debug\CapSense_SensingCSD_LL.o
                0x10086730                CapSense_CSDDisconnectSns
 .text.CapSense_SsCSDElectrodeCheck
                0x100867dc       0x24 .\CortexM4\ARM_GCC_541\Debug\CapSense_SensingCSD_LL.o
                0x100867dc                CapSense_SsCSDElectrodeCheck
 .text.CapSense_CSDSetupWidget
                0x10086800       0x5c .\CortexM4\ARM_GCC_541\Debug\CapSense_SensingCSD_LL.o
                0x10086800                CapSense_CSDSetupWidget
 .text.CapSense_CSDSetupWidgetExt
                0x1008685c       0x64 .\CortexM4\ARM_GCC_541\Debug\CapSense_SensingCSD_LL.o
                0x1008685c                CapSense_CSDSetupWidgetExt
 .text.CapSense_SsCSDCalibrateOneSensor
                0x100868c0       0xe8 .\CortexM4\ARM_GCC_541\Debug\CapSense_SensingCSD_LL.o
 .text.CapSense_CSDCalibrateWidget
                0x100869a8      0x11c .\CortexM4\ARM_GCC_541\Debug\CapSense_SensingCSD_LL.o
                0x100869a8                CapSense_CSDCalibrateWidget
 .text.CapSense_SsCalcCsxScanPeriod
                0x10086ac4       0x10 .\CortexM4\ARM_GCC_541\Debug\CapSense_SensingCSX_LL.o
 .text.CapSense_CSXScanISR
                0x10086ad4       0xd0 .\CortexM4\ARM_GCC_541\Debug\CapSense_SensingCSX_LL.o
                0x10086ad4                CapSense_CSXScanISR
 .text.CapSense_SsCSXStartSample
                0x10086ba4      0x14c .\CortexM4\ARM_GCC_541\Debug\CapSense_SensingCSX_LL.o
 .text.CapSense_CSXInitialize
                0x10086cf0      0x160 .\CortexM4\ARM_GCC_541\Debug\CapSense_SensingCSX_LL.o
                0x10086cf0                CapSense_CSXInitialize
 .text.CapSense_CSXCalibrateWidget
                0x10086e50       0xcc .\CortexM4\ARM_GCC_541\Debug\CapSense_SensingCSX_LL.o
                0x10086e50                CapSense_CSXCalibrateWidget
 .text.CapSense_CSXConnectTx
                0x10086f1c       0xa0 .\CortexM4\ARM_GCC_541\Debug\CapSense_SensingCSX_LL.o
                0x10086f1c                CapSense_CSXConnectTx
 .text.CapSense_CSXConnectRx
                0x10086fbc       0x9c .\CortexM4\ARM_GCC_541\Debug\CapSense_SensingCSX_LL.o
                0x10086fbc                CapSense_CSXConnectRx
 .text.CapSense_CSXScan
                0x10087058       0x5c .\CortexM4\ARM_GCC_541\Debug\CapSense_SensingCSX_LL.o
                0x10087058                CapSense_CSXScan
 .text.CapSense_CSXDisconnectTx
                0x100870b4       0x64 .\CortexM4\ARM_GCC_541\Debug\CapSense_SensingCSX_LL.o
                0x100870b4                CapSense_CSXDisconnectTx
 .text.CapSense_CSXDisconnectRx
                0x10087118       0xac .\CortexM4\ARM_GCC_541\Debug\CapSense_SensingCSX_LL.o
                0x10087118                CapSense_CSXDisconnectRx
 .text.CapSense_SsCSXPostMultiScan
                0x100871c4       0xd0 .\CortexM4\ARM_GCC_541\Debug\CapSense_SensingCSX_LL.o
 .text.CapSense_CSXElectrodeCheck
                0x10087294       0x24 .\CortexM4\ARM_GCC_541\Debug\CapSense_SensingCSX_LL.o
                0x10087294                CapSense_CSXElectrodeCheck
 .text.CapSense_CSXSetupWidget
                0x100872b8       0x90 .\CortexM4\ARM_GCC_541\Debug\CapSense_SensingCSX_LL.o
                0x100872b8                CapSense_CSXSetupWidget
 .text.CapSense_SsCSXGetTxClkDivider
                0x10087348       0x14 .\CortexM4\ARM_GCC_541\Debug\CapSense_SensingCSX_LL.o
                0x10087348                CapSense_SsCSXGetTxClkDivider
 .text.CapSense_DpFindLocalMaxSd
                0x1008735c       0xd8 .\CortexM4\ARM_GCC_541\Debug\CapSense_Centroid_LL.o
                0x1008735c                CapSense_DpFindLocalMaxSd
 .text.CapSense_DpCalcLinearCentroid
                0x10087434       0x84 .\CortexM4\ARM_GCC_541\Debug\CapSense_Centroid_LL.o
                0x10087434                CapSense_DpCalcLinearCentroid
 .text.CapSense_InitPosFiltersSd
                0x100874b8        0x8 .\CortexM4\ARM_GCC_541\Debug\CapSense_Centroid_LL.o
                0x100874b8                CapSense_InitPosFiltersSd
 .text.CapSense_InitializeGestures
                0x100874c0       0x30 .\CortexM4\ARM_GCC_541\Debug\CapSense_Gesture.o
                0x100874c0                CapSense_InitializeGestures
 .text.UART_1_Interrupt
                0x100874f0       0x14 .\CortexM4\ARM_GCC_541\Debug\UART_1.o
 .text.UART_1_Start
                0x10087504       0x64 .\CortexM4\ARM_GCC_541\Debug\UART_1.o
                0x10087504                UART_1_Start
 .text.Gesture_Init
                0x10087568       0x80 C:\Program Files (x86)\Cypress\PSoC Creator\4.4\PSoC Creator\psoc\content\CyComponentLibrary\CyComponentLibrary.cylib\CapSense_TMG_v2_0\Library\Gestures_GCC_M4.a(Gesture.o)
                0x10087568                Gesture_Init
 .text.SmartSense_TunePrescalers
                0x100875e8       0x4c C:\Program Files (x86)\Cypress\PSoC Creator\4.4\PSoC Creator\psoc\content\CyComponentLibrary\CyComponentLibrary.cylib\CapSense_v3_0\Library\CapSense_Library_GCC_M4.a(CapSense_SmartSense_LL.o)
                0x100875e8                SmartSense_TunePrescalers
 .text.SmartSense_TuneSensitivity
                0x10087634       0x64 C:\Program Files (x86)\Cypress\PSoC Creator\4.4\PSoC Creator\psoc\content\CyComponentLibrary\CyComponentLibrary.cylib\CapSense_v3_0\Library\CapSense_Library_GCC_M4.a(CapSense_SmartSense_LL.o)
                0x10087634                SmartSense_TuneSensitivity
 .text.SmartSense_UpdateThresholds
                0x10087698       0x38 C:\Program Files (x86)\Cypress\PSoC Creator\4.4\PSoC Creator\psoc\content\CyComponentLibrary\CyComponentLibrary.cylib\CapSense_v3_0\Library\CapSense_Library_GCC_M4.a(CapSense_SmartSense_SL.o)
                0x10087698                SmartSense_UpdateThresholds
 .text.SmartSense_InitializeNoiseEnvelope
                0x100876d0       0x18 C:\Program Files (x86)\Cypress\PSoC Creator\4.4\PSoC Creator\psoc\content\CyComponentLibrary\CyComponentLibrary.cylib\CapSense_v3_0\Library\CapSense_Library_GCC_M4.a(CapSense_SmartSense_SL.o)
                0x100876d0                SmartSense_InitializeNoiseEnvelope
 .text.SmartSense_RunNoiseEnvelope
                0x100876e8       0x8a C:\Program Files (x86)\Cypress\PSoC Creator\4.4\PSoC Creator\psoc\content\CyComponentLibrary\CyComponentLibrary.cylib\CapSense_v3_0\Library\CapSense_Library_GCC_M4.a(CapSense_SmartSense_SL.o)
                0x100876e8                SmartSense_RunNoiseEnvelope
 *fill*         0x10087772        0x2 
 .text.GUI_DrawRect
                0x10087774       0x84 Generated_Source\PSoC6\pdl\middleware\emWin\libs\GCC\libemWin_osnts_gcc.a(GUI_2DLib.o)
                0x10087774                GUI_DrawRect
 .text._PushFreeBlock
                0x100877f8       0x20 Generated_Source\PSoC6\pdl\middleware\emWin\libs\GCC\libemWin_osnts_gcc.a(GUI_Alloc.o)
 .text._RemoveFreeBlock
                0x10087818       0x44 Generated_Source\PSoC6\pdl\middleware\emWin\libs\GCC\libemWin_osnts_gcc.a(GUI_Alloc.o)
 .text._AddFreeMemory
                0x1008785c       0xa8 Generated_Source\PSoC6\pdl\middleware\emWin\libs\GCC\libemWin_osnts_gcc.a(GUI_Alloc.o)
 .text._RemoveHoles
                0x10087904       0x94 Generated_Source\PSoC6\pdl\middleware\emWin\libs\GCC\libemWin_osnts_gcc.a(GUI_Alloc.o)
 .text.GUI_ALLOC_FreeFixedBlock
                0x10087998       0x18 Generated_Source\PSoC6\pdl\middleware\emWin\libs\GCC\libemWin_osnts_gcc.a(GUI_Alloc.o)
                0x10087998                GUI_ALLOC_FreeFixedBlock
 .text.GUI_ALLOC_h2p
                0x100879b0       0x14 Generated_Source\PSoC6\pdl\middleware\emWin\libs\GCC\libemWin_osnts_gcc.a(GUI_Alloc.o)
                0x100879b0                GUI_ALLOC_h2p
 .text.GUI_ALLOC_LockH
                0x100879c4       0x20 Generated_Source\PSoC6\pdl\middleware\emWin\libs\GCC\libemWin_osnts_gcc.a(GUI_Alloc.o)
                0x100879c4                GUI_ALLOC_LockH
 .text.GUI_ALLOC_UnlockH
                0x100879e4       0x30 Generated_Source\PSoC6\pdl\middleware\emWin\libs\GCC\libemWin_osnts_gcc.a(GUI_Alloc.o)
                0x100879e4                GUI_ALLOC_UnlockH
 .text.GUI_ALLOC_AssignMemory
                0x10087a14       0x10 Generated_Source\PSoC6\pdl\middleware\emWin\libs\GCC\libemWin_osnts_gcc.a(GUI_Alloc.o)
                0x10087a14                GUI_ALLOC_AssignMemory
 .text.GUI_ALLOC_Free
                0x10087a24       0x2c Generated_Source\PSoC6\pdl\middleware\emWin\libs\GCC\libemWin_osnts_gcc.a(GUI_Alloc.o)
                0x10087a24                GUI_ALLOC_Free
 .text._EnlargeBlocks
                0x10087a50       0x98 Generated_Source\PSoC6\pdl\middleware\emWin\libs\GCC\libemWin_osnts_gcc.a(GUI_Alloc.o)
 .text._InitOnce
                0x10087ae8       0x6c Generated_Source\PSoC6\pdl\middleware\emWin\libs\GCC\libemWin_osnts_gcc.a(GUI_Alloc.o)
 .text.GUI_ALLOC_GetFixedBlock
                0x10087b54       0xb8 Generated_Source\PSoC6\pdl\middleware\emWin\libs\GCC\libemWin_osnts_gcc.a(GUI_Alloc.o)
                0x10087b54                GUI_ALLOC_GetFixedBlock
 .text._Alloc   0x10087c0c      0x100 Generated_Source\PSoC6\pdl\middleware\emWin\libs\GCC\libemWin_osnts_gcc.a(GUI_Alloc.o)
 .text.GUI_ALLOC_AllocNoInit
                0x10087d0c       0x1e Generated_Source\PSoC6\pdl\middleware\emWin\libs\GCC\libemWin_osnts_gcc.a(GUI_Alloc.o)
                0x10087d0c                GUI_ALLOC_AllocNoInit
 *fill*         0x10087d2a        0x2 
 .text.GUI_ALLOC_AllocZero
                0x10087d2c       0x34 Generated_Source\PSoC6\pdl\middleware\emWin\libs\GCC\libemWin_osnts_gcc.a(GUI_Alloc.o)
                0x10087d2c                GUI_ALLOC_AllocZero
 .text.GUIMONO_DispChar
                0x10087d60      0x14c Generated_Source\PSoC6\pdl\middleware\emWin\libs\GCC\libemWin_osnts_gcc.a(GUI_CharM.o)
                0x10087d60                GUIMONO_DispChar
 .text.GUIMONO_GetCharDistX
                0x10087eac       0x18 Generated_Source\PSoC6\pdl\middleware\emWin\libs\GCC\libemWin_osnts_gcc.a(GUI_CharM.o)
                0x10087eac                GUIMONO_GetCharDistX
 .text.GUIMONO_GetFontInfo
                0x10087ec4        0x6 Generated_Source\PSoC6\pdl\middleware\emWin\libs\GCC\libemWin_osnts_gcc.a(GUI_CharM.o)
                0x10087ec4                GUIMONO_GetFontInfo
 .text.GUIMONO_IsInFont
                0x10087eca       0x36 Generated_Source\PSoC6\pdl\middleware\emWin\libs\GCC\libemWin_osnts_gcc.a(GUI_CharM.o)
                0x10087eca                GUIMONO_IsInFont
 .text.GUIPROP__FindChar
                0x10087f00       0x16 Generated_Source\PSoC6\pdl\middleware\emWin\libs\GCC\libemWin_osnts_gcc.a(GUI_CharP.o)
                0x10087f00                GUIPROP__FindChar
 *fill*         0x10087f16        0x2 
 .text.GUIPROP_DispChar
                0x10087f18       0xd4 Generated_Source\PSoC6\pdl\middleware\emWin\libs\GCC\libemWin_osnts_gcc.a(GUI_CharP.o)
                0x10087f18                GUIPROP_DispChar
 .text.GUIPROP_GetCharDistX
                0x10087fec       0x38 Generated_Source\PSoC6\pdl\middleware\emWin\libs\GCC\libemWin_osnts_gcc.a(GUI_CharP.o)
                0x10087fec                GUIPROP_GetCharDistX
 .text.GUIPROP_GetFontInfo
                0x10088024        0x6 Generated_Source\PSoC6\pdl\middleware\emWin\libs\GCC\libemWin_osnts_gcc.a(GUI_CharP.o)
                0x10088024                GUIPROP_GetFontInfo
 .text.GUIPROP_IsInFont
                0x1008802a       0x10 Generated_Source\PSoC6\pdl\middleware\emWin\libs\GCC\libemWin_osnts_gcc.a(GUI_CharP.o)
                0x1008802a                GUIPROP_IsInFont
 *fill*         0x1008803a        0x2 
 .text.Draw8Point
                0x1008803c       0xa0 Generated_Source\PSoC6\pdl\middleware\emWin\libs\GCC\libemWin_osnts_gcc.a(GUI_Circ.o)
 .text.GL_DrawCircle
                0x100880dc       0x70 Generated_Source\PSoC6\pdl\middleware\emWin\libs\GCC\libemWin_osnts_gcc.a(GUI_Circ.o)
                0x100880dc                GL_DrawCircle
 .text.GUI_DrawCircle
                0x1008814c       0x54 Generated_Source\PSoC6\pdl\middleware\emWin\libs\GCC\libemWin_osnts_gcc.a(GUI_Circ.o)
                0x1008814c                GUI_DrawCircle
 .text.GL_FillCircle
                0x100881a0       0xcc Generated_Source\PSoC6\pdl\middleware\emWin\libs\GCC\libemWin_osnts_gcc.a(GUI_Circ.o)
                0x100881a0                GL_FillCircle
 .text.GUI_CalcColorDist
                0x1008826c       0x54 Generated_Source\PSoC6\pdl\middleware\emWin\libs\GCC\libemWin_osnts_gcc.a(GUI_Common.o)
                0x1008826c                GUI_CalcColorDist
 .text.GUI_GetBkColor
                0x100882c0       0x18 Generated_Source\PSoC6\pdl\middleware\emWin\libs\GCC\libemWin_osnts_gcc.a(GUI_Common.o)
                0x100882c0                GUI_GetBkColor
 .text.GUI_GetColor
                0x100882d8       0x18 Generated_Source\PSoC6\pdl\middleware\emWin\libs\GCC\libemWin_osnts_gcc.a(GUI_Common.o)
                0x100882d8                GUI_GetColor
 .text.GUI_MergeRect
                0x100882f0       0x62 Generated_Source\PSoC6\pdl\middleware\emWin\libs\GCC\libemWin_osnts_gcc.a(GUI_Common.o)
                0x100882f0                GUI_MergeRect
 .text.GUI_MoveRect
                0x10088352       0x22 Generated_Source\PSoC6\pdl\middleware\emWin\libs\GCC\libemWin_osnts_gcc.a(GUI_Common.o)
                0x10088352                GUI_MoveRect
 .text.GUI_GotoXY
                0x10088374       0x20 Generated_Source\PSoC6\pdl\middleware\emWin\libs\GCC\libemWin_osnts_gcc.a(GUI_Common.o)
                0x10088374                GUI_GotoXY
 .text.GUI_SetPenSize
                0x10088394       0x1c Generated_Source\PSoC6\pdl\middleware\emWin\libs\GCC\libemWin_osnts_gcc.a(GUI_Common.o)
                0x10088394                GUI_SetPenSize
 .text.GUI_RectsIntersect
                0x100883b0       0x3c Generated_Source\PSoC6\pdl\middleware\emWin\libs\GCC\libemWin_osnts_gcc.a(GUI_Common.o)
                0x100883b0                GUI_RectsIntersect
 .text.GUI_SelectLCD
                0x100883ec       0x18 Generated_Source\PSoC6\pdl\middleware\emWin\libs\GCC\libemWin_osnts_gcc.a(GUI_Common.o)
                0x100883ec                GUI_SelectLCD
 .text.GUI_SetBkColor
                0x10088404       0x14 Generated_Source\PSoC6\pdl\middleware\emWin\libs\GCC\libemWin_osnts_gcc.a(GUI_Common.o)
                0x10088404                GUI_SetBkColor
 .text.GUI_SetColor
                0x10088418       0x14 Generated_Source\PSoC6\pdl\middleware\emWin\libs\GCC\libemWin_osnts_gcc.a(GUI_Common.o)
                0x10088418                GUI_SetColor
 .text.GUI_SetFont
                0x1008842c       0x20 Generated_Source\PSoC6\pdl\middleware\emWin\libs\GCC\libemWin_osnts_gcc.a(GUI_Common.o)
                0x1008842c                GUI_SetFont
 .text.GUI_SetOrg
                0x1008844c       0x40 Generated_Source\PSoC6\pdl\middleware\emWin\libs\GCC\libemWin_osnts_gcc.a(GUI_Common.o)
                0x1008844c                GUI_SetOrg
 .text.GUI_SetTextAlign
                0x1008848c       0x20 Generated_Source\PSoC6\pdl\middleware\emWin\libs\GCC\libemWin_osnts_gcc.a(GUI_Common.o)
                0x1008848c                GUI_SetTextAlign
 .text._OnExit  0x100884ac       0x44 Generated_Source\PSoC6\pdl\middleware\emWin\libs\GCC\libemWin_osnts_gcc.a(GUI_Core.o)
 .text.GUI_SetDefaultFont
                0x100884f0        0xc Generated_Source\PSoC6\pdl\middleware\emWin\libs\GCC\libemWin_osnts_gcc.a(GUI_Core.o)
                0x100884f0                GUI_SetDefaultFont
 .text.GUI_ClearRect
                0x100884fc       0x64 Generated_Source\PSoC6\pdl\middleware\emWin\libs\GCC\libemWin_osnts_gcc.a(GUI_Core.o)
                0x100884fc                GUI_ClearRect
 .text.GUI_Clear
                0x10088560       0x20 Generated_Source\PSoC6\pdl\middleware\emWin\libs\GCC\libemWin_osnts_gcc.a(GUI_Core.o)
                0x10088560                GUI_Clear
 .text.GUI__RegisterExit
                0x10088580       0x10 Generated_Source\PSoC6\pdl\middleware\emWin\libs\GCC\libemWin_osnts_gcc.a(GUI_Core.o)
                0x10088580                GUI__RegisterExit
 .text.GUI__Config
                0x10088590       0x34 Generated_Source\PSoC6\pdl\middleware\emWin\libs\GCC\libemWin_osnts_gcc.a(GUI_Core.o)
                0x10088590                GUI__Config
 .text.GUI_Init
                0x100885c4       0xfc Generated_Source\PSoC6\pdl\middleware\emWin\libs\GCC\libemWin_osnts_gcc.a(GUI_Core.o)
                0x100885c4                GUI_Init
 .text.GUI_DEVICE__GetpDriver
                0x100886c0       0x24 Generated_Source\PSoC6\pdl\middleware\emWin\libs\GCC\libemWin_osnts_gcc.a(GUI_Device.o)
                0x100886c0                GUI_DEVICE__GetpDriver
 .text.GUI_DEVICE_Delete
                0x100886e4        0x8 Generated_Source\PSoC6\pdl\middleware\emWin\libs\GCC\libemWin_osnts_gcc.a(GUI_Device.o)
                0x100886e4                GUI_DEVICE_Delete
 .text.GUI_DEVICE_Create
                0x100886ec       0x50 Generated_Source\PSoC6\pdl\middleware\emWin\libs\GCC\libemWin_osnts_gcc.a(GUI_Device.o)
                0x100886ec                GUI_DEVICE_Create
 .text.GUI_DEVICE_Unlink
                0x1008873c       0x38 Generated_Source\PSoC6\pdl\middleware\emWin\libs\GCC\libemWin_osnts_gcc.a(GUI_Device.o)
                0x1008873c                GUI_DEVICE_Unlink
 .text.GUI_DEVICE_Link
                0x10088774       0x8c Generated_Source\PSoC6\pdl\middleware\emWin\libs\GCC\libemWin_osnts_gcc.a(GUI_Device.o)
                0x10088774                GUI_DEVICE_Link
 .text.GUI_DEVICE_CreateAndLink
                0x10088800       0x2c Generated_Source\PSoC6\pdl\middleware\emWin\libs\GCC\libemWin_osnts_gcc.a(GUI_Device.o)
                0x10088800                GUI_DEVICE_CreateAndLink
 .text.GUI_DEVICE_UnlinkTaskDevices
                0x1008882c        0x4 Generated_Source\PSoC6\pdl\middleware\emWin\libs\GCC\libemWin_osnts_gcc.a(GUI_Device.o)
                0x1008882c                GUI_DEVICE_UnlinkTaskDevices
 .text.GUI_DEVICE_LinkDevices
                0x10088830       0x12 Generated_Source\PSoC6\pdl\middleware\emWin\libs\GCC\libemWin_osnts_gcc.a(GUI_Device.o)
                0x10088830                GUI_DEVICE_LinkDevices
 *fill*         0x10088842        0x2 
 .text.GUI_DispString
                0x10088844      0x118 Generated_Source\PSoC6\pdl\middleware\emWin\libs\GCC\libemWin_osnts_gcc.a(GUI_DispString.o)
                0x10088844                GUI_DispString
 .text.GUI_DispStringAt
                0x1008895c       0x24 Generated_Source\PSoC6\pdl\middleware\emWin\libs\GCC\libemWin_osnts_gcc.a(GUI_DispString.o)
                0x1008895c                GUI_DispStringAt
 .text.GUI_DrawGraph
                0x10088980       0xfc Generated_Source\PSoC6\pdl\middleware\emWin\libs\GCC\libemWin_osnts_gcc.a(GUI_DrawGraph.o)
                0x10088980                GUI_DrawGraph
 .text._SetLineColor
                0x10088a7c       0x8c Generated_Source\PSoC6\pdl\middleware\emWin\libs\GCC\libemWin_osnts_gcc.a(GUI_DrawLine.o)
 .text.GUI_sin  0x10088b08       0x5c Generated_Source\PSoC6\pdl\middleware\emWin\libs\GCC\libemWin_osnts_gcc.a(GUI_DrawLine.o)
                0x10088b08                GUI_sin
 .text.GUI_cos  0x10088b64        0xe Generated_Source\PSoC6\pdl\middleware\emWin\libs\GCC\libemWin_osnts_gcc.a(GUI_DrawLine.o)
                0x10088b64                GUI_cos
 *fill*         0x10088b72        0x2 
 .text.GL_DrawLine1Ex
                0x10088b74      0x1a8 Generated_Source\PSoC6\pdl\middleware\emWin\libs\GCC\libemWin_osnts_gcc.a(GUI_DrawLine.o)
                0x10088b74                GL_DrawLine1Ex
 .text.GL_DrawLineEx
                0x10088d1c      0x19c Generated_Source\PSoC6\pdl\middleware\emWin\libs\GCC\libemWin_osnts_gcc.a(GUI_DrawLine.o)
                0x10088d1c                GL_DrawLineEx
 .text.GL_DrawLine
                0x10088eb8       0x10 Generated_Source\PSoC6\pdl\middleware\emWin\libs\GCC\libemWin_osnts_gcc.a(GUI_DrawLine.o)
                0x10088eb8                GL_DrawLine
 .text.GUI_DrawLine
                0x10088ec8       0x40 Generated_Source\PSoC6\pdl\middleware\emWin\libs\GCC\libemWin_osnts_gcc.a(GUI_DrawLine.o)
                0x10088ec8                GUI_DrawLine
 .text._Add     0x10088f08       0x4c Generated_Source\PSoC6\pdl\middleware\emWin\libs\GCC\libemWin_osnts_gcc.a(GUI_FillPolygon.o)
 .text.GL_FillPolygon
                0x10088f54      0x1d4 Generated_Source\PSoC6\pdl\middleware\emWin\libs\GCC\libemWin_osnts_gcc.a(GUI_FillPolygon.o)
                0x10088f54                GL_FillPolygon
 .text.GUI_StoreKey
                0x10089128       0x18 Generated_Source\PSoC6\pdl\middleware\emWin\libs\GCC\libemWin_osnts_gcc.a(GUI_OnKey.o)
                0x10089128                GUI_StoreKey
 .text._GetTaskNo
                0x10089140       0x40 Generated_Source\PSoC6\pdl\middleware\emWin\libs\GCC\libemWin_osnts_gcc.a(GUI_Task.o)
 .text._OnExit  0x10089180       0x14 Generated_Source\PSoC6\pdl\middleware\emWin\libs\GCC\libemWin_osnts_gcc.a(GUI_Task.o)
 .text.GUI_Unlock
                0x10089194       0x18 Generated_Source\PSoC6\pdl\middleware\emWin\libs\GCC\libemWin_osnts_gcc.a(GUI_Task.o)
                0x10089194                GUI_Unlock
 .text.GUI_Lock
                0x100891ac       0x70 Generated_Source\PSoC6\pdl\middleware\emWin\libs\GCC\libemWin_osnts_gcc.a(GUI_Task.o)
                0x100891ac                GUI_Lock
 .text.GUITASK_Init
                0x1008921c       0x4c Generated_Source\PSoC6\pdl\middleware\emWin\libs\GCC\libemWin_osnts_gcc.a(GUI_Task.o)
                0x1008921c                GUITASK_Init
 .text.GUITASK_CopyContext
                0x10089268       0x5c Generated_Source\PSoC6\pdl\middleware\emWin\libs\GCC\libemWin_osnts_gcc.a(GUI_Task.o)
                0x10089268                GUITASK_CopyContext
 .text.GUI_UC__GetCharCodeInc
                0x100892c4       0x28 Generated_Source\PSoC6\pdl\middleware\emWin\libs\GCC\libemWin_osnts_gcc.a(GUI_UC.o)
                0x100892c4                GUI_UC__GetCharCodeInc
 .text.GUI_UC__NumChars2NumBytes
                0x100892ec       0x28 Generated_Source\PSoC6\pdl\middleware\emWin\libs\GCC\libemWin_osnts_gcc.a(GUI_UC.o)
                0x100892ec                GUI_UC__NumChars2NumBytes
 .text._GetCharCode
                0x10089314        0x4 Generated_Source\PSoC6\pdl\middleware\emWin\libs\GCC\libemWin_osnts_gcc.a(GUI_UC_EncodeNone.o)
 .text._GetCharSize
                0x10089318        0x4 Generated_Source\PSoC6\pdl\middleware\emWin\libs\GCC\libemWin_osnts_gcc.a(GUI_UC_EncodeNone.o)
 .text._CalcSizeOfChar
                0x1008931c        0x4 Generated_Source\PSoC6\pdl\middleware\emWin\libs\GCC\libemWin_osnts_gcc.a(GUI_UC_EncodeNone.o)
 .text._Encode  0x10089320        0x6 Generated_Source\PSoC6\pdl\middleware\emWin\libs\GCC\libemWin_osnts_gcc.a(GUI_UC_EncodeNone.o)
 *fill*         0x10089326        0x2 
 .text.GUI_SignalEvent
                0x10089328       0x14 Generated_Source\PSoC6\pdl\middleware\emWin\libs\GCC\libemWin_osnts_gcc.a(GUI_WaitEvent.o)
                0x10089328                GUI_SignalEvent
 .text.LCD_Color2Index_1
                0x1008933c       0x28 Generated_Source\PSoC6\pdl\middleware\emWin\libs\GCC\libemWin_osnts_gcc.a(GUICC_1.o)
 .text._Index2Color_1
                0x10089364        0xc Generated_Source\PSoC6\pdl\middleware\emWin\libs\GCC\libemWin_osnts_gcc.a(GUICC_1.o)
 .text._GetIndexMask_1
                0x10089370        0x4 Generated_Source\PSoC6\pdl\middleware\emWin\libs\GCC\libemWin_osnts_gcc.a(GUICC_1.o)
 .text._SetPixelIndex
                0x10089374       0x80 Generated_Source\PSoC6\pdl\middleware\emWin\libs\GCC\libemWin_osnts_gcc.a(GUIDRV_BitPlains.o)
 .text._GetPixelIndex
                0x100893f4       0x5c Generated_Source\PSoC6\pdl\middleware\emWin\libs\GCC\libemWin_osnts_gcc.a(GUIDRV_BitPlains.o)
 .text._XorPixel
                0x10089450       0x24 Generated_Source\PSoC6\pdl\middleware\emWin\libs\GCC\libemWin_osnts_gcc.a(GUIDRV_BitPlains.o)
 .text._DrawHLine
                0x10089474      0x2b0 Generated_Source\PSoC6\pdl\middleware\emWin\libs\GCC\libemWin_osnts_gcc.a(GUIDRV_BitPlains.o)
 .text._FillRect
                0x10089724       0x22 Generated_Source\PSoC6\pdl\middleware\emWin\libs\GCC\libemWin_osnts_gcc.a(GUIDRV_BitPlains.o)
 .text._GetRect
                0x10089746       0x16 Generated_Source\PSoC6\pdl\middleware\emWin\libs\GCC\libemWin_osnts_gcc.a(GUIDRV_BitPlains.o)
 .text._GetDevProp
                0x1008975c       0x46 Generated_Source\PSoC6\pdl\middleware\emWin\libs\GCC\libemWin_osnts_gcc.a(GUIDRV_BitPlains.o)
 *fill*         0x100897a2        0x2 
 .text._GetDevFunc
                0x100897a4       0x14 Generated_Source\PSoC6\pdl\middleware\emWin\libs\GCC\libemWin_osnts_gcc.a(GUIDRV_BitPlains.o)
 .text._GetDevData
                0x100897b8       0x38 Generated_Source\PSoC6\pdl\middleware\emWin\libs\GCC\libemWin_osnts_gcc.a(GUIDRV_BitPlains.o)
 .text._Off     0x100897f0        0xe Generated_Source\PSoC6\pdl\middleware\emWin\libs\GCC\libemWin_osnts_gcc.a(GUIDRV_BitPlains.o)
 .text._On      0x100897fe        0xe Generated_Source\PSoC6\pdl\middleware\emWin\libs\GCC\libemWin_osnts_gcc.a(GUIDRV_BitPlains.o)
 .text._SetOrg  0x1008980c       0x22 Generated_Source\PSoC6\pdl\middleware\emWin\libs\GCC\libemWin_osnts_gcc.a(GUIDRV_BitPlains.o)
 *fill*         0x1008982e        0x2 
 .text._DrawVLine
                0x10089830       0x48 Generated_Source\PSoC6\pdl\middleware\emWin\libs\GCC\libemWin_osnts_gcc.a(GUIDRV_BitPlains.o)
 .text._DrawBitmap
                0x10089878      0x8d8 Generated_Source\PSoC6\pdl\middleware\emWin\libs\GCC\libemWin_osnts_gcc.a(GUIDRV_BitPlains.o)
 .text._InitOnce.isra.2
                0x1008a150       0x2c Generated_Source\PSoC6\pdl\middleware\emWin\libs\GCC\libemWin_osnts_gcc.a(GUIDRV_BitPlains.o)
 .text._Init    0x1008a17c       0x1a Generated_Source\PSoC6\pdl\middleware\emWin\libs\GCC\libemWin_osnts_gcc.a(GUIDRV_BitPlains.o)
 .text._SetSize
                0x1008a196       0x3c Generated_Source\PSoC6\pdl\middleware\emWin\libs\GCC\libemWin_osnts_gcc.a(GUIDRV_BitPlains.o)
 .text._SetVSize
                0x1008a1d2       0x1c Generated_Source\PSoC6\pdl\middleware\emWin\libs\GCC\libemWin_osnts_gcc.a(GUIDRV_BitPlains.o)
 .text._SetVRAMAddr
                0x1008a1ee       0x40 Generated_Source\PSoC6\pdl\middleware\emWin\libs\GCC\libemWin_osnts_gcc.a(GUIDRV_BitPlains.o)
 .text.GUIDRV_BitPlains_Config
                0x1008a22e       0x18 Generated_Source\PSoC6\pdl\middleware\emWin\libs\GCC\libemWin_osnts_gcc.a(GUIDRV_BitPlains.o)
                0x1008a22e                GUIDRV_BitPlains_Config
 *fill*         0x1008a246        0x2 
 .text._SetDrawMode
                0x1008a248       0x28 Generated_Source\PSoC6\pdl\middleware\emWin\libs\GCC\libemWin_osnts_gcc.a(LCD.o)
 .text.LCD_SetDrawMode
                0x1008a270       0x10 Generated_Source\PSoC6\pdl\middleware\emWin\libs\GCC\libemWin_osnts_gcc.a(LCD.o)
                0x1008a270                LCD_SetDrawMode
 .text.LCD_DrawPixel
                0x1008a280       0x5c Generated_Source\PSoC6\pdl\middleware\emWin\libs\GCC\libemWin_osnts_gcc.a(LCD.o)
                0x1008a280                LCD_DrawPixel
 .text.LCD_DrawHLine
                0x1008a2dc       0x4c Generated_Source\PSoC6\pdl\middleware\emWin\libs\GCC\libemWin_osnts_gcc.a(LCD.o)
                0x1008a2dc                LCD_DrawHLine
 .text.LCD_DrawVLine
                0x1008a328       0x4c Generated_Source\PSoC6\pdl\middleware\emWin\libs\GCC\libemWin_osnts_gcc.a(LCD.o)
                0x1008a328                LCD_DrawVLine
 .text.LCD_FillRect
                0x1008a374       0x54 Generated_Source\PSoC6\pdl\middleware\emWin\libs\GCC\libemWin_osnts_gcc.a(LCD.o)
                0x1008a374                LCD_FillRect
 .text.LCD__DrawBitmap_1bpp
                0x1008a3c8      0x1cc Generated_Source\PSoC6\pdl\middleware\emWin\libs\GCC\libemWin_osnts_gcc.a(LCD.o)
                0x1008a3c8                LCD__DrawBitmap_1bpp
 .text.LCD_DrawBitmap
                0x1008a594      0x20c Generated_Source\PSoC6\pdl\middleware\emWin\libs\GCC\libemWin_osnts_gcc.a(LCD.o)
                0x1008a594                LCD_DrawBitmap
 .text.LCD_SetClipRectMax
                0x1008a7a0       0x20 Generated_Source\PSoC6\pdl\middleware\emWin\libs\GCC\libemWin_osnts_gcc.a(LCD.o)
                0x1008a7a0                LCD_SetClipRectMax
 .text.LCD_Init
                0x1008a7c0       0x94 Generated_Source\PSoC6\pdl\middleware\emWin\libs\GCC\libemWin_osnts_gcc.a(LCD.o)
                0x1008a7c0                LCD_Init
 .text.LCD_Color2Index
                0x1008a854       0x20 Generated_Source\PSoC6\pdl\middleware\emWin\libs\GCC\libemWin_osnts_gcc.a(LCD.o)
                0x1008a854                LCD_Color2Index
 .text.LCD_Index2Color
                0x1008a874       0x20 Generated_Source\PSoC6\pdl\middleware\emWin\libs\GCC\libemWin_osnts_gcc.a(LCD.o)
                0x1008a874                LCD_Index2Color
 .text.LCD_SetColorIndex
                0x1008a894       0x18 Generated_Source\PSoC6\pdl\middleware\emWin\libs\GCC\libemWin_osnts_gcc.a(LCD.o)
                0x1008a894                LCD_SetColorIndex
 .text._SetColor
                0x1008a8ac       0x1c Generated_Source\PSoC6\pdl\middleware\emWin\libs\GCC\libemWin_osnts_gcc.a(LCD.o)
 .text.LCD_SetBkColorIndex
                0x1008a8c8       0x18 Generated_Source\PSoC6\pdl\middleware\emWin\libs\GCC\libemWin_osnts_gcc.a(LCD.o)
                0x1008a8c8                LCD_SetBkColorIndex
 .text._SetBkColor
                0x1008a8e0       0x1c Generated_Source\PSoC6\pdl\middleware\emWin\libs\GCC\libemWin_osnts_gcc.a(LCD.o)
 .text.LCD_SetBkColor
                0x1008a8fc       0x10 Generated_Source\PSoC6\pdl\middleware\emWin\libs\GCC\libemWin_osnts_gcc.a(LCD.o)
                0x1008a8fc                LCD_SetBkColor
 .text.LCD_SetColor
                0x1008a90c       0x10 Generated_Source\PSoC6\pdl\middleware\emWin\libs\GCC\libemWin_osnts_gcc.a(LCD.o)
                0x1008a90c                LCD_SetColor
 .text._OnExit  0x1008a91c       0x1c Generated_Source\PSoC6\pdl\middleware\emWin\libs\GCC\libemWin_osnts_gcc.a(LCD_Color.o)
 .text.LCD_InitColors
                0x1008a938       0x40 Generated_Source\PSoC6\pdl\middleware\emWin\libs\GCC\libemWin_osnts_gcc.a(LCD_Color.o)
                0x1008a938                LCD_InitColors
 .text.LCD_GetpPalConvTableUncached
                0x1008a978       0x68 Generated_Source\PSoC6\pdl\middleware\emWin\libs\GCC\libemWin_osnts_gcc.a(LCD_Color.o)
                0x1008a978                LCD_GetpPalConvTableUncached
 .text.LCD_GetpPalConvTableBM
                0x1008a9e0        0x8 Generated_Source\PSoC6\pdl\middleware\emWin\libs\GCC\libemWin_osnts_gcc.a(LCD_Color.o)
                0x1008a9e0                LCD_GetpPalConvTableBM
 .text.LCD_InitLUT
                0x1008a9e8       0x7c Generated_Source\PSoC6\pdl\middleware\emWin\libs\GCC\libemWin_osnts_gcc.a(LCD_Color.o)
                0x1008a9e8                LCD_InitLUT
 .text.LCD_GetBkColorIndex
                0x1008aa64       0x10 Generated_Source\PSoC6\pdl\middleware\emWin\libs\GCC\libemWin_osnts_gcc.a(LCD_GetColorIndex.o)
                0x1008aa64                LCD_GetBkColorIndex
 .text.LCD_GetColorIndex
                0x1008aa74       0x10 Generated_Source\PSoC6\pdl\middleware\emWin\libs\GCC\libemWin_osnts_gcc.a(LCD_GetColorIndex.o)
                0x1008aa74                LCD_GetColorIndex
 .text._GetDevProp.part.0
                0x1008aa84       0x16 Generated_Source\PSoC6\pdl\middleware\emWin\libs\GCC\libemWin_osnts_gcc.a(LCD_GetEx.o)
 .text._GetDevProp
                0x1008aa9a       0x12 Generated_Source\PSoC6\pdl\middleware\emWin\libs\GCC\libemWin_osnts_gcc.a(LCD_GetEx.o)
 .text._GetMaxValue
                0x1008aaac       0x12 Generated_Source\PSoC6\pdl\middleware\emWin\libs\GCC\libemWin_osnts_gcc.a(LCD_GetEx.o)
 .text.LCD_GetBitsPerPixelEx
                0x1008aabe        0xa Generated_Source\PSoC6\pdl\middleware\emWin\libs\GCC\libemWin_osnts_gcc.a(LCD_GetEx.o)
                0x1008aabe                LCD_GetBitsPerPixelEx
 .text.LCD_GetNumColorsEx
                0x1008aac8        0xa Generated_Source\PSoC6\pdl\middleware\emWin\libs\GCC\libemWin_osnts_gcc.a(LCD_GetEx.o)
                0x1008aac8                LCD_GetNumColorsEx
 .text.LCD_GetSwapXYEx
                0x1008aad2        0xa Generated_Source\PSoC6\pdl\middleware\emWin\libs\GCC\libemWin_osnts_gcc.a(LCD_GetEx.o)
                0x1008aad2                LCD_GetSwapXYEx
 .text.LCD_GetNumColors
                0x1008aadc       0x14 Generated_Source\PSoC6\pdl\middleware\emWin\libs\GCC\libemWin_osnts_gcc.a(LCD_GetEx.o)
                0x1008aadc                LCD_GetNumColors
 .text.LCD_GetSwapXY
                0x1008aaf0       0x14 Generated_Source\PSoC6\pdl\middleware\emWin\libs\GCC\libemWin_osnts_gcc.a(LCD_GetEx.o)
                0x1008aaf0                LCD_GetSwapXY
 .text.GUI_GetBitsPerPixelEx
                0x1008ab04       0x18 Generated_Source\PSoC6\pdl\middleware\emWin\libs\GCC\libemWin_osnts_gcc.a(LCD_GetEx.o)
                0x1008ab04                GUI_GetBitsPerPixelEx
 .text.LCD_GetPaletteEx
                0x1008ab1c       0x14 Generated_Source\PSoC6\pdl\middleware\emWin\libs\GCC\libemWin_osnts_gcc.a(LCD_GetEx.o)
                0x1008ab1c                LCD_GetPaletteEx
 .text.LCD_GetPalette
                0x1008ab30       0x14 Generated_Source\PSoC6\pdl\middleware\emWin\libs\GCC\libemWin_osnts_gcc.a(LCD_GetEx.o)
                0x1008ab30                LCD_GetPalette
 .text.GUI_GetpfIndex2ColorEx
                0x1008ab44       0x10 Generated_Source\PSoC6\pdl\middleware\emWin\libs\GCC\libemWin_osnts_gcc.a(LCD_GetEx.o)
                0x1008ab44                GUI_GetpfIndex2ColorEx
 .text.GUI_GetpfColor2IndexEx