Archive member included to satisfy reference by file (symbol)

Generated_Source\PSoC6\pdl\middleware\emWin\libs\GCC\libemWin_nosnts_gcc.a(F08_1.o)
                              .\CortexM4\ARM_GCC_541\Debug\main_cm4.o (GUI_Font8_1)
Generated_Source\PSoC6\pdl\middleware\emWin\libs\GCC\libemWin_nosnts_gcc.a(F08_ASCII.o)
                              Generated_Source\PSoC6\pdl\middleware\emWin\libs\GCC\libemWin_nosnts_gcc.a(F08_1.o) (GUI_Font8ASCII_Prop)
Generated_Source\PSoC6\pdl\middleware\emWin\libs\GCC\libemWin_nosnts_gcc.a(F6x8.o)
                              .\CortexM4\ARM_GCC_541\Debug\GUIConf.o (GUI_Font6x8)
Generated_Source\PSoC6\pdl\middleware\emWin\libs\GCC\libemWin_nosnts_gcc.a(GUI_2DLib.o)
                              .\CortexM4\ARM_GCC_541\Debug\main_cm4.o (GUI_DrawRect)
Generated_Source\PSoC6\pdl\middleware\emWin\libs\GCC\libemWin_nosnts_gcc.a(GUI_Alloc.o)
                              .\CortexM4\ARM_GCC_541\Debug\GUIConf.o (GUI_ALLOC_AssignMemory)
Generated_Source\PSoC6\pdl\middleware\emWin\libs\GCC\libemWin_nosnts_gcc.a(GUI_CharM.o)
                              Generated_Source\PSoC6\pdl\middleware\emWin\libs\GCC\libemWin_nosnts_gcc.a(F6x8.o) (GUIMONO_DispChar)
Generated_Source\PSoC6\pdl\middleware\emWin\libs\GCC\libemWin_nosnts_gcc.a(GUI_CharP.o)
                              Generated_Source\PSoC6\pdl\middleware\emWin\libs\GCC\libemWin_nosnts_gcc.a(F08_1.o) (GUIPROP_DispChar)
Generated_Source\PSoC6\pdl\middleware\emWin\libs\GCC\libemWin_nosnts_gcc.a(GUI_Common.o)
                              Generated_Source\PSoC6\pdl\middleware\emWin\libs\GCC\libemWin_nosnts_gcc.a(GUI_CharP.o) (GUI_GetBkColor)
Generated_Source\PSoC6\pdl\middleware\emWin\libs\GCC\libemWin_nosnts_gcc.a(GUI_Core.o)
                              Generated_Source\PSoC6\pdl\middleware\emWin\libs\GCC\libemWin_nosnts_gcc.a(GUI_Common.o) (GUI__apDevice)
Generated_Source\PSoC6\pdl\middleware\emWin\libs\GCC\libemWin_nosnts_gcc.a(GUI_Device.o)
                              .\CortexM4\ARM_GCC_541\Debug\LCDConf.o (GUI_DEVICE_CreateAndLink)
Generated_Source\PSoC6\pdl\middleware\emWin\libs\GCC\libemWin_nosnts_gcc.a(GUI_DispString.o)
                              Generated_Source\PSoC6\pdl\middleware\emWin\libs\GCC\libemWin_nosnts_gcc.a(GUI_Common.o) (GUI_DispString)
Generated_Source\PSoC6\pdl\middleware\emWin\libs\GCC\libemWin_nosnts_gcc.a(GUI_DispStringInRectEx.o)
                              Generated_Source\PSoC6\pdl\middleware\emWin\libs\GCC\libemWin_nosnts_gcc.a(GUI_DispString.o) (GUI_DispStringInRectEx)
Generated_Source\PSoC6\pdl\middleware\emWin\libs\GCC\libemWin_nosnts_gcc.a(GUI_DrawGraph.o)
                              .\CortexM4\ARM_GCC_541\Debug\main_cm4.o (GUI_DrawGraph)
Generated_Source\PSoC6\pdl\middleware\emWin\libs\GCC\libemWin_nosnts_gcc.a(GUI_DrawLine.o)
                              .\CortexM4\ARM_GCC_541\Debug\main_cm4.o (GUI_DrawLine)
Generated_Source\PSoC6\pdl\middleware\emWin\libs\GCC\libemWin_nosnts_gcc.a(GUI_FillPolygon.o)
                              Generated_Source\PSoC6\pdl\middleware\emWin\libs\GCC\libemWin_nosnts_gcc.a(GUI_DrawLine.o) (GL_FillPolygon)
Generated_Source\PSoC6\pdl\middleware\emWin\libs\GCC\libemWin_nosnts_gcc.a(GUI_OnKey.o)
                              Generated_Source\PSoC6\pdl\middleware\emWin\libs\GCC\libemWin_nosnts_gcc.a(GUI_Common.o) (GUI_GetKey)
Generated_Source\PSoC6\pdl\middleware\emWin\libs\GCC\libemWin_nosnts_gcc.a(GUI_UC.o)
                              Generated_Source\PSoC6\pdl\middleware\emWin\libs\GCC\libemWin_nosnts_gcc.a(GUI_DispString.o) (GUI_UC__GetCharCodeInc)
Generated_Source\PSoC6\pdl\middleware\emWin\libs\GCC\libemWin_nosnts_gcc.a(GUI_UC_EncodeNone.o)
                              Generated_Source\PSoC6\pdl\middleware\emWin\libs\GCC\libemWin_nosnts_gcc.a(GUI_Core.o) (GUI_UC_None)
Generated_Source\PSoC6\pdl\middleware\emWin\libs\GCC\libemWin_nosnts_gcc.a(GUI_WaitEvent.o)
                              Generated_Source\PSoC6\pdl\middleware\emWin\libs\GCC\libemWin_nosnts_gcc.a(GUI_OnKey.o) (GUI_SignalEvent)
Generated_Source\PSoC6\pdl\middleware\emWin\libs\GCC\libemWin_nosnts_gcc.a(GUICC_1.o)
                              .\CortexM4\ARM_GCC_541\Debug\LCDConf.o (LCD_API_ColorConv_1)
Generated_Source\PSoC6\pdl\middleware\emWin\libs\GCC\libemWin_nosnts_gcc.a(GUIDRV_BitPlains.o)
                              .\CortexM4\ARM_GCC_541\Debug\LCDConf.o (GUIDRV_BitPlains_Config)
Generated_Source\PSoC6\pdl\middleware\emWin\libs\GCC\libemWin_nosnts_gcc.a(LCD.o)
                              Generated_Source\PSoC6\pdl\middleware\emWin\libs\GCC\libemWin_nosnts_gcc.a(GUI_CharM.o) (LCD_SetDrawMode)
Generated_Source\PSoC6\pdl\middleware\emWin\libs\GCC\libemWin_nosnts_gcc.a(LCD_Color.o)
                              Generated_Source\PSoC6\pdl\middleware\emWin\libs\GCC\libemWin_nosnts_gcc.a(LCD.o) (LCD_InitColors)
Generated_Source\PSoC6\pdl\middleware\emWin\libs\GCC\libemWin_nosnts_gcc.a(LCD_GetColorIndex.o)
[...]
Memory Configuration

Name             Origin             Length             Attributes
ram              0x08024000         0x00023800         xrw
flash            0x10080000         0x00080000         xr
em_eeprom        0x14000000         0x00008000         xr
sflash_user_data 0x16000800         0x00000800         xr
sflash_nar       0x16001a00         0x00000200         xr
sflash_public_key 0x16005a00         0x00000c00         xr
sflash_toc_2     0x16007c00         0x00000200         xr
sflash_rtoc_2    0x16007e00         0x00000200         xr
xip              0x18000000         0x08000000         xr
efuse            0x90700000         0x00100000         r
*default*        0x00000000         0xffffffff

Linker script and memory map

LOAD c:/program files (x86)/cypress/psoc creator/4.4/psoc creator/import/gnu/arm/5.4.1/bin/../lib/gcc/arm-none-eabi/5.4.1/armv7e-m/softfp/crti.o
LOAD c:/program files (x86)/cypress/psoc creator/4.4/psoc creator/import/gnu/arm/5.4.1/bin/../lib/gcc/arm-none-eabi/5.4.1/armv7e-m/softfp/crtbegin.o
LOAD c:/program files (x86)/cypress/psoc creator/4.4/psoc creator/import/gnu/arm/5.4.1/bin/../lib/gcc/arm-none-eabi/5.4.1/../../../../arm-none-eabi/lib/armv7e-m/softfp/crt0.o
START GROUP
LOAD Generated_Source\PSoC6\pdl\middleware\emWin\libs\GCC\libemWin_nosnts_gcc.a
LOAD .\CortexM4\ARM_GCC_541\Debug\startup_psoc6_01_cm4.o
LOAD .\CortexM4\ARM_GCC_541\Debug\main_cm4.o
LOAD .\CortexM4\ARM_GCC_541\Debug\system_psoc6_cm4.o
LOAD .\CortexM4\ARM_GCC_541\Debug\pervasive_eink_hardware_driver.o
LOAD .\CortexM4\ARM_GCC_541\Debug\cy_eink_library.o
LOAD .\CortexM4\ARM_GCC_541\Debug\cy_eink_psoc_interface.o
LOAD .\CortexM4\ARM_GCC_541\Debug\Cypress Logo Full Color_PNG_1bpp.o
LOAD .\CortexM4\ARM_GCC_541\Debug\GUIConf.o
LOAD .\CortexM4\ARM_GCC_541\Debug\GUI_X.o
LOAD .\CortexM4\ARM_GCC_541\Debug\LCDConf.o
LOAD .\CortexM4\ARM_GCC_541\Debug\cyfitter_sysint_cfg.o
LOAD .\CortexM4\ARM_GCC_541\Debug\cymetadata.o
LOAD .\CortexM4\ARM_GCC_541\Debug\CY_EINK_SPIM.o
LOAD .\CortexM4\ARM_GCC_541\Debug\CY_EINK_Timer.o
LOAD .\CortexM4\ARM_GCC_541\Debug\Status_SW2.o
LOAD .\CortexM4\ARM_GCC_541\Debug\cy_efuse.o
LOAD .\CortexM4\ARM_GCC_541\Debug\cy_flash.o
LOAD .\CortexM4\ARM_GCC_541\Debug\cy_gpio.o
LOAD .\CortexM4\ARM_GCC_541\Debug\cy_ipc_drv.o
LOAD .\CortexM4\ARM_GCC_541\Debug\cy_ipc_sema.o
LOAD .\CortexM4\ARM_GCC_541\Debug\cy_ipc_pipe.o
LOAD .\CortexM4\ARM_GCC_541\Debug\cy_lvd.o
LOAD .\CortexM4\ARM_GCC_541\Debug\cy_profile.o
LOAD .\CortexM4\ARM_GCC_541\Debug\cy_prot.o
LOAD .\CortexM4\ARM_GCC_541\Debug\cy_scb_common.o
LOAD .\CortexM4\ARM_GCC_541\Debug\cy_scb_i2c.o
LOAD .\CortexM4\ARM_GCC_541\Debug\cy_scb_ezi2c.o
LOAD .\CortexM4\ARM_GCC_541\Debug\cy_scb_spi.o
LOAD .\CortexM4\ARM_GCC_541\Debug\cy_scb_uart.o
LOAD .\CortexM4\ARM_GCC_541\Debug\cy_sysanalog.o
LOAD .\CortexM4\ARM_GCC_541\Debug\cy_sysclk.o
LOAD .\CortexM4\ARM_GCC_541\Debug\cy_sysint.o
LOAD .\CortexM4\ARM_GCC_541\Debug\cy_syslib.o
LOAD .\CortexM4\ARM_GCC_541\Debug\cy_syslib_gcc.o
LOAD .\CortexM4\ARM_GCC_541\Debug\cy_syspm.o
LOAD .\CortexM4\ARM_GCC_541\Debug\cy_systick.o
LOAD .\CortexM4\ARM_GCC_541\Debug\cy_tcpwm_counter.o
LOAD .\CortexM4\ARM_GCC_541\Debug\cy_tcpwm_pwm.o
LOAD .\CortexM4\ARM_GCC_541\Debug\cy_tcpwm_quaddec.o
LOAD .\CortexM4\ARM_GCC_541\Debug\cy_trigmux.o
LOAD .\CortexM4\ARM_GCC_541\Debug\cy_wdt.o
LOAD .\CortexM4\ARM_GCC_541\Debug\cy_device.o
LOAD .\CortexM4\ARM_GCC_541\Debug\cy_sar.o
LOAD .\CortexM4\ARM_GCC_541\Debug\cy_ble_clk.o
LOAD .\CortexM4\ARM_GCC_541\Debug\PWM.o
LOAD .\CortexM4\ARM_GCC_541\Debug\ADC_1.o
LOAD .\CortexM4\ARM_GCC_541\Debug\ADC_1_INT.o
LOAD .\CortexM4\ARM_GCC_541\Debug\ADC_1_INIT.o
LOAD .\CortexM4\ARM_GCC_541\Debug\ADC_1_PM.o
END GROUP
START GROUP
LOAD c:/program files (x86)/cypress/psoc creator/4.4/psoc creator/import/gnu/arm/5.4.1/bin/../lib/gcc/arm-none-eabi/5.4.1/armv7e-m/softfp\libgcc.a
LOAD c:/program files (x86)/cypress/psoc creator/4.4/psoc creator/import/gnu/arm/5.4.1/bin/../lib/gcc/arm-none-eabi/5.4.1/../../../../arm-none-eabi/lib/armv7e-m/softfp\libg_nano.a
LOAD c:/program files (x86)/cypress/psoc creator/4.4/psoc creator/import/gnu/arm/5.4.1/bin/../lib/gcc/arm-none-eabi/5.4.1/../../../../arm-none-eabi/lib/armv7e-m/softfp\libc_nano.a
END GROUP
START GROUP
LOAD c:/program files (x86)/cypress/psoc creator/4.4/psoc creator/import/gnu/arm/5.4.1/bin/../lib/gcc/arm-none-eabi/5.4.1/armv7e-m/softfp\libgcc.a
LOAD c:/program files (x86)/cypress/psoc creator/4.4/psoc creator/import/gnu/arm/5.4.1/bin/../lib/gcc/arm-none-eabi/5.4.1/../../../../arm-none-eabi/lib/armv7e-m/softfp\libc_nano.a
END GROUP
LOAD c:/program files (x86)/cypress/psoc creator/4.4/psoc creator/import/gnu/arm/5.4.1/bin/../lib/gcc/arm-none-eabi/5.4.1/armv7e-m/softfp/crtend.o
LOAD c:/program files (x86)/cypress/psoc creator/4.4/psoc creator/import/gnu/arm/5.4.1/bin/../lib/gcc/arm-none-eabi/5.4.1/armv7e-m/softfp/crtn.o
START GROUP
LOAD c:/program files (x86)/cypress/psoc creator/4.4/psoc creator/import/gnu/arm/5.4.1/bin/../lib/gcc/arm-none-eabi/5.4.1/armv7e-m/softfp\libgcc.a
LOAD c:/program files (x86)/cypress/psoc creator/4.4/psoc creator/import/gnu/arm/5.4.1/bin/../lib/gcc/arm-none-eabi/5.4.1/../../../../arm-none-eabi/lib/armv7e-m/softfp\libc.a
LOAD c:/program files (x86)/cypress/psoc creator/4.4/psoc creator/import/gnu/arm/5.4.1/bin/../lib/gcc/arm-none-eabi/5.4.1/../../../../arm-none-eabi/lib/armv7e-m/softfp\libnosys.a
END GROUP
START GROUP
LOAD c:/program files (x86)/cypress/psoc creator/4.4/psoc creator/import/gnu/arm/5.4.1/bin/../lib/gcc/arm-none-eabi/5.4.1/armv7e-m/softfp\libgcc.a
LOAD c:/program files (x86)/cypress/psoc creator/4.4/psoc creator/import/gnu/arm/5.4.1/bin/../lib/gcc/arm-none-eabi/5.4.1/../../../../arm-none-eabi/lib/armv7e-m/softfp\libc.a
LOAD c:/program files (x86)/cypress/psoc creator/4.4/psoc creator/import/gnu/arm/5.4.1/bin/../lib/gcc/arm-none-eabi/5.4.1/../../../../arm-none-eabi/lib/armv7e-m/softfp\libm.a
LOAD c:/program files (x86)/cypress/psoc creator/4.4/psoc creator/import/gnu/arm/5.4.1/bin/../lib/gcc/arm-none-eabi/5.4.1/../../../../arm-none-eabi/lib/armv7e-m/softfp\libnosys.a
END GROUP

.text           0x10080000     0xa9a0
                0x10080000                . = ALIGN (0x4)
                0x10080000                __Vectors = .
 *(.vectors)
 .vectors       0x10080000      0x28c .\CortexM4\ARM_GCC_541\Debug\startup_psoc6_01_cm4.o
                0x1008028c                . = ALIGN (0x4)
                0x1008028c                __Vectors_End = .
                0x0000028c                __Vectors_Size = (__Vectors_End - __Vectors)
                0x1008028c                __end__ = .
                0x1008028c                . = ALIGN (0x4)
 *(.text*)
 .text          0x1008028c       0x5c c:/program files (x86)/cypress/psoc creator/4.4/psoc creator/import/gnu/arm/5.4.1/bin/../lib/gcc/arm-none-eabi/5.4.1/armv7e-m/softfp/crtbegin.o
 .text          0x100802e8       0x84 .\CortexM4\ARM_GCC_541\Debug\startup_psoc6_01_cm4.o
                0x100802e8                Cy_OnResetUser
                0x100802ea                Reset_Handler
                0x1008034c                cpuss_interrupts_ipc_6_IRQHandler
                0x1008034c                DebugMon_Handler
                0x1008034c                tcpwm_1_interrupts_11_IRQHandler
                0x1008034c                cpuss_interrupts_ipc_0_IRQHandler
                0x1008034c                tcpwm_1_interrupts_15_IRQHandler
                0x1008034c                ioss_interrupts_gpio_13_IRQHandler
                0x1008034c                tcpwm_1_interrupts_13_IRQHandler
                0x1008034c                cpuss_interrupts_dw1_8_IRQHandler
                0x1008034c                tcpwm_0_interrupts_0_IRQHandler
                0x1008034c                SysTick_Handler
                0x1008034c                cpuss_interrupt_fm_IRQHandler
                0x1008034c                cpuss_interrupts_ipc_7_IRQHandler
                0x1008034c                tcpwm_1_interrupts_14_IRQHandler
                0x1008034c                cpuss_interrupts_dw0_5_IRQHandler
                0x1008034c                tcpwm_1_interrupts_9_IRQHandler
                0x1008034c                cpuss_interrupts_cm0_cti_1_IRQHandler
                0x1008034c                tcpwm_1_interrupts_22_IRQHandler
                0x1008034c                cpuss_interrupts_dw0_4_IRQHandler
                0x1008034c                PendSV_Handler
                0x1008034c                NMI_Handler
                0x1008034c                cpuss_interrupts_dw1_12_IRQHandler
                0x1008034c                tcpwm_1_interrupts_12_IRQHandler
                0x1008034c                smif_interrupt_IRQHandler
                0x1008034c                tcpwm_1_interrupts_2_IRQHandler
                0x1008034c                cpuss_interrupts_ipc_13_IRQHandler
                0x1008034c                udb_interrupts_11_IRQHandler
                0x1008034c                tcpwm_1_interrupts_18_IRQHandler
                0x1008034c                cpuss_interrupts_dw0_11_IRQHandler
                0x1008034c                tcpwm_0_interrupts_2_IRQHandler
                0x1008034c                cpuss_interrupts_dw0_13_IRQHandler
                0x1008034c                udb_interrupts_2_IRQHandler
                0x1008034c                cpuss_interrupts_dw1_7_IRQHandler
                0x1008034c                ioss_interrupts_gpio_1_IRQHandler
                0x1008034c                ioss_interrupts_gpio_7_IRQHandler
                0x1008034c                scb_5_interrupt_IRQHandler
                0x1008034c                udb_interrupts_6_IRQHandler
                0x1008034c                cpuss_interrupts_fault_1_IRQHandler
                0x1008034c                cpuss_interrupts_ipc_4_IRQHandler
                0x1008034c                cpuss_interrupts_ipc_5_IRQHandler
                0x1008034c                cpuss_interrupts_dw1_10_IRQHandler
                0x1008034c                udb_interrupts_0_IRQHandler
                0x1008034c                tcpwm_1_interrupts_6_IRQHandler
                0x1008034c                scb_4_interrupt_IRQHandler
                0x1008034c                pass_interrupt_dacs_IRQHandler
                0x1008034c                ioss_interrupts_gpio_2_IRQHandler
                0x1008034c                cpuss_interrupts_dw1_9_IRQHandler
                0x1008034c                cpuss_interrupts_dw1_13_IRQHandler
                0x1008034c                scb_2_interrupt_IRQHandler
                0x1008034c                cpuss_interrupts_cm0_cti_0_IRQHandler
                0x1008034c                udb_interrupts_5_IRQHandler
                0x1008034c                srss_interrupt_IRQHandler
                0x1008034c                udb_interrupts_12_IRQHandler
                0x1008034c                scb_0_interrupt_IRQHandler
                0x1008034c                csd_interrupt_IRQHandler
                0x1008034c                udb_interrupts_1_IRQHandler
                0x1008034c                profile_interrupt_IRQHandler
                0x1008034c                tcpwm_1_interrupts_1_IRQHandler
                0x1008034c                cpuss_interrupts_ipc_12_IRQHandler
                0x1008034c                tcpwm_1_interrupts_3_IRQHandler
                0x1008034c                tcpwm_0_interrupts_7_IRQHandler
                0x1008034c                cpuss_interrupts_dw1_1_IRQHandler
                0x1008034c                cpuss_interrupts_dw1_0_IRQHandler
                0x1008034c                cpuss_interrupts_dw0_9_IRQHandler
                0x1008034c                lpcomp_interrupt_IRQHandler
                0x1008034c                tcpwm_1_interrupts_23_IRQHandler
                0x1008034c                udb_interrupts_4_IRQHandler
                0x1008034c                tcpwm_1_interrupts_20_IRQHandler
                0x1008034c                ioss_interrupt_gpio_IRQHandler
                0x1008034c                tcpwm_0_interrupts_1_IRQHandler
                0x1008034c                ioss_interrupts_gpio_8_IRQHandler
                0x1008034c                tcpwm_0_interrupts_6_IRQHandler
                0x1008034c                scb_7_interrupt_IRQHandler
                0x1008034c                tcpwm_1_interrupts_7_IRQHandler
                0x1008034c                cpuss_interrupts_ipc_11_IRQHandler
                0x1008034c                udb_interrupts_13_IRQHandler
                0x1008034c                cpuss_interrupts_dw0_15_IRQHandler
                0x1008034c                udb_interrupts_7_IRQHandler
                0x1008034c                cpuss_interrupts_dw1_6_IRQHandler
                0x1008034c                cpuss_interrupt_crypto_IRQHandler
                0x1008034c                scb_1_interrupt_IRQHandler
                0x1008034c                Default_Handler
                0x1008034c                usb_interrupt_hi_IRQHandler
                0x1008034c                tcpwm_1_interrupts_0_IRQHandler
                0x1008034c                udb_interrupts_9_IRQHandler
                0x1008034c                audioss_interrupt_pdm_IRQHandler
                0x1008034c                srss_interrupt_mcwdt_0_IRQHandler
                0x1008034c                scb_3_interrupt_IRQHandler
                0x1008034c                pass_interrupt_ctbs_IRQHandler
                0x1008034c                udb_interrupts_8_IRQHandler
                0x1008034c                ioss_interrupts_gpio_3_IRQHandler
                0x1008034c                scb_6_interrupt_IRQHandler
                0x1008034c                cpuss_interrupts_cm4_cti_0_IRQHandler
                0x1008034c                cpuss_interrupts_dw1_3_IRQHandler
                0x1008034c                pass_interrupt_sar_IRQHandler
                0x1008034c                ioss_interrupts_gpio_0_IRQHandler
                0x1008034c                ioss_interrupts_gpio_14_IRQHandler
                0x1008034c                tcpwm_0_interrupts_4_IRQHandler
                0x1008034c                udb_interrupts_3_IRQHandler
                0x1008034c                tcpwm_0_interrupts_5_IRQHandler
                0x1008034c                cpuss_interrupts_ipc_15_IRQHandler
                0x1008034c                cpuss_interrupts_cm4_cti_1_IRQHandler
                0x1008034c                scb_8_interrupt_IRQHandler
                0x1008034c                srss_interrupt_mcwdt_1_IRQHandler
                0x1008034c                cpuss_interrupts_dw1_2_IRQHandler
                0x1008034c                SVC_Handler
                0x1008034c                cpuss_interrupts_dw1_5_IRQHandler
                0x1008034c                cpuss_interrupts_ipc_1_IRQHandler
                0x1008034c                cpuss_interrupts_dw0_0_IRQHandler
                0x1008034c                ioss_interrupts_gpio_12_IRQHandler
                0x1008034c                cpuss_interrupts_ipc_3_IRQHandler
                0x1008034c                tcpwm_1_interrupts_17_IRQHandler
                0x1008034c                srss_interrupt_backup_IRQHandler
                0x1008034c                bless_interrupt_IRQHandler
                0x1008034c                cpuss_interrupts_ipc_10_IRQHandler
                0x1008034c                cpuss_interrupts_ipc_9_IRQHandler
                0x1008034c                cpuss_interrupts_dw0_14_IRQHandler
                0x1008034c                tcpwm_1_interrupts_4_IRQHandler
                0x1008034c                tcpwm_0_interrupts_3_IRQHandler
                0x1008034c                cpuss_interrupts_dw1_15_IRQHandler
                0x1008034c                ioss_interrupts_gpio_10_IRQHandler
                0x1008034c                udb_interrupts_10_IRQHandler
                0x1008034c                cpuss_interrupts_dw0_8_IRQHandler
                0x1008034c                ioss_interrupts_gpio_11_IRQHandler
                0x1008034c                cpuss_interrupts_ipc_14_IRQHandler
                0x1008034c                ioss_interrupts_gpio_5_IRQHandler
                0x1008034c                ioss_interrupts_gpio_4_IRQHandler
                0x1008034c                tcpwm_1_interrupts_8_IRQHandler
                0x1008034c                cpuss_interrupts_dw1_14_IRQHandler
                0x1008034c                usb_interrupt_med_IRQHandler
                0x1008034c                cpuss_interrupts_dw0_2_IRQHandler
                0x1008034c                tcpwm_1_interrupts_10_IRQHandler
                0x1008034c                cpuss_interrupts_fault_0_IRQHandler
                0x1008034c                cpuss_interrupts_dw0_12_IRQHandler
                0x1008034c                ioss_interrupts_gpio_6_IRQHandler
                0x1008034c                tcpwm_1_interrupts_21_IRQHandler
                0x1008034c                tcpwm_1_interrupts_16_IRQHandler
                0x1008034c                cpuss_interrupts_dw1_4_IRQHandler
                0x1008034c                udb_interrupts_15_IRQHandler
                0x1008034c                cpuss_interrupts_dw1_11_IRQHandler
                0x1008034c                cpuss_interrupts_dw0_6_IRQHandler
                0x1008034c                ioss_interrupt_vdd_IRQHandler
                0x1008034c                cpuss_interrupts_dw0_7_IRQHandler
                0x1008034c                audioss_interrupt_i2s_IRQHandler
                0x1008034c                tcpwm_1_interrupts_5_IRQHandler
                0x1008034c                cpuss_interrupts_ipc_2_IRQHandler
                0x1008034c                cpuss_interrupts_dw0_10_IRQHandler
                0x1008034c                tcpwm_1_interrupts_19_IRQHandler
                0x1008034c                cpuss_interrupts_dw0_1_IRQHandler
                0x1008034c                ioss_interrupts_gpio_9_IRQHandler
                0x1008034c                usb_interrupt_lo_IRQHandler
                0x1008034c                cpuss_interrupts_ipc_8_IRQHandler
                0x1008034c                udb_interrupts_14_IRQHandler
                0x1008034c                cpuss_interrupts_dw0_3_IRQHandler
                0x10080350                UsageFault_Handler
                0x10080350                HardFault_Handler
                0x10080350                MemManage_Handler
                0x10080350                BusFault_Handler
 .text.largest  0x1008036c       0x20 .\CortexM4\ARM_GCC_541\Debug\main_cm4.o
                0x1008036c                largest
 .text.UpdateDisplay
                0x1008038c       0x2c .\CortexM4\ARM_GCC_541\Debug\main_cm4.o
                0x1008038c                UpdateDisplay
 .text.drawGraph
                0x100803b8       0x74 .\CortexM4\ARM_GCC_541\Debug\main_cm4.o
                0x100803b8                drawGraph
 .text.updateParameters
                0x1008042c       0x58 .\CortexM4\ARM_GCC_541\Debug\main_cm4.o
                0x1008042c                updateParameters
 .text.main     0x10080484       0xb0 .\CortexM4\ARM_GCC_541\Debug\main_cm4.o
                0x10080484                main
 .text.Cy_SysIpcPipeIsrCm4
                0x10080534        0xc .\CortexM4\ARM_GCC_541\Debug\system_psoc6_cm4.o
                0x10080534                Cy_SysIpcPipeIsrCm4
 .text.Cy_SystemInit
                0x10080540        0x4 .\CortexM4\ARM_GCC_541\Debug\system_psoc6_cm4.o
                0x10080540                Cy_SystemInit
 .text.SystemCoreClockUpdate
                0x10080544      0x190 .\CortexM4\ARM_GCC_541\Debug\system_psoc6_cm4.o
                0x10080544                SystemCoreClockUpdate
 .text.SystemInit
                0x100806d4       0x48 .\CortexM4\ARM_GCC_541\Debug\system_psoc6_cm4.o
                0x100806d4                SystemInit
 .text.Cy_SystemInitFpuEnable
                0x1008071c       0x28 .\CortexM4\ARM_GCC_541\Debug\system_psoc6_cm4.o
                0x1008071c                Cy_SystemInitFpuEnable
 .text.Pv_EINK_SendData
                0x10080744       0x38 .\CortexM4\ARM_GCC_541\Debug\pervasive_eink_hardware_driver.o
                0x10080744                Pv_EINK_SendData
 .text.Pv_EINK_SendByte
                0x1008077c       0x18 .\CortexM4\ARM_GCC_541\Debug\pervasive_eink_hardware_driver.o
                0x1008077c                Pv_EINK_SendByte
 .text.Pv_EINK_ReadByte
                0x10080794       0x30 .\CortexM4\ARM_GCC_541\Debug\pervasive_eink_hardware_driver.o
                0x10080794                Pv_EINK_ReadByte
 .text.Pv_EINK_Init
                0x100807c4       0x34 .\CortexM4\ARM_GCC_541\Debug\pervasive_eink_hardware_driver.o
                0x100807c4                Pv_EINK_Init
 .text.Pv_EINK_InitDriver
                0x100807f8      0x118 .\CortexM4\ARM_GCC_541\Debug\pervasive_eink_hardware_driver.o
                0x100807f8                Pv_EINK_InitDriver
 .text.Pv_EINK_SetTempFactor
                0x10080910       0x58 .\CortexM4\ARM_GCC_541\Debug\pervasive_eink_hardware_driver.o
                0x10080910                Pv_EINK_SetTempFactor
 .text.Pv_EINK_FullStageHandler
                0x10080968      0x424 .\CortexM4\ARM_GCC_541\Debug\pervasive_eink_hardware_driver.o
                0x10080968                Pv_EINK_FullStageHandler
 .text.Pv_EINK_PartialStageHandler
                0x10080d8c      0x228 .\CortexM4\ARM_GCC_541\Debug\pervasive_eink_hardware_driver.o
                0x10080d8c                Pv_EINK_PartialStageHandler
 .text.Pv_EINK_NothingFrame
                0x10080fb4       0x5c .\CortexM4\ARM_GCC_541\Debug\pervasive_eink_hardware_driver.o
                0x10080fb4                Pv_EINK_NothingFrame
 .text.Pv_EINK_DummyLine
                0x10081010       0x34 .\CortexM4\ARM_GCC_541\Debug\pervasive_eink_hardware_driver.o
                0x10081010                Pv_EINK_DummyLine
 .text.Pv_EINK_HardwarePowerOn
                0x10081044       0x44 .\CortexM4\ARM_GCC_541\Debug\pervasive_eink_hardware_driver.o
                0x10081044                Pv_EINK_HardwarePowerOn
 .text.Pv_EINK_HardwarePowerOff
                0x10081088       0xa8 .\CortexM4\ARM_GCC_541\Debug\pervasive_eink_hardware_driver.o
                0x10081088                Pv_EINK_HardwarePowerOff
 .text.Cy_EINK_Start
                0x10081130       0x10 .\CortexM4\ARM_GCC_541\Debug\cy_eink_library.o
                0x10081130                Cy_EINK_Start
 .text.Cy_EINK_Power
                0x10081140       0x18 .\CortexM4\ARM_GCC_541\Debug\cy_eink_library.o
                0x10081140                Cy_EINK_Power
 .text.Cy_EINK_ShowFrame
                0x10081158       0x54 .\CortexM4\ARM_GCC_541\Debug\cy_eink_library.o
                0x10081158                Cy_EINK_ShowFrame
 .text.Cy_EINK_TimerInit
                0x100811ac       0x14 .\CortexM4\ARM_GCC_541\Debug\cy_eink_psoc_interface.o
                0x100811ac                Cy_EINK_TimerInit
 .text.Cy_EINK_GetTimeTick
                0x100811c0        0xc .\CortexM4\ARM_GCC_541\Debug\cy_eink_psoc_interface.o
                0x100811c0                Cy_EINK_GetTimeTick
 .text.Cy_EINK_TimerStop
                0x100811cc        0xc .\CortexM4\ARM_GCC_541\Debug\cy_eink_psoc_interface.o
                0x100811cc                Cy_EINK_TimerStop
 .text.Cy_EINK_InitSPI
                0x100811d8       0x30 .\CortexM4\ARM_GCC_541\Debug\cy_eink_psoc_interface.o
                0x100811d8                Cy_EINK_InitSPI
 .text.Cy_EINK_AttachSPI
                0x10081208       0x1c .\CortexM4\ARM_GCC_541\Debug\cy_eink_psoc_interface.o
                0x10081208                Cy_EINK_AttachSPI
 .text.Cy_EINK_DetachSPI
                0x10081224       0x14 .\CortexM4\ARM_GCC_541\Debug\cy_eink_psoc_interface.o
                0x10081224                Cy_EINK_DetachSPI
 .text.Cy_EINK_WriteSPI
                0x10081238       0x60 .\CortexM4\ARM_GCC_541\Debug\cy_eink_psoc_interface.o
                0x10081238                Cy_EINK_WriteSPI
 .text.Cy_EINK_ReadSPI
                0x10081298       0x68 .\CortexM4\ARM_GCC_541\Debug\cy_eink_psoc_interface.o
                0x10081298                Cy_EINK_ReadSPI
 .text.Cy_EINK_WriteSPIBuffer
                0x10081300       0x84 .\CortexM4\ARM_GCC_541\Debug\cy_eink_psoc_interface.o
                0x10081300                Cy_EINK_WriteSPIBuffer
 .text.Cy_EINK_IsBusy
                0x10081384       0x18 .\CortexM4\ARM_GCC_541\Debug\cy_eink_psoc_interface.o
                0x10081384                Cy_EINK_IsBusy
 .text.GUI_X_Config
                0x1008139c       0x1c .\CortexM4\ARM_GCC_541\Debug\GUIConf.o
                0x1008139c                GUI_X_Config
 .text.GUI_X_Systick_Intr
                0x100813b8       0x10 .\CortexM4\ARM_GCC_541\Debug\GUI_X.o
                0x100813b8                GUI_X_Systick_Intr
 .text.GUI_X_Systick_Init
                0x100813c8       0x40 .\CortexM4\ARM_GCC_541\Debug\GUI_X.o
                0x100813c8                GUI_X_Systick_Init
 .text.GUI_X_Init
                0x10081408        0x8 .\CortexM4\ARM_GCC_541\Debug\GUI_X.o
                0x10081408                GUI_X_Init
 .text.LCD_X_Config
                0x10081410       0x70 .\CortexM4\ARM_GCC_541\Debug\LCDConf.o
                0x10081410                LCD_X_Config
 .text.LCD_X_DisplayDriver
                0x10081480       0x10 .\CortexM4\ARM_GCC_541\Debug\LCDConf.o
                0x10081480                LCD_X_DisplayDriver
 .text.LCD_GetDisplayBuffer
                0x10081490        0x8 .\CortexM4\ARM_GCC_541\Debug\LCDConf.o
                0x10081490                LCD_GetDisplayBuffer
 .text.CY_EINK_Timer_Start
                0x10081498       0x30 .\CortexM4\ARM_GCC_541\Debug\CY_EINK_Timer.o
                0x10081498                CY_EINK_Timer_Start
 .text.Cy_Flash_ProcessOpcode
                0x100814c8       0xac .\CortexM4\ARM_GCC_541\Debug\cy_flash.o
 .text.Cy_Flash_OperationStatus
                0x10081574       0x5c .\CortexM4\ARM_GCC_541\Debug\cy_flash.o
 .text.Cy_Flash_InitExt
                0x100815d0       0x80 .\CortexM4\ARM_GCC_541\Debug\cy_flash.o
                0x100815d0                Cy_Flash_InitExt
 .text.Cy_Flash_Init
                0x10081650       0x10 .\CortexM4\ARM_GCC_541\Debug\cy_flash.o
                0x10081650                Cy_Flash_Init
 .text.Cy_IPC_Drv_LockRelease
                0x10081660       0x3c .\CortexM4\ARM_GCC_541\Debug\cy_ipc_drv.o
                0x10081660                Cy_IPC_Drv_LockRelease
 .text.Cy_IPC_Drv_SendMsgWord
                0x1008169c       0x3c .\CortexM4\ARM_GCC_541\Debug\cy_ipc_drv.o
                0x1008169c                Cy_IPC_Drv_SendMsgWord
 .text.Cy_IPC_Drv_ReadMsgWord
                0x100816d8       0x38 .\CortexM4\ARM_GCC_541\Debug\cy_ipc_drv.o
                0x100816d8                Cy_IPC_Drv_ReadMsgWord
 .text.Cy_IPC_Sema_InitExt
                0x10081710       0xac .\CortexM4\ARM_GCC_541\Debug\cy_ipc_sema.o
                0x10081710                Cy_IPC_Sema_InitExt
 .text.Cy_IPC_Sema_Init
                0x100817bc       0x64 .\CortexM4\ARM_GCC_541\Debug\cy_ipc_sema.o
                0x100817bc                Cy_IPC_Sema_Init
 .text.Cy_IPC_Sema_Clear
                0x10081820       0x88 .\CortexM4\ARM_GCC_541\Debug\cy_ipc_sema.o
                0x10081820                Cy_IPC_Sema_Clear
 .text.Cy_IPC_Sema_Status
                0x100818a8       0x40 .\CortexM4\ARM_GCC_541\Debug\cy_ipc_sema.o
                0x100818a8                Cy_IPC_Sema_Status
 .text.Cy_IPC_Pipe_Config
                0x100818e8       0x10 .\CortexM4\ARM_GCC_541\Debug\cy_ipc_pipe.o
                0x100818e8                Cy_IPC_Pipe_Config
 .text.Cy_IPC_Pipe_EndpointInit
                0x100818f8       0xd0 .\CortexM4\ARM_GCC_541\Debug\cy_ipc_pipe.o
                0x100818f8                Cy_IPC_Pipe_EndpointInit
 .text.Cy_IPC_Pipe_Init
                0x100819c8       0xb4 .\CortexM4\ARM_GCC_541\Debug\cy_ipc_pipe.o
                0x100819c8                Cy_IPC_Pipe_Init
 .text.Cy_IPC_Pipe_SendMessage
                0x10081a7c       0xa4 .\CortexM4\ARM_GCC_541\Debug\cy_ipc_pipe.o
                0x10081a7c                Cy_IPC_Pipe_SendMessage
 .text.Cy_IPC_Pipe_RegisterCallback
                0x10081b20       0x50 .\CortexM4\ARM_GCC_541\Debug\cy_ipc_pipe.o
                0x10081b20                Cy_IPC_Pipe_RegisterCallback
 .text.Cy_IPC_Pipe_ExecCallback
                0x10081b70       0xbc .\CortexM4\ARM_GCC_541\Debug\cy_ipc_pipe.o
                0x10081b70                Cy_IPC_Pipe_ExecCallback
 .text.Cy_IPC_Pipe_ExecuteCallback
                0x10081c2c       0x2c .\CortexM4\ARM_GCC_541\Debug\cy_ipc_pipe.o
                0x10081c2c                Cy_IPC_Pipe_ExecuteCallback
 .text.Cy_SCB_Write
                0x10081c58       0x28 .\CortexM4\ARM_GCC_541\Debug\cy_scb_common.o
                0x10081c58                Cy_SCB_Write
 .text.Cy_SCB_WriteArrayNoCheck
                0x10081c80       0x38 .\CortexM4\ARM_GCC_541\Debug\cy_scb_common.o
                0x10081c80                Cy_SCB_WriteArrayNoCheck
 .text.Cy_SCB_WriteArray
                0x10081cb8       0x2c .\CortexM4\ARM_GCC_541\Debug\cy_scb_common.o
                0x10081cb8                Cy_SCB_WriteArray
 .text.Cy_SCB_WriteArrayBlocking
                0x10081ce4       0x30 .\CortexM4\ARM_GCC_541\Debug\cy_scb_common.o
                0x10081ce4                Cy_SCB_WriteArrayBlocking
 .text.Cy_SCB_SPI_Init
                0x10081d14      0x268 .\CortexM4\ARM_GCC_541\Debug\cy_scb_spi.o
                0x10081d14                Cy_SCB_SPI_Init
 .text.Cy_SCB_SPI_Disable
                0x10081f7c       0x24 .\CortexM4\ARM_GCC_541\Debug\cy_scb_spi.o
                0x10081f7c                Cy_SCB_SPI_Disable
 .text.Cy_SysInt_SetVector
                0x10081fa0       0x48 .\CortexM4\ARM_GCC_541\Debug\cy_sysint.o
                0x10081fa0                Cy_SysInt_SetVector
 .text.Cy_SysInt_Init
                0x10081fe8       0x74 .\CortexM4\ARM_GCC_541\Debug\cy_sysint.o
                0x10081fe8                Cy_SysInt_Init
 .text.Cy_SysLib_Delay
                0x1008205c       0x30 .\CortexM4\ARM_GCC_541\Debug\cy_syslib.o
                0x1008205c                Cy_SysLib_Delay
 .text.Cy_SysLib_Halt
                0x1008208c        0x4 .\CortexM4\ARM_GCC_541\Debug\cy_syslib.o
                0x1008208c                Cy_SysLib_Halt
 .text.Cy_SysLib_AssertFailed
                0x10082090       0x1c .\CortexM4\ARM_GCC_541\Debug\cy_syslib.o
                0x10082090                Cy_SysLib_AssertFailed
 .text.Cy_SysLib_ProcessingFault
                0x100820ac        0x4 .\CortexM4\ARM_GCC_541\Debug\cy_syslib.o
                0x100820ac                Cy_SysLib_ProcessingFault
 .text.Cy_SysLib_FaultHandler
                0x100820b0       0xa4 .\CortexM4\ARM_GCC_541\Debug\cy_syslib.o
                0x100820b0                Cy_SysLib_FaultHandler
 *fill*         0x10082154        0x4 
 .text          0x10082158       0x20 .\CortexM4\ARM_GCC_541\Debug\cy_syslib_gcc.o
                0x10082158                Cy_SysLib_DelayCycles
                0x1008216a                Cy_SysLib_EnterCriticalSection
                0x10082172                Cy_SysLib_ExitCriticalSection
 .text.Cy_SysTick_ServiceCallbacks
                0x10082178       0x2c .\CortexM4\ARM_GCC_541\Debug\cy_systick.o
 .text.Cy_SysTick_Enable
                0x100821a4       0x18 .\CortexM4\ARM_GCC_541\Debug\cy_systick.o
                0x100821a4                Cy_SysTick_Enable
 .text.Cy_SysTick_SetClockSource
                0x100821bc       0x38 .\CortexM4\ARM_GCC_541\Debug\cy_systick.o
                0x100821bc                Cy_SysTick_SetClockSource
 .text.Cy_SysTick_Init
                0x100821f4       0x44 .\CortexM4\ARM_GCC_541\Debug\cy_systick.o
                0x100821f4                Cy_SysTick_Init
 .text.Cy_SysTick_SetCallback
                0x10082238       0x1c .\CortexM4\ARM_GCC_541\Debug\cy_systick.o
                0x10082238                Cy_SysTick_SetCallback
 .text.Cy_SysTick_GetCallback
                0x10082254       0x14 .\CortexM4\ARM_GCC_541\Debug\cy_systick.o
                0x10082254                Cy_SysTick_GetCallback
 .text.Cy_TCPWM_Counter_Init
                0x10082268      0x110 .\CortexM4\ARM_GCC_541\Debug\cy_tcpwm_counter.o
                0x10082268                Cy_TCPWM_Counter_Init
 .text.Cy_PDL_Init
                0x10082378        0xc .\CortexM4\ARM_GCC_541\Debug\cy_device.o
                0x10082378                Cy_PDL_Init
 .text.GUI_DrawRect
                0x10082384       0x74 Generated_Source\PSoC6\pdl\middleware\emWin\libs\GCC\libemWin_nosnts_gcc.a(GUI_2DLib.o)
                0x10082384                GUI_DrawRect
 .text._PushFreeBlock
                0x100823f8       0x20 Generated_Source\PSoC6\pdl\middleware\emWin\libs\GCC\libemWin_nosnts_gcc.a(GUI_Alloc.o)
 .text._RemoveFreeBlock
                0x10082418       0x44 Generated_Source\PSoC6\pdl\middleware\emWin\libs\GCC\libemWin_nosnts_gcc.a(GUI_Alloc.o)
 .text._AddFreeMemory
                0x1008245c       0xa8 Generated_Source\PSoC6\pdl\middleware\emWin\libs\GCC\libemWin_nosnts_gcc.a(GUI_Alloc.o)
 .text._RemoveHoles
                0x10082504       0x94 Generated_Source\PSoC6\pdl\middleware\emWin\libs\GCC\libemWin_nosnts_gcc.a(GUI_Alloc.o)
 .text.GUI_ALLOC_FreeFixedBlock
                0x10082598       0x18 Generated_Source\PSoC6\pdl\middleware\emWin\libs\GCC\libemWin_nosnts_gcc.a(GUI_Alloc.o)
                0x10082598                GUI_ALLOC_FreeFixedBlock
 .text.GUI_ALLOC_h2p
                0x100825b0       0x14 Generated_Source\PSoC6\pdl\middleware\emWin\libs\GCC\libemWin_nosnts_gcc.a(GUI_Alloc.o)
                0x100825b0                GUI_ALLOC_h2p
 .text.GUI_ALLOC_LockH
                0x100825c4       0x20 Generated_Source\PSoC6\pdl\middleware\emWin\libs\GCC\libemWin_nosnts_gcc.a(GUI_Alloc.o)
                0x100825c4                GUI_ALLOC_LockH
 .text.GUI_ALLOC_UnlockH
                0x100825e4       0x30 Generated_Source\PSoC6\pdl\middleware\emWin\libs\GCC\libemWin_nosnts_gcc.a(GUI_Alloc.o)
                0x100825e4                GUI_ALLOC_UnlockH
 .text.GUI_ALLOC_AssignMemory
                0x10082614       0x10 Generated_Source\PSoC6\pdl\middleware\emWin\libs\GCC\libemWin_nosnts_gcc.a(GUI_Alloc.o)
                0x10082614                GUI_ALLOC_AssignMemory
 .text.GUI_ALLOC_Free
                0x10082624       0x24 Generated_Source\PSoC6\pdl\middleware\emWin\libs\GCC\libemWin_nosnts_gcc.a(GUI_Alloc.o)
                0x10082624                GUI_ALLOC_Free
 .text._EnlargeBlocks
                0x10082648       0x98 Generated_Source\PSoC6\pdl\middleware\emWin\libs\GCC\libemWin_nosnts_gcc.a(GUI_Alloc.o)
 .text._InitOnce
                0x100826e0       0x6c Generated_Source\PSoC6\pdl\middleware\emWin\libs\GCC\libemWin_nosnts_gcc.a(GUI_Alloc.o)
 .text.GUI_ALLOC_GetFixedBlock
                0x1008274c       0xb8 Generated_Source\PSoC6\pdl\middleware\emWin\libs\GCC\libemWin_nosnts_gcc.a(GUI_Alloc.o)
                0x1008274c                GUI_ALLOC_GetFixedBlock
 .text._Alloc   0x10082804      0x100 Generated_Source\PSoC6\pdl\middleware\emWin\libs\GCC\libemWin_nosnts_gcc.a(GUI_Alloc.o)
 .text.GUI_ALLOC_AllocNoInit
                0x10082904       0x12 Generated_Source\PSoC6\pdl\middleware\emWin\libs\GCC\libemWin_nosnts_gcc.a(GUI_Alloc.o)
                0x10082904                GUI_ALLOC_AllocNoInit
 *fill*         0x10082916        0x2 
 .text.GUI_ALLOC_AllocZero
                0x10082918       0x2c Generated_Source\PSoC6\pdl\middleware\emWin\libs\GCC\libemWin_nosnts_gcc.a(GUI_Alloc.o)
                0x10082918                GUI_ALLOC_AllocZero
 .text.GUIMONO_DispChar
                0x10082944      0x14c Generated_Source\PSoC6\pdl\middleware\emWin\libs\GCC\libemWin_nosnts_gcc.a(GUI_CharM.o)
                0x10082944                GUIMONO_DispChar
 .text.GUIMONO_GetCharDistX
                0x10082a90       0x18 Generated_Source\PSoC6\pdl\middleware\emWin\libs\GCC\libemWin_nosnts_gcc.a(GUI_CharM.o)
                0x10082a90                GUIMONO_GetCharDistX
 .text.GUIMONO_GetFontInfo
                0x10082aa8        0x6 Generated_Source\PSoC6\pdl\middleware\emWin\libs\GCC\libemWin_nosnts_gcc.a(GUI_CharM.o)
                0x10082aa8                GUIMONO_GetFontInfo
 .text.GUIMONO_IsInFont
                0x10082aae       0x36 Generated_Source\PSoC6\pdl\middleware\emWin\libs\GCC\libemWin_nosnts_gcc.a(GUI_CharM.o)
                0x10082aae                GUIMONO_IsInFont
 .text.GUIPROP__FindChar
                0x10082ae4       0x16 Generated_Source\PSoC6\pdl\middleware\emWin\libs\GCC\libemWin_nosnts_gcc.a(GUI_CharP.o)
                0x10082ae4                GUIPROP__FindChar
 *fill*         0x10082afa        0x2 
 .text.GUIPROP_DispChar
                0x10082afc       0xd4 Generated_Source\PSoC6\pdl\middleware\emWin\libs\GCC\libemWin_nosnts_gcc.a(GUI_CharP.o)
                0x10082afc                GUIPROP_DispChar
 .text.GUIPROP_GetCharDistX
                0x10082bd0       0x38 Generated_Source\PSoC6\pdl\middleware\emWin\libs\GCC\libemWin_nosnts_gcc.a(GUI_CharP.o)
                0x10082bd0                GUIPROP_GetCharDistX
 .text.GUIPROP_GetFontInfo
                0x10082c08        0x6 Generated_Source\PSoC6\pdl\middleware\emWin\libs\GCC\libemWin_nosnts_gcc.a(GUI_CharP.o)
                0x10082c08                GUIPROP_GetFontInfo
 .text.GUIPROP_IsInFont
                0x10082c0e       0x10 Generated_Source\PSoC6\pdl\middleware\emWin\libs\GCC\libemWin_nosnts_gcc.a(GUI_CharP.o)
                0x10082c0e                GUIPROP_IsInFont
 .text.GUI_CalcColorDist
                0x10082c1e       0x54 Generated_Source\PSoC6\pdl\middleware\emWin\libs\GCC\libemWin_nosnts_gcc.a(GUI_Common.o)
                0x10082c1e                GUI_CalcColorDist
 .text.GUI_GetBkColor
                0x10082c72        0xc Generated_Source\PSoC6\pdl\middleware\emWin\libs\GCC\libemWin_nosnts_gcc.a(GUI_Common.o)
                0x10082c72                GUI_GetBkColor
 .text.GUI_GetColor
                0x10082c7e        0xc Generated_Source\PSoC6\pdl\middleware\emWin\libs\GCC\libemWin_nosnts_gcc.a(GUI_Common.o)
                0x10082c7e                GUI_GetColor
 .text.GUI_MergeRect
                0x10082c8a       0x62 Generated_Source\PSoC6\pdl\middleware\emWin\libs\GCC\libemWin_nosnts_gcc.a(GUI_Common.o)
                0x10082c8a                GUI_MergeRect
 .text.GUI_MoveRect
                0x10082cec       0x22 Generated_Source\PSoC6\pdl\middleware\emWin\libs\GCC\libemWin_nosnts_gcc.a(GUI_Common.o)
                0x10082cec                GUI_MoveRect
 *fill*         0x10082d0e        0x2 
 .text.GUI_GotoXY
                0x10082d10       0x10 Generated_Source\PSoC6\pdl\middleware\emWin\libs\GCC\libemWin_nosnts_gcc.a(GUI_Common.o)
                0x10082d10                GUI_GotoXY
 .text.GUI_SetPenSize
                0x10082d20       0x10 Generated_Source\PSoC6\pdl\middleware\emWin\libs\GCC\libemWin_nosnts_gcc.a(GUI_Common.o)
                0x10082d20                GUI_SetPenSize
 .text.GUI_RectsIntersect
                0x10082d30       0x3c Generated_Source\PSoC6\pdl\middleware\emWin\libs\GCC\libemWin_nosnts_gcc.a(GUI_Common.o)
                0x10082d30                GUI_RectsIntersect
 .text.GUI_SelectLCD
                0x10082d6c       0x10 Generated_Source\PSoC6\pdl\middleware\emWin\libs\GCC\libemWin_nosnts_gcc.a(GUI_Common.o)
                0x10082d6c                GUI_SelectLCD
 .text.GUI_SetBkColor
                0x10082d7c        0x8 Generated_Source\PSoC6\pdl\middleware\emWin\libs\GCC\libemWin_nosnts_gcc.a(GUI_Common.o)
                0x10082d7c                GUI_SetBkColor
 .text.GUI_SetColor
                0x10082d84        0x8 Generated_Source\PSoC6\pdl\middleware\emWin\libs\GCC\libemWin_nosnts_gcc.a(GUI_Common.o)
                0x10082d84                GUI_SetColor
 .text.GUI_SetFont
                0x10082d8c       0x14 Generated_Source\PSoC6\pdl\middleware\emWin\libs\GCC\libemWin_nosnts_gcc.a(GUI_Common.o)
                0x10082d8c                GUI_SetFont
 .text.GUI_SetOrg
                0x10082da0       0x34 Generated_Source\PSoC6\pdl\middleware\emWin\libs\GCC\libemWin_nosnts_gcc.a(GUI_Common.o)
                0x10082da0                GUI_SetOrg
 .text._OnExit  0x10082dd4       0x44 Generated_Source\PSoC6\pdl\middleware\emWin\libs\GCC\libemWin_nosnts_gcc.a(GUI_Core.o)
 .text.GUI_SetDefaultFont
                0x10082e18        0xc Generated_Source\PSoC6\pdl\middleware\emWin\libs\GCC\libemWin_nosnts_gcc.a(GUI_Core.o)
                0x10082e18                GUI_SetDefaultFont
 .text.GUI_ClearRect
                0x10082e24       0x5c Generated_Source\PSoC6\pdl\middleware\emWin\libs\GCC\libemWin_nosnts_gcc.a(GUI_Core.o)
                0x10082e24                GUI_ClearRect
 .text.GUI_Clear
                0x10082e80       0x20 Generated_Source\PSoC6\pdl\middleware\emWin\libs\GCC\libemWin_nosnts_gcc.a(GUI_Core.o)
                0x10082e80                GUI_Clear
 .text.GUI__RegisterExit
                0x10082ea0       0x10 Generated_Source\PSoC6\pdl\middleware\emWin\libs\GCC\libemWin_nosnts_gcc.a(GUI_Core.o)
                0x10082ea0                GUI__RegisterExit
 .text.GUI__Config
                0x10082eb0       0x30 Generated_Source\PSoC6\pdl\middleware\emWin\libs\GCC\libemWin_nosnts_gcc.a(GUI_Core.o)
                0x10082eb0                GUI__Config
 .text.GUI_Init
                0x10082ee0       0xf8 Generated_Source\PSoC6\pdl\middleware\emWin\libs\GCC\libemWin_nosnts_gcc.a(GUI_Core.o)
                0x10082ee0                GUI_Init
 .text.GUI_DEVICE__GetpDriver
                0x10082fd8       0x24 Generated_Source\PSoC6\pdl\middleware\emWin\libs\GCC\libemWin_nosnts_gcc.a(GUI_Device.o)
                0x10082fd8                GUI_DEVICE__GetpDriver
 .text.GUI_DEVICE_Delete
                0x10082ffc        0x8 Generated_Source\PSoC6\pdl\middleware\emWin\libs\GCC\libemWin_nosnts_gcc.a(GUI_Device.o)
                0x10082ffc                GUI_DEVICE_Delete
 .text.GUI_DEVICE_Create
                0x10083004       0x50 Generated_Source\PSoC6\pdl\middleware\emWin\libs\GCC\libemWin_nosnts_gcc.a(GUI_Device.o)
                0x10083004                GUI_DEVICE_Create
 .text.GUI_DEVICE_Unlink
                0x10083054       0x38 Generated_Source\PSoC6\pdl\middleware\emWin\libs\GCC\libemWin_nosnts_gcc.a(GUI_Device.o)
                0x10083054                GUI_DEVICE_Unlink
 .text.GUI_DEVICE_Link
                0x1008308c       0x8c Generated_Source\PSoC6\pdl\middleware\emWin\libs\GCC\libemWin_nosnts_gcc.a(GUI_Device.o)
                0x1008308c                GUI_DEVICE_Link
 .text.GUI_DEVICE_CreateAndLink
                0x10083118       0x2c Generated_Source\PSoC6\pdl\middleware\emWin\libs\GCC\libemWin_nosnts_gcc.a(GUI_Device.o)
                0x10083118                GUI_DEVICE_CreateAndLink
 .text.GUI_DispString
                0x10083144      0x110 Generated_Source\PSoC6\pdl\middleware\emWin\libs\GCC\libemWin_nosnts_gcc.a(GUI_DispString.o)
                0x10083144                GUI_DispString
 .text.GUI_DispStringAt
                0x10083254       0x14 Generated_Source\PSoC6\pdl\middleware\emWin\libs\GCC\libemWin_nosnts_gcc.a(GUI_DispString.o)
                0x10083254                GUI_DispStringAt
 .text.GUI_DrawGraph
                0x10083268       0xf4 Generated_Source\PSoC6\pdl\middleware\emWin\libs\GCC\libemWin_nosnts_gcc.a(GUI_DrawGraph.o)
                0x10083268                GUI_DrawGraph
 .text._SetLineColor
                0x1008335c       0x8c Generated_Source\PSoC6\pdl\middleware\emWin\libs\GCC\libemWin_nosnts_gcc.a(GUI_DrawLine.o)
 .text.GUI_sin  0x100833e8       0x5c Generated_Source\PSoC6\pdl\middleware\emWin\libs\GCC\libemWin_nosnts_gcc.a(GUI_DrawLine.o)
                0x100833e8                GUI_sin
 .text.GUI_cos  0x10083444        0xe Generated_Source\PSoC6\pdl\middleware\emWin\libs\GCC\libemWin_nosnts_gcc.a(GUI_DrawLine.o)
                0x10083444                GUI_cos
 *fill*         0x10083452        0x2 
 .text.GL_DrawLine1Ex
                0x10083454      0x1a8 Generated_Source\PSoC6\pdl\middleware\emWin\libs\GCC\libemWin_nosnts_gcc.a(GUI_DrawLine.o)
                0x10083454                GL_DrawLine1Ex
 .text.GL_DrawLineEx
                0x100835fc      0x19c Generated_Source\PSoC6\pdl\middleware\emWin\libs\GCC\libemWin_nosnts_gcc.a(GUI_DrawLine.o)
                0x100835fc                GL_DrawLineEx
 .text.GL_DrawLine
                0x10083798       0x10 Generated_Source\PSoC6\pdl\middleware\emWin\libs\GCC\libemWin_nosnts_gcc.a(GUI_DrawLine.o)
                0x10083798                GL_DrawLine
 .text.GUI_DrawLine
                0x100837a8       0x38 Generated_Source\PSoC6\pdl\middleware\emWin\libs\GCC\libemWin_nosnts_gcc.a(GUI_DrawLine.o)
                0x100837a8                GUI_DrawLine
 .text._Add     0x100837e0       0x4c Generated_Source\PSoC6\pdl\middleware\emWin\libs\GCC\libemWin_nosnts_gcc.a(GUI_FillPolygon.o)
 .text.GL_FillPolygon
                0x1008382c      0x1d4 Generated_Source\PSoC6\pdl\middleware\emWin\libs\GCC\libemWin_nosnts_gcc.a(GUI_FillPolygon.o)
                0x1008382c                GL_FillPolygon
 .text.GUI_StoreKey
                0x10083a00       0x18 Generated_Source\PSoC6\pdl\middleware\emWin\libs\GCC\libemWin_nosnts_gcc.a(GUI_OnKey.o)
                0x10083a00                GUI_StoreKey
 .text.GUI_UC__GetCharCodeInc
                0x10083a18       0x28 Generated_Source\PSoC6\pdl\middleware\emWin\libs\GCC\libemWin_nosnts_gcc.a(GUI_UC.o)
                0x10083a18                GUI_UC__GetCharCodeInc
 .text.GUI_UC__NumChars2NumBytes
                0x10083a40       0x28 Generated_Source\PSoC6\pdl\middleware\emWin\libs\GCC\libemWin_nosnts_gcc.a(GUI_UC.o)
                0x10083a40                GUI_UC__NumChars2NumBytes
 .text._GetCharCode
                0x10083a68        0x4 Generated_Source\PSoC6\pdl\middleware\emWin\libs\GCC\libemWin_nosnts_gcc.a(GUI_UC_EncodeNone.o)
 .text._GetCharSize
                0x10083a6c        0x4 Generated_Source\PSoC6\pdl\middleware\emWin\libs\GCC\libemWin_nosnts_gcc.a(GUI_UC_EncodeNone.o)
 .text._CalcSizeOfChar
                0x10083a70        0x4 Generated_Source\PSoC6\pdl\middleware\emWin\libs\GCC\libemWin_nosnts_gcc.a(GUI_UC_EncodeNone.o)
 .text._Encode  0x10083a74        0x6 Generated_Source\PSoC6\pdl\middleware\emWin\libs\GCC\libemWin_nosnts_gcc.a(GUI_UC_EncodeNone.o)
 *fill*         0x10083a7a        0x2 
 .text.GUI_SignalEvent
                0x10083a7c       0x14 Generated_Source\PSoC6\pdl\middleware\emWin\libs\GCC\libemWin_nosnts_gcc.a(GUI_WaitEvent.o)
                0x10083a7c                GUI_SignalEvent
 .text.LCD_Color2Index_1
                0x10083a90       0x28 Generated_Source\PSoC6\pdl\middleware\emWin\libs\GCC\libemWin_nosnts_gcc.a(GUICC_1.o)
 .text._Index2Color_1
                0x10083ab8        0xc Generated_Source\PSoC6\pdl\middleware\emWin\libs\GCC\libemWin_nosnts_gcc.a(GUICC_1.o)
 .text._GetIndexMask_1
                0x10083ac4        0x4 Generated_Source\PSoC6\pdl\middleware\emWin\libs\GCC\libemWin_nosnts_gcc.a(GUICC_1.o)
 .text._SetPixelIndex
                0x10083ac8       0x80 Generated_Source\PSoC6\pdl\middleware\emWin\libs\GCC\libemWin_nosnts_gcc.a(GUIDRV_BitPlains.o)
 .text._GetPixelIndex
                0x10083b48       0x5c Generated_Source\PSoC6\pdl\middleware\emWin\libs\GCC\libemWin_nosnts_gcc.a(GUIDRV_BitPlains.o)
 .text._XorPixel
                0x10083ba4       0x24 Generated_Source\PSoC6\pdl\middleware\emWin\libs\GCC\libemWin_nosnts_gcc.a(GUIDRV_BitPlains.o)
 .text._DrawHLine
                0x10083bc8      0x2b0 Generated_Source\PSoC6\pdl\middleware\emWin\libs\GCC\libemWin_nosnts_gcc.a(GUIDRV_BitPlains.o)
 .text._FillRect
                0x10083e78       0x22 Generated_Source\PSoC6\pdl\middleware\emWin\libs\GCC\libemWin_nosnts_gcc.a(GUIDRV_BitPlains.o)
 .text._GetRect
                0x10083e9a       0x16 Generated_Source\PSoC6\pdl\middleware\emWin\libs\GCC\libemWin_nosnts_gcc.a(GUIDRV_BitPlains.o)
 .text._GetDevProp
                0x10083eb0       0x46 Generated_Source\PSoC6\pdl\middleware\emWin\libs\GCC\libemWin_nosnts_gcc.a(GUIDRV_BitPlains.o)
 *fill*         0x10083ef6        0x2 
 .text._GetDevFunc
                0x10083ef8       0x14 Generated_Source\PSoC6\pdl\middleware\emWin\libs\GCC\libemWin_nosnts_gcc.a(GUIDRV_BitPlains.o)
 .text._GetDevData
                0x10083f0c       0x38 Generated_Source\PSoC6\pdl\middleware\emWin\libs\GCC\libemWin_nosnts_gcc.a(GUIDRV_BitPlains.o)
 .text._Off     0x10083f44        0xe Generated_Source\PSoC6\pdl\middleware\emWin\libs\GCC\libemWin_nosnts_gcc.a(GUIDRV_BitPlains.o)
 .text._On      0x10083f52        0xe Generated_Source\PSoC6\pdl\middleware\emWin\libs\GCC\libemWin_nosnts_gcc.a(GUIDRV_BitPlains.o)
 .text._SetOrg  0x10083f60       0x22 Generated_Source\PSoC6\pdl\middleware\emWin\libs\GCC\libemWin_nosnts_gcc.a(GUIDRV_BitPlains.o)
 *fill*         0x10083f82        0x2 
 .text._DrawVLine
                0x10083f84       0x48 Generated_Source\PSoC6\pdl\middleware\emWin\libs\GCC\libemWin_nosnts_gcc.a(GUIDRV_BitPlains.o)
 .text._DrawBitmap
                0x10083fcc      0x8d8 Generated_Source\PSoC6\pdl\middleware\emWin\libs\GCC\libemWin_nosnts_gcc.a(GUIDRV_BitPlains.o)
 .text._InitOnce.isra.2
                0x100848a4       0x2c Generated_Source\PSoC6\pdl\middleware\emWin\libs\GCC\libemWin_nosnts_gcc.a(GUIDRV_BitPlains.o)
 .text._Init    0x100848d0       0x1a Generated_Source\PSoC6\pdl\middleware\emWin\libs\GCC\libemWin_nosnts_gcc.a(GUIDRV_BitPlains.o)
 .text._SetSize
                0x100848ea       0x3c Generated_Source\PSoC6\pdl\middleware\emWin\libs\GCC\libemWin_nosnts_gcc.a(GUIDRV_BitPlains.o)
 .text._SetVSize
                0x10084926       0x1c Generated_Source\PSoC6\pdl\middleware\emWin\libs\GCC\libemWin_nosnts_gcc.a(GUIDRV_BitPlains.o)
 .text._SetVRAMAddr
                0x10084942       0x40 Generated_Source\PSoC6\pdl\middleware\emWin\libs\GCC\libemWin_nosnts_gcc.a(GUIDRV_BitPlains.o)
 .text.GUIDRV_BitPlains_Config
                0x10084982       0x18 Generated_Source\PSoC6\pdl\middleware\emWin\libs\GCC\libemWin_nosnts_gcc.a(GUIDRV_BitPlains.o)
                0x10084982                GUIDRV_BitPlains_Config
 *fill*         0x1008499a        0x2 
 .text._SetDrawMode
                0x1008499c       0x28 Generated_Source\PSoC6\pdl\middleware\emWin\libs\GCC\libemWin_nosnts_gcc.a(LCD.o)
 .text.LCD_SetDrawMode
                0x100849c4       0x10 Generated_Source\PSoC6\pdl\middleware\emWin\libs\GCC\libemWin_nosnts_gcc.a(LCD.o)
                0x100849c4                LCD_SetDrawMode
 .text.LCD_DrawPixel
                0x100849d4       0x5c Generated_Source\PSoC6\pdl\middleware\emWin\libs\GCC\libemWin_nosnts_gcc.a(LCD.o)
                0x100849d4                LCD_DrawPixel
 .text.LCD_DrawHLine
                0x10084a30       0x4c Generated_Source\PSoC6\pdl\middleware\emWin\libs\GCC\libemWin_nosnts_gcc.a(LCD.o)
                0x10084a30                LCD_DrawHLine
 .text.LCD_DrawVLine
                0x10084a7c       0x4c Generated_Source\PSoC6\pdl\middleware\emWin\libs\GCC\libemWin_nosnts_gcc.a(LCD.o)
                0x10084a7c                LCD_DrawVLine
 .text.LCD_FillRect
                0x10084ac8       0x54 Generated_Source\PSoC6\pdl\middleware\emWin\libs\GCC\libemWin_nosnts_gcc.a(LCD.o)
                0x10084ac8                LCD_FillRect
 .text.LCD__DrawBitmap_1bpp
                0x10084b1c      0x1cc Generated_Source\PSoC6\pdl\middleware\emWin\libs\GCC\libemWin_nosnts_gcc.a(LCD.o)
                0x10084b1c                LCD__DrawBitmap_1bpp
 .text.LCD_DrawBitmap
                0x10084ce8      0x20c Generated_Source\PSoC6\pdl\middleware\emWin\libs\GCC\libemWin_nosnts_gcc.a(LCD.o)
                0x10084ce8                LCD_DrawBitmap
 .text.LCD_SetClipRectMax
                0x10084ef4       0x20 Generated_Source\PSoC6\pdl\middleware\emWin\libs\GCC\libemWin_nosnts_gcc.a(LCD.o)
                0x10084ef4                LCD_SetClipRectMax
 .text.LCD_Init
                0x10084f14       0x94 Generated_Source\PSoC6\pdl\middleware\emWin\libs\GCC\libemWin_nosnts_gcc.a(LCD.o)
                0x10084f14                LCD_Init
 .text.LCD_Color2Index
                0x10084fa8       0x20 Generated_Source\PSoC6\pdl\middleware\emWin\libs\GCC\libemWin_nosnts_gcc.a(LCD.o)
                0x10084fa8                LCD_Color2Index
 .text.LCD_Index2Color
                0x10084fc8       0x20 Generated_Source\PSoC6\pdl\middleware\emWin\libs\GCC\libemWin_nosnts_gcc.a(LCD.o)
                0x10084fc8                LCD_Index2Color
 .text.LCD_SetColorIndex
                0x10084fe8       0x18 Generated_Source\PSoC6\pdl\middleware\emWin\libs\GCC\libemWin_nosnts_gcc.a(LCD.o)
                0x10084fe8                LCD_SetColorIndex
 .text._SetColor
                0x10085000       0x1c Generated_Source\PSoC6\pdl\middleware\emWin\libs\GCC\libemWin_nosnts_gcc.a(LCD.o)
 .text.LCD_SetBkColorIndex
                0x1008501c       0x18 Generated_Source\PSoC6\pdl\middleware\emWin\libs\GCC\libemWin_nosnts_gcc.a(LCD.o)
                0x1008501c                LCD_SetBkColorIndex
 .text._SetBkColor
                0x10085034       0x1c Generated_Source\PSoC6\pdl\middleware\emWin\libs\GCC\libemWin_nosnts_gcc.a(LCD.o)
 .text.LCD_SetBkColor
                0x10085050       0x10 Generated_Source\PSoC6\pdl\middleware\emWin\libs\GCC\libemWin_nosnts_gcc.a(LCD.o)
                0x10085050                LCD_SetBkColor
 .text.LCD_SetColor
                0x10085060       0x10 Generated_Source\PSoC6\pdl\middleware\emWin\libs\GCC\libemWin_nosnts_gcc.a(LCD.o)
                0x10085060                LCD_SetColor
 .text._OnExit  0x10085070       0x1c Generated_Source\PSoC6\pdl\middleware\emWin\libs\GCC\libemWin_nosnts_gcc.a(LCD_Color.o)
 .text.LCD_InitColors
                0x1008508c       0x40 Generated_Source\PSoC6\pdl\middleware\emWin\libs\GCC\libemWin_nosnts_gcc.a(LCD_Color.o)
                0x1008508c                LCD_InitColors
 .text.LCD_GetpPalConvTableUncached
                0x100850cc       0x68 Generated_Source\PSoC6\pdl\middleware\emWin\libs\GCC\libemWin_nosnts_gcc.a(LCD_Color.o)
                0x100850cc                LCD_GetpPalConvTableUncached
 .text.LCD_GetpPalConvTableBM
                0x10085134        0x8 Generated_Source\PSoC6\pdl\middleware\emWin\libs\GCC\libemWin_nosnts_gcc.a(LCD_Color.o)
                0x10085134                LCD_GetpPalConvTableBM
 .text.LCD_InitLUT
                0x1008513c       0x7c Generated_Source\PSoC6\pdl\middleware\emWin\libs\GCC\libemWin_nosnts_gcc.a(LCD_Color.o)
                0x1008513c                LCD_InitLUT
 .text.LCD_GetBkColorIndex
                0x100851b8       0x10 Generated_Source\PSoC6\pdl\middleware\emWin\libs\GCC\libemWin_nosnts_gcc.a(LCD_GetColorIndex.o)
                0x100851b8                LCD_GetBkColorIndex
 .text.LCD_GetColorIndex
                0x100851c8       0x10 Generated_Source\PSoC6\pdl\middleware\emWin\libs\GCC\libemWin_nosnts_gcc.a(LCD_GetColorIndex.o)
                0x100851c8                LCD_GetColorIndex
 .text._GetDevProp.part.0
                0x100851d8       0x16 Generated_Source\PSoC6\pdl\middleware\emWin\libs\GCC\libemWin_nosnts_gcc.a(LCD_GetEx.o)
 .text._GetDevProp
                0x100851ee       0x12 Generated_Source\PSoC6\pdl\middleware\emWin\libs\GCC\libemWin_nosnts_gcc.a(LCD_GetEx.o)
 .text._GetMaxValue
                0x10085200       0x12 Generated_Source\PSoC6\pdl\middleware\emWin\libs\GCC\libemWin_nosnts_gcc.a(LCD_GetEx.o)
 .text.LCD_GetBitsPerPixelEx
                0x10085212        0xa Generated_Source\PSoC6\pdl\middleware\emWin\libs\GCC\libemWin_nosnts_gcc.a(LCD_GetEx.o)
                0x10085212                LCD_GetBitsPerPixelEx
 .text.LCD_GetNumColorsEx
                0x1008521c        0xa Generated_Source\PSoC6\pdl\middleware\emWin\libs\GCC\libemWin_nosnts_gcc.a(LCD_GetEx.o)
                0x1008521c                LCD_GetNumColorsEx
 .text.LCD_GetSwapXYEx
                0x10085226        0xa Generated_Source\PSoC6\pdl\middleware\emWin\libs\GCC\libemWin_nosnts_gcc.a(LCD_GetEx.o)
                0x10085226                LCD_GetSwapXYEx
 .text.LCD_GetNumColors
                0x10085230       0x14 Generated_Source\PSoC6\pdl\middleware\emWin\libs\GCC\libemWin_nosnts_gcc.a(LCD_GetEx.o)
                0x10085230                LCD_GetNumColors
 .text.LCD_GetSwapXY
                0x10085244       0x14 Generated_Source\PSoC6\pdl\middleware\emWin\libs\GCC\libemWin_nosnts_gcc.a(LCD_GetEx.o)
                0x10085244                LCD_GetSwapXY
 .text.GUI_GetBitsPerPixelEx
                0x10085258       0x18 Generated_Source\PSoC6\pdl\middleware\emWin\libs\GCC\libemWin_nosnts_gcc.a(LCD_GetEx.o)
                0x10085258                GUI_GetBitsPerPixelEx
 .text.LCD_GetPaletteEx
                0x10085270       0x14 Generated_Source\PSoC6\pdl\middleware\emWin\libs\GCC\libemWin_nosnts_gcc.a(LCD_GetEx.o)
                0x10085270                LCD_GetPaletteEx
 .text.LCD_GetPalette
                0x10085284       0x14 Generated_Source\PSoC6\pdl\middleware\emWin\libs\GCC\libemWin_nosnts_gcc.a(LCD_GetEx.o)
                0x10085284                LCD_GetPalette
 .text.GUI_GetpfIndex2ColorEx
                0x10085298       0x10 Generated_Source\PSoC6\pdl\middleware\emWin\libs\GCC\libemWin_nosnts_gcc.a(LCD_GetEx.o)
                0x10085298                GUI_GetpfIndex2ColorEx
 .text.GUI_GetpfColor2IndexEx
                0x100852a8       0x10 Generated_Source\PSoC6\pdl\middleware\emWin\libs\GCC\libemWin_nosnts_gcc.a(LCD_GetEx.o)
                0x100852a8                GUI_GetpfColor2IndexEx
 .text.LCD_GetXSizeMax
                0x100852b8        0xa Generated_Source\PSoC6\pdl\middleware\emWin\libs\GCC\libemWin_nosnts_gcc.a(LCD_GetEx.o)
                0x100852b8                LCD_GetXSizeMax
 .text.LCD_GetYSizeMax
                0x100852c2        0xa Generated_Source\PSoC6\pdl\middleware\emWin\libs\GCC\libemWin_nosnts_gcc.a(LCD_GetEx.o)
                0x100852c2                LCD_GetYSizeMax
 .text.LCD_SetDisplaySize
                0x100852cc        0xc Generated_Source\PSoC6\pdl\middleware\emWin\libs\GCC\libemWin_nosnts_gcc.a(LCD_GetEx.o)
                0x100852cc                LCD_SetDisplaySize
 .text.LCD_GetXSizeDisplay
                0x100852d8        0xc Generated_Source\PSoC6\pdl\middleware\emWin\libs\GCC\libemWin_nosnts_gcc.a(LCD_GetEx.o)
                0x100852d8                LCD_GetXSizeDisplay
 .text.LCD_GetYSizeDisplay
                0x100852e4        0xc Generated_Source\PSoC6\pdl\middleware\emWin\libs\GCC\libemWin_nosnts_gcc.a(LCD_GetEx.o)
                0x100852e4                LCD_GetYSizeDisplay
 .text.LCD__GetBPP
                0x100852f0       0x72 Generated_Source\PSoC6\pdl\middleware\emWin\libs\GCC\libemWin_nosnts_gcc.a(LCD_GetEx.o)
                0x100852f0                LCD__GetBPP
 .text.LCD__GetBPPDevice
                0x10085362       0x2a Generated_Source\PSoC6\pdl\middleware\emWin\libs\GCC\libemWin_nosnts_gcc.a(LCD_GetEx.o)
                0x10085362                LCD__GetBPPDevice
 .text.LCD_GetNumLayers
                0x1008538c        0xe Generated_Source\PSoC6\pdl\middleware\emWin\libs\GCC\libemWin_nosnts_gcc.a(LCD_GetNumDisplays.o)
                0x1008538c                LCD_GetNumLayers
 *fill*         0x1008539a        0x2 
 .text.LCD_SelectLCD
                0x1008539c       0x44 Generated_Source\PSoC6\pdl\middleware\emWin\libs\GCC\libemWin_nosnts_gcc.a(LCD_SelectLCD.o)
                0x1008539c                LCD_SelectLCD
 .text.LCD_SetLUTEntryEx
                0x100853e0       0x2e Generated_Source\PSoC6\pdl\middleware\emWin\libs\GCC\libemWin_nosnts_gcc.a(LCD_Set.o)
                0x100853e0                LCD_SetLUTEntryEx
 .text.LCD_SetSizeEx
                0x1008540e       0x2e Generated_Source\PSoC6\pdl\middleware\emWin\libs\GCC\libemWin_nosnts_gcc.a(LCD_Set.o)
                0x1008540e                LCD_SetSizeEx
 .text.LCD_SetVRAMAddrEx
                0x1008543c       0x2a Generated_Source\PSoC6\pdl\middleware\emWin\libs\GCC\libemWin_nosnts_gcc.a(LCD_Set.o)
                0x1008543c                LCD_SetVRAMAddrEx
 .text.LCD_SetVSizeEx
                0x10085466       0x2e Generated_Source\PSoC6\pdl\middleware\emWin\libs\GCC\libemWin_nosnts_gcc.a(LCD_Set.o)
                0x10085466                LCD_SetVSizeEx
 .text.LCD_UpdateColorIndices
                0x10085494       0x24 Generated_Source\PSoC6\pdl\middleware\emWin\libs\GCC\libemWin_nosnts_gcc.a(LCD_UpdateColorIndices.o)
                0x10085494                LCD_UpdateColorIndices
 .text._OnExit  0x100854b8       0x88 Generated_Source\PSoC6\pdl\middleware\emWin\libs\GCC\libemWin_nosnts_gcc.a(WM.o)
 .text._Findy1  0x10085540       0xb4 Generated_Source\PSoC6\pdl\middleware\emWin\libs\GCC\libemWin_nosnts_gcc.a(WM.o)
 .text._Findx0  0x100855f4       0x8a Generated_Source\PSoC6\pdl\middleware\emWin\libs\GCC\libemWin_nosnts_gcc.a(WM.o)
 .text._Findx1  0x1008567e       0x7c Generated_Source\PSoC6\pdl\middleware\emWin\libs\GCC\libemWin_nosnts_gcc.a(WM.o)
 *fill*         0x100856fa        0x2 
 .text.WM__ClipAtParentBorders
                0x100856fc       0x54 Generated_Source\PSoC6\pdl\middleware\emWin\libs\GCC\libemWin_nosnts_gcc.a(WM.o)
                0x100856fc                WM__ClipAtParentBorders
 .text.WM__InsertWindowIntoList
                0x10085750       0xaa Generated_Source\PSoC6\pdl\middleware\emWin\libs\GCC\libemWin_nosnts_gcc.a(WM.o)
                0x10085750                WM__InsertWindowIntoList
 .text.WM__Client2Screen
                0x100857fa       0x14 Generated_Source\PSoC6\pdl\middleware\emWin\libs\GCC\libemWin_nosnts_gcc.a(WM.o)
                0x100857fa                WM__Client2Screen
 *fill*         0x1008580e        0x2 
 .text._SetClipRectUserIntersect
                0x10085810       0x50 Generated_Source\PSoC6\pdl\middleware\emWin\libs\GCC\libemWin_nosnts_gcc.a(WM.o)
 .text.WM__ActivateClipRect
                0x10085860       0x50 Generated_Source\PSoC6\pdl\middleware\emWin\libs\GCC\libemWin_nosnts_gcc.a(WM.o)
                0x10085860                WM__ActivateClipRect
 .text.WM__InvalidateDrawAndDescs
                0x100858b0       0x54 Generated_Source\PSoC6\pdl\middleware\emWin\libs\GCC\libemWin_nosnts_gcc.a(WM.o)
                0x100858b0                WM__InvalidateDrawAndDescs
 .text.WM__RectIsNZ
                0x10085904       0x22 Generated_Source\PSoC6\pdl\middleware\emWin\libs\GCC\libemWin_nosnts_gcc.a(WM.o)
                0x10085904                WM__RectIsNZ
 *fill*         0x10085926        0x2 
 .text._Invalidate1Abs
                0x10085928       0x88 Generated_Source\PSoC6\pdl\middleware\emWin\libs\GCC\libemWin_nosnts_gcc.a(WM.o)
 .text.WM__Invalidate1Abs
                0x100859b0        0xa Generated_Source\PSoC6\pdl\middleware\emWin\libs\GCC\libemWin_nosnts_gcc.a(WM.o)
                0x100859b0                WM__Invalidate1Abs
 .text.WM_InvalidateWindowAndDescsEx
                0x100859ba       0x60 Generated_Source\PSoC6\pdl\middleware\emWin\libs\GCC\libemWin_nosnts_gcc.a(WM.o)
                0x100859ba                WM_InvalidateWindowAndDescsEx
 *fill*         0x10085a1a        0x2 
 .text.WM__InvalidateRect
                0x10085a1c       0x80 Generated_Source\PSoC6\pdl\middleware\emWin\libs\GCC\libemWin_nosnts_gcc.a(WM.o)
                0x10085a1c                WM__InvalidateRect
 .text.WM__InvalidateRectEx
                0x10085a9c        0xa Generated_Source\PSoC6\pdl\middleware\emWin\libs\GCC\libemWin_nosnts_gcc.a(WM.o)
                0x10085a9c                WM__InvalidateRectEx
 .text.WM__SendMsgNoData
                0x10085aa6       0x10 Generated_Source\PSoC6\pdl\middleware\emWin\libs\GCC\libemWin_nosnts_gcc.a(WM.o)
                0x10085aa6                WM__SendMsgNoData
 .text.WM__GetClientRectWin
                0x10085ab6       0x18 Generated_Source\PSoC6\pdl\middleware\emWin\libs\GCC\libemWin_nosnts_gcc.a(WM.o)
                0x10085ab6                WM__GetClientRectWin
 *fill*         0x10085ace        0x2 
 .text.WM_InvalidateRect
                0x10085ad0       0x80 Generated_Source\PSoC6\pdl\middleware\emWin\libs\GCC\libemWin_nosnts_gcc.a(WM.o)
                0x10085ad0                WM_InvalidateRect
 .text.WM_InvalidateWindow
                0x10085b50        0xa Generated_Source\PSoC6\pdl\middleware\emWin\libs\GCC\libemWin_nosnts_gcc.a(WM.o)
                0x10085b50                WM_InvalidateWindow
 *fill*         0x10085b5a        0x2 
 .text.WM_SelectWindow
                0x10085b5c       0x38 Generated_Source\PSoC6\pdl\middleware\emWin\libs\GCC\libemWin_nosnts_gcc.a(WM.o)
                0x10085b5c                WM_SelectWindow
 .text.WM_CreateWindowAsChild
                0x10085b94      0x144 Generated_Source\PSoC6\pdl\middleware\emWin\libs\GCC\libemWin_nosnts_gcc.a(WM.o)
                0x10085b94                WM_CreateWindowAsChild
 .text.WM_CreateWindow
                0x10085cd8       0x1a Generated_Source\PSoC6\pdl\middleware\emWin\libs\GCC\libemWin_nosnts_gcc.a(WM.o)
                0x10085cd8                WM_CreateWindow
 *fill*         0x10085cf2        0x2 
 .text.WM__GetNextIVR
                0x10085cf4      0x160 Generated_Source\PSoC6\pdl\middleware\emWin\libs\GCC\libemWin_nosnts_gcc.a(WM.o)
                0x10085cf4                WM__GetNextIVR
 .text.WM__InitIVRSearch
                0x10085e54      0x100 Generated_Source\PSoC6\pdl\middleware\emWin\libs\GCC\libemWin_nosnts_gcc.a(WM.o)
                0x10085e54                WM__InitIVRSearch
 .text.WM_Activate
                0x10085f54       0x10 Generated_Source\PSoC6\pdl\middleware\emWin\libs\GCC\libemWin_nosnts_gcc.a(WM.o)
                0x10085f54                WM_Activate
 .text.WM_DefaultProc
                0x10085f64       0x48 Generated_Source\PSoC6\pdl\middleware\emWin\libs\GCC\libemWin_nosnts_gcc.a(WM.o)
                0x10085f64                WM_DefaultProc
 .text._cbBackWin
                0x10085fac       0x44 Generated_Source\PSoC6\pdl\middleware\emWin\libs\GCC\libemWin_nosnts_gcc.a(WM.o)
 .text.WM_Init  0x10085ff0       0xa4 Generated_Source\PSoC6\pdl\middleware\emWin\libs\GCC\libemWin_nosnts_gcc.a(WM.o)
                0x10085ff0                WM_Init
 .text.WM__GetFirstSibling
                0x10086094       0x16 Generated_Source\PSoC6\pdl\middleware\emWin\libs\GCC\libemWin_nosnts_gcc.a(WM__Private.o)
                0x10086094                WM__GetFirstSibling
 .text.WM__GetPrevSibling
                0x100860aa       0x28 Generated_Source\PSoC6\pdl\middleware\emWin\libs\GCC\libemWin_nosnts_gcc.a(WM__Private.o)
                0x100860aa                WM__GetPrevSibling
 *fill*         0x100860d2        0x2 
 .text.WM__SendMessage
                0x100860d4       0x38 Generated_Source\PSoC6\pdl\middleware\emWin\libs\GCC\libemWin_nosnts_gcc.a(WM__Private.o)
                0x100860d4                WM__SendMessage
 .text.WM__AddCriticalHandle
                0x1008610c       0x10 Generated_Source\PSoC6\pdl\middleware\emWin\libs\GCC\libemWin_nosnts_gcc.a(WM__Private.o)
                0x1008610c                WM__AddCriticalHandle
 .text.WM__GetClientRectEx
                0x1008611c       0x20 Generated_Source\PSoC6\pdl\middleware\emWin\libs\GCC\libemWin_nosnts_gcc.a(WM__Private.o)
                0x1008611c                WM__GetClientRectEx
 .text.WM_GetDesktopWindow
                0x1008613c        0xc Generated_Source\PSoC6\pdl\middleware\emWin\libs\GCC\libemWin_nosnts_gcc.a(WM_Lib.o)
                0x1008613c                WM_GetDesktopWindow
 .text.WM_GetFirstChild
                0x10086148        0xe Generated_Source\PSoC6\pdl\middleware\emWin\libs\GCC\libemWin_nosnts_gcc.a(WM_Lib.o)
                0x10086148                WM_GetFirstChild
 .text.WM_GetParent
                0x10086156        0xe Generated_Source\PSoC6\pdl\middleware\emWin\libs\GCC\libemWin_nosnts_gcc.a(WM_Lib.o)
                0x10086156                WM_GetParent
 .text.WM_BringToBottom
                0x10086164       0x80 Generated_Source\PSoC6\pdl\middleware\emWin\libs\GCC\libemWin_nosnts_gcc.a(WM_Lib.o)
                0x10086164                WM_BringToBottom
 .text.WM_SendToParent
                0x100861e4       0x1a Generated_Source\PSoC6\pdl\middleware\emWin\libs\GCC\libemWin_nosnts_gcc.a(WM_Lib.o)
                0x100861e4                WM_SendToParent
 *fill*         0x100861fe        0x2 
 .text.GUI__ManageCacheEx
                0x10086200       0xe0 Generated_Source\PSoC6\pdl\middleware\emWin\libs\GCC\libemWin_nosnts_gcc.a(GUI__ManageCache.o)
                0x10086200                GUI__ManageCacheEx
 .text.GUI__ManageCache
                0x100862e0       0x14 Generated_Source\PSoC6\pdl\middleware\emWin\libs\GCC\libemWin_nosnts_gcc.a(GUI__ManageCache.o)
                0x100862e0                GUI__ManageCache
 .text.GUI__IntersectRect
                0x100862f4       0x3c Generated_Source\PSoC6\pdl\middleware\emWin\libs\GCC\libemWin_nosnts_gcc.a(GUI__Private.o)
                0x100862f4                GUI__IntersectRect
 .text.GUI__IntersectRects
                0x10086330       0x68 Generated_Source\PSoC6\pdl\middleware\emWin\libs\GCC\libemWin_nosnts_gcc.a(GUI__Private.o)
                0x10086330                GUI__IntersectRects
 .text.GUI_GetYAdjust
                0x10086398       0x2c Generated_Source\PSoC6\pdl\middleware\emWin\libs\GCC\libemWin_nosnts_gcc.a(GUI_Char.o)
                0x10086398                GUI_GetYAdjust
 .text.GUI_GetFontDistY
                0x100863c4       0x10 Generated_Source\PSoC6\pdl\middleware\emWin\libs\GCC\libemWin_nosnts_gcc.a(GUI_Char.o)
                0x100863c4                GUI_GetFontDistY
 .text.GUI_GetCharDistX
                0x100863d4       0x14 Generated_Source\PSoC6\pdl\middleware\emWin\libs\GCC\libemWin_nosnts_gcc.a(GUI_Char.o)
                0x100863d4                GUI_GetCharDistX
 .text.GUI_GetCharDistXEx
                0x100863e8       0x14 Generated_Source\PSoC6\pdl\middleware\emWin\libs\GCC\libemWin_nosnts_gcc.a(GUI_Char.o)
                0x100863e8                GUI_GetCharDistXEx
 .text._Log2VisBuffered
                0x100863fc        0x2 Generated_Source\PSoC6\pdl\middleware\emWin\libs\GCC\libemWin_nosnts_gcc.a(GUI_CharLine.o)
 *fill*         0x100863fe        0x2 
 .text._DispLine
                0x10086400       0x9c Generated_Source\PSoC6\pdl\middleware\emWin\libs\GCC\libemWin_nosnts_gcc.a(GUI_CharLine.o)
 .text.GUI__GetLineNumChars
                0x1008649c       0x3c Generated_Source\PSoC6\pdl\middleware\emWin\libs\GCC\libemWin_nosnts_gcc.a(GUI_CharLine.o)
                0x1008649c                GUI__GetLineNumChars
 .text.GUI__GetOverlap
                0x100864d8       0x18 Generated_Source\PSoC6\pdl\middleware\emWin\libs\GCC\libemWin_nosnts_gcc.a(GUI_CharLine.o)
                0x100864d8                GUI__GetOverlap
 .text.GUI__GetLineDistX
                0x100864f0       0x5c Generated_Source\PSoC6\pdl\middleware\emWin\libs\GCC\libemWin_nosnts_gcc.a(GUI_CharLine.o)
                0x100864f0                GUI__GetLineDistX
 .text.GUI__DispLine
                0x1008654c       0x9c Generated_Source\PSoC6\pdl\middleware\emWin\libs\GCC\libemWin_nosnts_gcc.a(GUI_CharLine.o)
                0x1008654c                GUI__DispLine
 .text.GL_DrawPoint
                0x100865e8       0x28 Generated_Source\PSoC6\pdl\middleware\emWin\libs\GCC\libemWin_nosnts_gcc.a(GUI_DrawLib.o)
                0x100865e8                GL_DrawPoint
 .text.GUI_SelectLayer
                0x10086610       0x28 Generated_Source\PSoC6\pdl\middleware\emWin\libs\GCC\libemWin_nosnts_gcc.a(GUI_SelectLayer.o)
                0x10086610                GUI_SelectLayer
 .text._GetIndexMask_0
                0x10086638       0x44 Generated_Source\PSoC6\pdl\middleware\emWin\libs\GCC\libemWin_nosnts_gcc.a(GUICC_0.o)
 .text._Index2Color_0
                0x1008667c       0x20 Generated_Source\PSoC6\pdl\middleware\emWin\libs\GCC\libemWin_nosnts_gcc.a(GUICC_0.o)
 .text._Color2Index_0
                0x1008669c       0x50 Generated_Source\PSoC6\pdl\middleware\emWin\libs\GCC\libemWin_nosnts_gcc.a(GUICC_0.o)
 .text.GUI_MEMDEV_GetBitsPerPixel
                0x100866ec       0x26 Generated_Source\PSoC6\pdl\middleware\emWin\libs\GCC\libemWin_nosnts_gcc.a(GUIDEV.o)
                0x100866ec                GUI_MEMDEV_GetBitsPerPixel
 *fill*         0x10086712        0x2 
 .text.GUI_MEMDEV_Delete
                0x10086714       0x40 Generated_Source\PSoC6\pdl\middleware\emWin\libs\GCC\libemWin_nosnts_gcc.a(GUIDEV.o)
                0x10086714                GUI_MEMDEV_Delete
 .text._GetDevData
                0x10086754       0x10 Generated_Source\PSoC6\pdl\middleware\emWin\libs\GCC\libemWin_nosnts_gcc.a(GUIDEV_1.o)
 .text._GetDevFunc
                0x10086764       0x10 Generated_Source\PSoC6\pdl\middleware\emWin\libs\GCC\libemWin_nosnts_gcc.a(GUIDEV_1.o)
 .text._SetOrg  0x10086774        0xc Generated_Source\PSoC6\pdl\middleware\emWin\libs\GCC\libemWin_nosnts_gcc.a(GUIDEV_1.o)
 .text._GetDevProp
                0x10086780        0xc Generated_Source\PSoC6\pdl\middleware\emWin\libs\GCC\libemWin_nosnts_gcc.a(GUIDEV_1.o)
 .text._GetRect
                0x1008678c       0x30 Generated_Source\PSoC6\pdl\middleware\emWin\libs\GCC\libemWin_nosnts_gcc.a(GUIDEV_1.o)
 .text._XY2PTR_BITOFFSET
                0x100867bc       0x44 Generated_Source\PSoC6\pdl\middleware\emWin\libs\GCC\libemWin_nosnts_gcc.a(GUIDEV_1.o)
 .text._GetPixelIndex
                0x10086800       0x18 Generated_Source\PSoC6\pdl\middleware\emWin\libs\GCC\libemWin_nosnts_gcc.a(GUIDEV_1.o)
 .text._XorPixel
                0x10086818       0x58 Generated_Source\PSoC6\pdl\middleware\emWin\libs\GCC\libemWin_nosnts_gcc.a(GUIDEV_1.o)
 .text._SetPixelIndex
                0x10086870       0x60 Generated_Source\PSoC6\pdl\middleware\emWin\libs\GCC\libemWin_nosnts_gcc.a(GUIDEV_1.o)
 .text._DrawVLine
                0x100868d0       0xb8 Generated_Source\PSoC6\pdl\middleware\emWin\libs\GCC\libemWin_nosnts_gcc.a(GUIDEV_1.o)
 .text._FillRect
                0x10086988      0x158 Generated_Source\PSoC6\pdl\middleware\emWin\libs\GCC\libemWin_nosnts_gcc.a(GUIDEV_1.o)
 .text._DrawHLine
                0x10086ae0        0xa Generated_Source\PSoC6\pdl\middleware\emWin\libs\GCC\libemWin_nosnts_gcc.a(GUIDEV_1.o)
 *fill*         0x10086aea        0x2 
 .text._DrawBitmap
                0x10086aec      0x614 Generated_Source\PSoC6\pdl\middleware\emWin\libs\GCC\libemWin_nosnts_gcc.a(GUIDEV_1.o)
 .text._GetDevData
                0x10087100       0x10 Generated_Source\PSoC6\pdl\middleware\emWin\libs\GCC\libemWin_nosnts_gcc.a(GUIDEV_8.o)
 .text._GetDevFunc
                0x10087110       0x10 Generated_Source\PSoC6\pdl\middleware\emWin\libs\GCC\libemWin_nosnts_gcc.a(GUIDEV_8.o)
 .text._SetOrg  0x10087120       0x10 Generated_Source\PSoC6\pdl\middleware\emWin\libs\GCC\libemWin_nosnts_gcc.a(GUIDEV_8.o)
 .text._GetRect
                0x10087130       0x30 Generated_Source\PSoC6\pdl\middleware\emWin\libs\GCC\libemWin_nosnts_gcc.a(GUIDEV_8.o)
 .text._XY2PTR  0x10087160       0x38 Generated_Source\PSoC6\pdl\middleware\emWin\libs\GCC\libemWin_nosnts_gcc.a(GUIDEV_8.o)
 .text._GetPixelIndex
                0x10087198        0xe Generated_Source\PSoC6\pdl\middleware\emWin\libs\GCC\libemWin_nosnts_gcc.a(GUIDEV_8.o)
 *fill*         0x100871a6        0x2 
 .text._XorPixel
                0x100871a8       0x54 Generated_Source\PSoC6\pdl\middleware\emWin\libs\GCC\libemWin_nosnts_gcc.a(GUIDEV_8.o)
 .text._SetPixelIndex
                0x100871fc       0x48 Generated_Source\PSoC6\pdl\middleware\emWin\libs\GCC\libemWin_nosnts_gcc.a(GUIDEV_8.o)
 .text._DrawVLine
                0x10087244       0xbc Generated_Source\PSoC6\pdl\middleware\emWin\libs\GCC\libemWin_nosnts_gcc.a(GUIDEV_8.o)
 .text._FillRect
                0x10087300       0xb0 Generated_Source\PSoC6\pdl\middleware\emWin\libs\GCC\libemWin_nosnts_gcc.a(GUIDEV_8.o)
 .text._DrawHLine
                0x100873b0        0xa Generated_Source\PSoC6\pdl\middleware\emWin\libs\GCC\libemWin_nosnts_gcc.a(GUIDEV_8.o)
 *fill*         0x100873ba        0x2 
 .text._DrawBitmap
                0x100873bc      0x688 Generated_Source\PSoC6\pdl\middleware\emWin\libs\GCC\libemWin_nosnts_gcc.a(GUIDEV_8.o)
 .text._GetDevProp
                0x10087a44       0x1e Generated_Source\PSoC6\pdl\middleware\emWin\libs\GCC\libemWin_nosnts_gcc.a(GUIDEV_8.o)
 .text.GUI_USAGE_DecUseCnt
                0x10087a62       0x24 Generated_Source\PSoC6\pdl\middleware\emWin\libs\GCC\libemWin_nosnts_gcc.a(GUIDEV_Usage.o)
                0x10087a62                GUI_USAGE_DecUseCnt
 .text.GUI_USAGE_AddRect
                0x10087a86       0x26 Generated_Source\PSoC6\pdl\middleware\emWin\libs\GCC\libemWin_nosnts_gcc.a(GUIDEV_Usage.o)
                0x10087a86                GUI_USAGE_AddRect
 .text._Convert16
                0x10087aac       0x34 Generated_Source\PSoC6\pdl\middleware\emWin\libs\GCC\libemWin_nosnts_gcc.a(GUIDEV_WriteToActiveOpaque.o)
 .text._Convert8
                0x10087ae0       0x34 Generated_Source\PSoC6\pdl\middleware\emWin\libs\GCC\libemWin_nosnts_gcc.a(GUIDEV_WriteToActiveOpaque.o)
 .text.GUI_MEMDEV__WriteToActiveOpaque
                0x10087b14      0x714 Generated_Source\PSoC6\pdl\middleware\emWin\libs\GCC\libemWin_nosnts_gcc.a(GUIDEV_WriteToActiveOpaque.o)
                0x10087b14                GUI_MEMDEV__WriteToActiveOpaque
 .text.LCD_SetClipRectEx
                0x10088228       0x30 Generated_Source\PSoC6\pdl\middleware\emWin\libs\GCC\libemWin_nosnts_gcc.a(LCD_SetClipRectEx.o)
                0x10088228                LCD_SetClipRectEx
 .text.GUI__CompactPixelIndices
                0x10088258      0x14a Generated_Source\PSoC6\pdl\middleware\emWin\libs\GCC\libemWin_nosnts_gcc.a(GUI__CompactPixelIndices.o)
                0x10088258                GUI__CompactPixelIndices
 *fill*         0x100883a2        0x2 
 .text.GL_FillCircle
                0x100883a4       0xcc Generated_Source\PSoC6\pdl\middleware\emWin\libs\GCC\libemWin_nosnts_gcc.a(GUI_Circ.o)
                0x100883a4                GL_FillCircle
 .text.GUI_MEMDEV_GetDataPtr
                0x10088470       0x1c Generated_Source\PSoC6\pdl\middleware\emWin\libs\GCC\libemWin_nosnts_gcc.a(GUIDEV_GetDataPtr.o)
                0x10088470                GUI_MEMDEV_GetDataPtr
 .text          0x1008848c       0x14 c:/program files (x86)/cypress/psoc creator/4.4/psoc creator/import/gnu/arm/5.4.1/bin/../lib/gcc/arm-none-eabi/5.4.1/armv7e-m/softfp\libgcc.a(_thumb1_case_uqi.o)
                0x1008848c                __gnu_thumb1_case_uqi
 .text          0x100884a0       0x14 c:/program files (x86)/cypress/psoc creator/4.4/psoc creator/import/gnu/arm/5.4.1/bin/../lib/gcc/arm-none-eabi/5.4.1/armv7e-m/softfp\libgcc.a(_thumb1_case_uhi.o)
                0x100884a0                __gnu_thumb1_case_uhi
 .text          0x100884b4       0x24 c:/program files (x86)/cypress/psoc creator/4.4/psoc creator/import/gnu/arm/5.4.1/bin/../lib/gcc/arm-none-eabi/5.4.1/armv7e-m/softfp\libgcc.a(_udivsi3.o)
                0x100884b4                __aeabi_uidiv
                0x100884b4                __udivsi3
                0x100884c8                __aeabi_uidivmod
 .text          0x100884d8       0x2c c:/program files (x86)/cypress/psoc creator/4.4/psoc creator/import/gnu/arm/5.4.1/bin/../lib/gcc/arm-none-eabi/5.4.1/armv7e-m/softfp\libgcc.a(_divsi3.o)
                0x100884d8                __divsi3
                0x100884d8                __aeabi_idiv
                0x100884f4                __aeabi_idivmod
 .text          0x10088504        0x4 c:/program files (x86)/cypress/psoc creator/4.4/psoc creator/import/gnu/arm/5.4.1/bin/../lib/gcc/arm-none-eabi/5.4.1/armv7e-m/softfp\libgcc.a(_dvmd_tls.o)
                0x10088504                __aeabi_idiv0
                0x10088504                __aeabi_ldiv0
 .text.memcpy   0x10088508       0x16 c:/program files (x86)/cypress/psoc creator/4.4/psoc creator/import/gnu/arm/5.4.1/bin/../lib/gcc/arm-none-eabi/5.4.1/../../../../arm-none-eabi/lib/armv7e-m/softfp\libg_nano.a(lib_a-memcpy-stub.o)
                0x10088508                memcpy
 .text.memmove  0x1008851e       0x36 c:/program files (x86)/cypress/psoc creator/4.4/psoc creator/import/gnu/arm/5.4.1/bin/../lib/gcc/arm-none-eabi/5.4.1/../../../../arm-none-eabi/lib/armv7e-m/softfp\libg_nano.a(lib_a-memmove.o)
                0x1008851e                memmove
 .text.memset   0x10088554       0x10 c:/program files (x86)/cypress/psoc creator/4.4/psoc creator/import/gnu/arm/5.4.1/bin/../lib/gcc/arm-none-eabi/5.4.1/../../../../arm-none-eabi/lib/armv7e-m/softfp\libg_nano.a(lib_a-memset.o)
                0x10088554                memset
 .text.sprintf  0x10088564       0x48 c:/program files (x86)/cypress/psoc creator/4.4/psoc creator/import/gnu/arm/5.4.1/bin/../lib/gcc/arm-none-eabi/5.4.1/../../../../arm-none-eabi/lib/armv7e-m/softfp\libg_nano.a(lib_a-sprintf.o)
                0x10088564                siprintf
                0x10088564                sprintf
 .text.strncpy  0x100885ac       0x26 c:/program files (x86)/cypress/psoc creator/4.4/psoc creator/import/gnu/arm/5.4.1/bin/../lib/gcc/arm-none-eabi/5.4.1/../../../../arm-none-eabi/lib/armv7e-m/softfp\libg_nano.a(lib_a-strncpy.o)
                0x100885ac                strncpy
 .text.__ssputs_r
                0x100885d2       0xb2 c:/program files (x86)/cypress/psoc creator/4.4/psoc creator/import/gnu/arm/5.4.1/bin/../lib/gcc/arm-none-eabi/5.4.1/../../../../arm-none-eabi/lib/armv7e-m/softfp\libg_nano.a(lib_a-nano-svfprintf.o)
                0x100885d2                __ssputs_r
 .text._svfprintf_r
                0x10088684      0x1e8 c:/program files (x86)/cypress/psoc creator/4.4/psoc creator/import/gnu/arm/5.4.1/bin/../lib/gcc/arm-none-eabi/5.4.1/../../../../arm-none-eabi/lib/armv7e-m/softfp\libg_nano.a(lib_a-nano-svfprintf.o)
                0x10088684                _svfiprintf_r
                0x10088684                _svfprintf_r
 .text._printf_common
                0x1008886c       0xec c:/program files (x86)/cypress/psoc creator/4.4/psoc creator/import/gnu/arm/5.4.1/bin/../lib/gcc/arm-none-eabi/5.4.1/../../../../arm-none-eabi/lib/armv7e-m/softfp\libg_nano.a(lib_a-nano-vfprintf_i.o)
                0x1008886c                _printf_common
 .text._printf_i
                0x10088958      0x24c c:/program files (x86)/cypress/psoc creator/4.4/psoc creator/import/gnu/arm/5.4.1/bin/../lib/gcc/arm-none-eabi/5.4.1/../../../../arm-none-eabi/lib/armv7e-m/softfp\libg_nano.a(lib_a-nano-vfprintf_i.o)
                0x10088958                _printf_i
 *fill*         0x10088ba4        0xc 
 .text          0x10088bb0       0xa0 c:/program files (x86)/cypress/psoc creator/4.4/psoc creator/import/gnu/arm/5.4.1/bin/../lib/gcc/arm-none-eabi/5.4.1/../../../../arm-none-eabi/lib/armv7e-m/softfp\libg_nano.a(lib_a-memchr.o)
                0x10088bb0                memchr
 .text._free_r  0x10088c50       0x9c c:/program files (x86)/cypress/psoc creator/4.4/psoc creator/import/gnu/arm/5.4.1/bin/../lib/gcc/arm-none-eabi/5.4.1/../../../../arm-none-eabi/lib/armv7e-m/softfp\libg_nano.a(lib_a-nano-freer.o)
                0x10088c50                _free_r
 .text._malloc_r
                0x10088cec       0xbc c:/program files (x86)/cypress/psoc creator/4.4/psoc creator/import/gnu/arm/5.4.1/bin/../lib/gcc/arm-none-eabi/5.4.1/../../../../arm-none-eabi/lib/armv7e-m/softfp\libg_nano.a(lib_a-nano-mallocr.o)
                0x10088cec                _malloc_r
 .text._realloc_r
                0x10088da8       0x4c c:/program files (x86)/cypress/psoc creator/4.4/psoc creator/import/gnu/arm/5.4.1/bin/../lib/gcc/arm-none-eabi/5.4.1/../../../../arm-none-eabi/lib/armv7e-m/softfp\libg_nano.a(lib_a-nano-reallocr.o)
                0x10088da8                _realloc_r
 .text._sbrk_r  0x10088df4       0x20 c:/program files (x86)/cypress/psoc creator/4.4/psoc creator/import/gnu/arm/5.4.1/bin/../lib/gcc/arm-none-eabi/5.4.1/../../../../arm-none-eabi/lib/armv7e-m/softfp\libg_nano.a(lib_a-sbrkr.o)
                0x10088df4                _sbrk_r
 .text.__malloc_lock
                0x10088e14        0x2 c:/program files (x86)/cypress/psoc creator/4.4/psoc creator/import/gnu/arm/5.4.1/bin/../lib/gcc/arm-none-eabi/5.4.1/../../../../arm-none-eabi/lib/armv7e-m/softfp\libg_nano.a(lib_a-mlock.o)
                0x10088e14                __malloc_lock
 .text.__malloc_unlock
                0x10088e16        0x2 c:/program files (x86)/cypress/psoc creator/4.4/psoc creator/import/gnu/arm/5.4.1/bin/../lib/gcc/arm-none-eabi/5.4.1/../../../../arm-none-eabi/lib/armv7e-m/softfp\libg_nano.a(lib_a-mlock.o)
                0x10088e16                __malloc_unlock
 .text._malloc_usable_size_r
                0x10088e18       0x14 c:/program files (x86)/cypress/psoc creator/4.4/psoc creator/import/gnu/arm/5.4.1/bin/../lib/gcc/arm-none-eabi/5.4.1/../../../../arm-none-eabi/lib/armv7e-m/softfp\libg_nano.a(lib_a-nano-msizer.o)
                0x10088e18                _malloc_usable_size_r
 .text._sbrk    0x10088e2c       0x1c c:/program files (x86)/cypress/psoc creator/4.4/psoc creator/import/gnu/arm/5.4.1/bin/../lib/gcc/arm-none-eabi/5.4.1/../../../../arm-none-eabi/lib/armv7e-m/softfp\libnosys.a(sbrk.o)
                0x10088e2c                _sbrk
 *(.init)
 .init          0x10088e48        0x4 c:/program files (x86)/cypress/psoc creator/4.4/psoc creator/import/gnu/arm/5.4.1/bin/../lib/gcc/arm-none-eabi/5.4.1/armv7e-m/softfp/crti.o
                0x10088e48                _init
 .init          0x10088e4c        0x8 c:/program files (x86)/cypress/psoc creator/4.4/psoc creator/import/gnu/arm/5.4.1/bin/../lib/gcc/arm-none-eabi/5.4.1/armv7e-m/softfp/crtn.o
 *(.fini)
 .fini          0x10088e54        0x4 c:/program files (x86)/cypress/psoc creator/4.4/psoc creator/import/gnu/arm/5.4.1/bin/../lib/gcc/arm-none-eabi/5.4.1/armv7e-m/softfp/crti.o
                0x10088e54                _fini
 .fini          0x10088e58        0x8 c:/program files (x86)/cypress/psoc creator/4.4/psoc creator/import/gnu/arm/5.4.1/bin/../lib/gcc/arm-none-eabi/5.4.1/armv7e-m/softfp/crtn.o
 *crtbegin.o(.ctors)
 *crtbegin?.o(.ctors)
 *(EXCLUDE_FILE(*crtend.o *crtend?.o) .ctors)
 *(SORT(.ctors.*))
 *(.ctors)
 *crtbegin.o(.dtors)
 *crtbegin?.o(.dtors)
 *(EXCLUDE_FILE(*crtend.o *crtend?.o) .dtors)
 *(SORT(.dtors.*))
 *(.dtors)
 *(.rodata .rodata.* .constdata .constdata.* .conststring .conststring.*)
 .rodata.str1.4
                0x10088e60       0x4b .\CortexM4\ARM_GCC_541\Debug\main_cm4.o
 *fill*         0x10088eab        0x1 
 .rodata        0x10088eac       0x34 .\CortexM4\ARM_GCC_541\Debug\system_psoc6_cm4.o
 .rodata        0x10088ee0        0xc .\CortexM4\ARM_GCC_541\Debug\pervasive_eink_hardware_driver.o
                0x10088ee0                channelSelect
                0x10088ee8                scanTable
 .rodata.str1.4
                0x10088eec       0x3f .\CortexM4\ARM_GCC_541\Debug\cy_eink_psoc_interface.o
 *fill*         0x10088f2b        0x1 
 .rodata.str1.4
                0x10088f2c        0x8 .\CortexM4\ARM_GCC_541\Debug\GUI_X.o
 .rodata        0x10088f34       0x34 .\CortexM4\ARM_GCC_541\Debug\CY_EINK_SPIM.o
                0x10088f34                CY_EINK_SPIM_config
 .rodata        0x10088f68       0x4c .\CortexM4\ARM_GCC_541\Debug\CY_EINK_Timer.o
                0x10088f68                CY_EINK_Timer_config
 .rodata.str1.4
                0x10088fb4       0x3f .\CortexM4\ARM_GCC_541\Debug\cy_flash.o
 *fill*         0x10088ff3        0x1 
 .rodata.str1.4
                0x10088ff4       0x7f .\CortexM4\ARM_GCC_541\Debug\cy_ipc_drv.o
 .rodata.str1.4
                0x10089073       0x3f .\CortexM4\ARM_GCC_541\Debug\cy_ipc_sema.o
 *fill*         0x10089073        0x1 
 .rodata.str1.4
                0x10089074       0x40 .\CortexM4\ARM_GCC_541\Debug\cy_ipc_pipe.o
                                 0x7f (size before relaxing)
 .rodata.str1.4
                0x100890b4       0x83 .\CortexM4\ARM_GCC_541\Debug\cy_scb_spi.o
 *fill*         0x10089137        0x1 
 .rodata.str1.4
                0x10089138       0x44 .\CortexM4\ARM_GCC_541\Debug\cy_sysint.o
                                 0x41 (size before relaxing)
 .rodata        0x1008917c      0x170 .\CortexM4\ARM_GCC_541\Debug\cy_device.o
                0x1008917c                cy_deviceIpBlockCfgPSoC6_02
                0x10089234                cy_deviceIpBlockCfgPSoC6_01
 .rodata        0x100892ec      0x638 Generated_Source\PSoC6\pdl\middleware\emWin\libs\GCC\libemWin_nosnts_gcc.a(F08_1.o)
                0x100892ec                GUI_Font8_1
 .rodata        0x10089924      0x620 Generated_Source\PSoC6\pdl\middleware\emWin\libs\GCC\libemWin_nosnts_gcc.a(F08_ASCII.o)
                0x10089924                GUI_Font8_ASCII
                0x10089948                GUI_Font8ASCII_Prop
 .rodata        0x10089f44      0x73c Generated_Source\PSoC6\pdl\middleware\emWin\libs\GCC\libemWin_nosnts_gcc.a(F6x8.o)
                0x10089f44                GUI_Font6x9
                0x10089f68                GUI_Font6x8
 .rodata        0x1008a680        0x8 Generated_Source\PSoC6\pdl\middleware\emWin\libs\GCC\libemWin_nosnts_gcc.a(GUI_Core.o)
 .rodata.str1.1
                0x1008a688       0x14 Generated_Source\PSoC6\pdl\middleware\emWin\libs\GCC\libemWin_nosnts_gcc.a(GUI_Core.o)
 .rodata        0x1008a69c       0x44 Generated_Source\PSoC6\pdl\middleware\emWin\libs\GCC\libemWin_nosnts_gcc.a(GUI_DrawLine.o)
                0x1008a6be                aTan
 .rodata        0x1008a6e0       0x10 Generated_Source\PSoC6\pdl\middleware\emWin\libs\GCC\libemWin_nosnts_gcc.a(GUI_UC_EncodeNone.o)
                0x1008a6e0                GUI_UC_None
 .rodata        0x1008a6f0       0x18 Generated_Source\PSoC6\pdl\middleware\emWin\libs\GCC\libemWin_nosnts_gcc.a(GUICC_1.o)
                0x1008a6f0                LCD_API_ColorConv_1
 .rodata        0x1008a708       0x50 Generated_Source\PSoC6\pdl\middleware\emWin\libs\GCC\libemWin_nosnts_gcc.a(GUIDRV_BitPlains.o)
                0x1008a724                GUIDRV_BitPlains_API
 .rodata        0x1008a758        0xc Generated_Source\PSoC6\pdl\middleware\emWin\libs\GCC\libemWin_nosnts_gcc.a(LCD.o)
 .rodata        0x1008a764       0x18 Generated_Source\PSoC6\pdl\middleware\emWin\libs\GCC\libemWin_nosnts_gcc.a(GUICC_0.o)
                0x1008a764                LCD_API_ColorConv_0
 .rodata        0x1008a77c       0x74 Generated_Source\PSoC6\pdl\middleware\emWin\libs\GCC\libemWin_nosnts_gcc.a(GUIDEV_1.o)
                0x1008a77c                GUI_MEMDEV_DEVICE_1
 .rodata        0x1008a7f0       0x74 Generated_Source\PSoC6\pdl\middleware\emWin\libs\GCC\libemWin_nosnts_gcc.a(GUIDEV_8.o)
                0x1008a7f0                GUI_MEMDEV_DEVICE_8
 .rodata        0x1008a864      0x100 Generated_Source\PSoC6\pdl\middleware\emWin\libs\GCC\libemWin_nosnts_gcc.a(LCD_Mirror.o)
                0x1008a864                LCD_aMirror
 .rodata.str1.1
                0x1008a964        0x2 c:/program files (x86)/cypress/psoc creator/4.4/psoc creator/import/gnu/arm/5.4.1/bin/../lib/gcc/arm-none-eabi/5.4.1/../../../../arm-none-eabi/lib/armv7e-m/softfp\libg_nano.a(lib_a-impure.o)
 .rodata.str1.1
                0x1008a966       0x11 c:/program files (x86)/cypress/psoc creator/4.4/psoc creator/import/gnu/arm/5.4.1/bin/../lib/gcc/arm-none-eabi/5.4.1/../../../../arm-none-eabi/lib/armv7e-m/softfp\libg_nano.a(lib_a-nano-svfprintf.o)
 .rodata.str1.1
                0x1008a977       0x22 c:/program files (x86)/cypress/psoc creator/4.4/psoc creator/import/gnu/arm/5.4.1/bin/../lib/gcc/arm-none-eabi/5.4.1/../../../../arm-none-eabi/lib/armv7e-m/softfp\libg_nano.a(lib_a-nano-vfprintf_i.o)
 *(.eh_frame*)
 *fill*         0x1008a999        0x3 
 .eh_frame      0x1008a99c        0x0 c:/program files (x86)/cypress/psoc creator/4.4/psoc creator/import/gnu/arm/5.4.1/bin/../lib/gcc/arm-none-eabi/5.4.1/armv7e-m/softfp/crtbegin.o
 .eh_frame      0x1008a99c        0x4 c:/program files (x86)/cypress/psoc creator/4.4/psoc creator/import/gnu/arm/5.4.1/bin/../lib/gcc/arm-none-eabi/5.4.1/armv7e-m/softfp/crtend.o

.glue_7         0x1008a9a0        0x0
 .glue_7        0x1008a9a0        0x0 linker stubs

.glue_7t        0x1008a9a0        0x0
 .glue_7t       0x1008a9a0        0x0 linker stubs

.vfp11_veneer   0x1008a9a0        0x0
 .vfp11_veneer  0x1008a9a0        0x0 linker stubs

.v4_bx          0x1008a9a0        0x0
 .v4_bx         0x1008a9a0        0x0 linker stubs

.iplt           0x1008a9a0        0x0
 .iplt          0x1008a9a0        0x0 c:/program files (x86)/cypress/psoc creator/4.4/psoc creator/import/gnu/arm/5.4.1/bin/../lib/gcc/arm-none-eabi/5.4.1/armv7e-m/softfp/crtbegin.o

.ARM.extab
 *(.ARM.extab* .gnu.linkonce.armextab.*)
                0x1008a9a0                __exidx_start = .

.ARM.exidx
 *(.ARM.exidx* .gnu.linkonce.armexidx.*)
                0x1008a9a0                __exidx_end = .

.copy.table     0x1008a9a0       0x18
                0x1008a9a0                . = ALIGN (0x4)
                0x1008a9a0                __copy_table_start__ = .
                0x1008a9a0        0x4 LONG 0x10080000 __Vectors
                0x1008a9a4        0x4 LONG 0x8024000 __ram_vectors_start__
                0x1008a9a8        0x4 LONG 0x28c (__Vectors_End - __Vectors)
                0x1008a9ac        0x4 LONG 0x1008a9c0 __etext
                0x1008a9b0        0x4 LONG 0x802428c __data_start__
                0x1008a9b4        0x4 LONG 0xbb4 (__data_end__ - __data_start__)
                0x1008a9b8                __copy_table_end__ = .

.zero.table     0x1008a9b8        0x8
                0x1008a9b8                . = ALIGN (0x4)
                0x1008a9b8                __zero_table_start__ = .
                0x1008a9b8        0x4 LONG 0x8024ed4 __bss_start__
                0x1008a9bc        0x4 LONG 0x8394 (__bss_end__ - __bss_start__)
                0x1008a9c0                __zero_table_end__ = .
                0x1008a9c0                __etext = .

.ramVectors     0x08024000      0x28c
                0x08024000                __ram_vectors_start__ = .
 *(.ram_vectors)
 .ram_vectors   0x08024000      0x28c .\CortexM4\ARM_GCC_541\Debug\startup_psoc6_01_cm4.o
                0x08024000                __ramVectors
                0x0802428c                __ram_vectors_end__ = .

.data           0x0802428c      0xbb4 load address 0x1008a9c0